Product: ADR ON ALIBABA GROUP HOLDING
--- Transactions ---
BUY id=0 date=2021-11-22 qty=12.0 price=140.0
SELL id=0 date=2022-11-07 qty=12.0 price=69.08
  MATCH sell_id=0 buy_id=0 take=12.0 buy_price=140.0 sell_price=69.08 realized=-851.04
BUY id=1 date=2024-04-18 qty=10.0 price=64.8
--- Matrix (rows=buys, cols=sells) ---
BUY 0 -> 12
BUY 1 -> 0
--- Sale profits ---
SALE id=0 date=2022-11-07 profit=-851.04

Product: ADVANCED MICRO DEVICES INC
--- Transactions ---
BUY id=0 date=2025-03-06 qty=223.0 price=92.12
BUY id=1 date=2025-03-06 qty=23.0 price=92.61
BUY id=2 date=2025-03-06 qty=4.0 price=91.61
BUY id=3 date=2025-03-07 qty=6.0 price=89.72
BUY id=4 date=2025-04-04 qty=250.0 price=80.5
SELL id=0 date=2025-04-04 qty=256.0 price=80.07
  MATCH sell_id=0 buy_id=0 take=223.0 buy_price=92.12 sell_price=80.07 realized=-2687.1500000000024
  MATCH sell_id=0 buy_id=1 take=23.0 buy_price=92.61 sell_price=80.07 realized=-288.42000000000013
  MATCH sell_id=0 buy_id=2 take=4.0 buy_price=91.61 sell_price=80.07 realized=-46.160000000000025
  MATCH sell_id=0 buy_id=3 take=6.0 buy_price=89.72 sell_price=80.07 realized=-57.900000000000034
BUY id=5 date=2025-11-25 qty=70.0 price=170.6
BUY id=6 date=2025-11-25 qty=20.0 price=174.78
BUY id=7 date=2025-11-25 qty=50.0 price=180.5
--- Matrix (rows=buys, cols=sells) ---
BUY 0 -> 223
BUY 1 -> 23
BUY 2 -> 4
BUY 3 -> 6
BUY 4 -> 0
BUY 5 -> 0
BUY 6 -> 0
BUY 7 -> 0
--- Sale profits ---
SALE id=0 date=2025-04-04 profit=-3079.6300000000024

Product: ALSTRIA OFFICE REIT AG
--- Transactions ---
BUY id=0 date=2020-08-13 qty=75.0 price=12.84
SELL id=0 date=2020-11-16 qty=75.0 price=13.7
  MATCH sell_id=0 buy_id=0 take=75.0 buy_price=12.84 sell_price=13.7 realized=64.49999999999996
--- Matrix (rows=buys, cols=sells) ---
BUY 0 -> 75
--- Sale profits ---
SALE id=0 date=2020-11-16 profit=64.49999999999996

Product: AMAZON.COM INC
--- Transactions ---
BUY id=0 date=2023-01-18 qty=112.0 price=88.75
SELL id=0 date=2023-12-04 qty=112.0 price=133.2
  MATCH sell_id=0 buy_id=0 take=112.0 buy_price=88.75 sell_price=133.2 realized=4978.399999999999
BUY id=1 date=2023-12-05 qty=114.0 price=133.0
SELL id=1 date=2025-03-06 qty=114.0 price=185.06
  MATCH sell_id=1 buy_id=1 take=114.0 buy_price=133.0 sell_price=185.06 realized=5934.84
--- Matrix (rows=buys, cols=sells) ---
BUY 0 -> 112,0
BUY 1 -> 0,114
--- Sale profits ---
SALE id=0 date=2023-12-04 profit=4978.399999999999
SALE id=1 date=2025-03-06 profit=5934.84

Product: BANK OF IRELAND GROUP PLC
--- Transactions ---
BUY id=0 date=2020-02-10 qty=10.0 price=4.05
BUY id=1 date=2020-02-27 qty=37.0 price=3.49
BUY id=2 date=2020-03-03 qty=353.0 price=3.196
BUY id=3 date=2020-03-11 qty=100.0 price=2.832
BUY id=4 date=2020-03-25 qty=200.0 price=1.938
BUY id=5 date=2020-08-13 qty=5.0 price=1.988
BUY id=6 date=2021-03-11 qty=30.0 price=3.836
BUY id=7 date=2021-04-07 qty=765.0 price=4.216
SELL id=0 date=2025-04-02 qty=750.0 price=11.1
  MATCH sell_id=0 buy_id=0 take=10.0 buy_price=4.05 sell_price=11.1 realized=70.5
  MATCH sell_id=0 buy_id=1 take=37.0 buy_price=3.49 sell_price=11.1 realized=281.57
  MATCH sell_id=0 buy_id=2 take=353.0 buy_price=3.196 sell_price=11.1 realized=2790.112
  MATCH sell_id=0 buy_id=3 take=100.0 buy_price=2.832 sell_price=11.1 realized=826.8000000000001
  MATCH sell_id=0 buy_id=4 take=200.0 buy_price=1.938 sell_price=11.1 realized=1832.3999999999999
  MATCH sell_id=0 buy_id=5 take=5.0 buy_price=1.988 sell_price=11.1 realized=45.56
  MATCH sell_id=0 buy_id=6 take=30.0 buy_price=3.836 sell_price=11.1 realized=217.92
  MATCH sell_id=0 buy_id=7 take=15.0 buy_price=4.216 sell_price=11.1 realized=103.25999999999999
SELL id=1 date=2025-04-02 qty=750.0 price=11.1
  MATCH sell_id=1 buy_id=7 take=750.0 buy_price=4.216 sell_price=11.1 realized=5163.0
BUY id=8 date=2025-12-04 qty=500.0 price=15.925
--- Matrix (rows=buys, cols=sells) ---
BUY 0 -> 10,0
BUY 1 -> 37,0
BUY 2 -> 353,0
BUY 3 -> 100,0
BUY 4 -> 200,0
BUY 5 -> 5,0
BUY 6 -> 30,0
BUY 7 -> 15,750
BUY 8 -> 0,0
--- Sale profits ---
SALE id=0 date=2025-04-02 profit=6168.122000000001
SALE id=1 date=2025-04-02 profit=5163.0

Product: BEAZLEY PLC/UK
--- Transactions ---
BUY id=0 date=2020-11-16 qty=270.0 price=378.0
SELL id=0 date=2022-05-03 qty=270.0 price=435.0
  MATCH sell_id=0 buy_id=0 take=270.0 buy_price=378.0 sell_price=435.0 realized=15390.0
--- Matrix (rows=buys, cols=sells) ---
BUY 0 -> 270
--- Sale profits ---
SALE id=0 date=2022-05-03 profit=15390.0

Product: BOOST EURO STOXX BANKS 3X LEVERAGE DAILY
--- Transactions ---
BUY id=0 date=2021-02-09 qty=2400.0 price=3.0175
BUY id=1 date=2021-03-03 qty=800.0 price=4.1295
BUY id=2 date=2021-04-16 qty=800.0 price=4.1745
BUY id=3 date=2021-05-19 qty=945.0 price=5.291
BUY id=4 date=2021-06-15 qty=862.0 price=5.91
BUY id=5 date=2021-11-10 qty=2000.0 price=6.738
BUY id=6 date=2022-02-28 qty=200.0 price=4.418
BUY id=7 date=2022-08-16 qty=7900.0 price=3.088
SELL id=0 date=2022-08-16 qty=7492.0 price=3.062
  MATCH sell_id=0 buy_id=0 take=2400.0 buy_price=3.0175 sell_price=3.062 realized=106.79999999999943
  MATCH sell_id=0 buy_id=1 take=800.0 buy_price=4.1295 sell_price=3.062 realized=-854.0000000000002
  MATCH sell_id=0 buy_id=2 take=800.0 buy_price=4.1745 sell_price=3.062 realized=-890.0000000000002
  MATCH sell_id=0 buy_id=3 take=945.0 buy_price=5.291 sell_price=3.062 realized=-2106.4050000000007
  MATCH sell_id=0 buy_id=4 take=862.0 buy_price=5.91 sell_price=3.062 realized=-2454.976
  MATCH sell_id=0 buy_id=5 take=1685.0 buy_price=6.738 sell_price=3.062 realized=-6194.060000000001
SELL id=1 date=2022-08-16 qty=115.0 price=3.062
  MATCH sell_id=1 buy_id=5 take=115.0 buy_price=6.738 sell_price=3.062 realized=-422.74000000000007
SELL id=2 date=2022-08-16 qty=400.0 price=3.062
  MATCH sell_id=2 buy_id=5 take=200.0 buy_price=6.738 sell_price=3.062 realized=-735.2000000000002
  MATCH sell_id=2 buy_id=6 take=200.0 buy_price=4.418 sell_price=3.062 realized=-271.20000000000005
BUY id=8 date=2022-08-17 qty=100.0 price=3.0425
BUY id=9 date=2022-08-18 qty=295.0 price=2.92
SELL id=3 date=2025-03-17 qty=2445.0 price=27.0
  MATCH sell_id=3 buy_id=7 take=2445.0 buy_price=3.088 sell_price=27.0 realized=58464.84
SELL id=4 date=2025-03-17 qty=75.0 price=27.0
  MATCH sell_id=4 buy_id=7 take=75.0 buy_price=3.088 sell_price=27.0 realized=1793.3999999999999
SELL id=5 date=2025-03-17 qty=75.0 price=27.0
  MATCH sell_id=5 buy_id=7 take=75.0 buy_price=3.088 sell_price=27.0 realized=1793.3999999999999
SELL id=6 date=2025-03-17 qty=75.0 price=27.0
  MATCH sell_id=6 buy_id=7 take=75.0 buy_price=3.088 sell_price=27.0 realized=1793.3999999999999
SELL id=7 date=2025-03-17 qty=75.0 price=27.0
  MATCH sell_id=7 buy_id=7 take=75.0 buy_price=3.088 sell_price=27.0 realized=1793.3999999999999
SELL id=8 date=2025-03-17 qty=550.0 price=27.0
  MATCH sell_id=8 buy_id=7 take=550.0 buy_price=3.088 sell_price=27.0 realized=13151.6
BUY id=10 date=2025-03-28 qty=1290.0 price=25.85
BUY id=11 date=2025-03-28 qty=110.0 price=25.85
BUY id=12 date=2025-03-28 qty=1100.0 price=25.845
SELL id=9 date=2025-04-02 qty=2500.0 price=24.74
  MATCH sell_id=9 buy_id=7 take=2500.0 buy_price=3.088 sell_price=24.74 realized=54129.99999999999
SELL id=10 date=2025-04-02 qty=2500.0 price=24.66
  MATCH sell_id=10 buy_id=7 take=2105.0 buy_price=3.088 sell_price=24.66 realized=45409.06
  MATCH sell_id=10 buy_id=8 take=100.0 buy_price=3.0425 sell_price=24.66 realized=2161.75
  MATCH sell_id=10 buy_id=9 take=295.0 buy_price=2.92 sell_price=24.66 realized=6413.3
BUY id=13 date=2025-04-04 qty=164.0 price=16.0
BUY id=14 date=2025-04-04 qty=140.0 price=16.0
BUY id=15 date=2025-04-04 qty=140.0 price=16.0
BUY id=16 date=2025-04-04 qty=140.0 price=16.0
BUY id=17 date=2025-04-04 qty=140.0 price=16.0
BUY id=18 date=2025-04-04 qty=140.0 price=16.0
BUY id=19 date=2025-04-04 qty=140.0 price=16.0
BUY id=20 date=2025-04-04 qty=140.0 price=16.0
BUY id=21 date=2025-04-04 qty=140.0 price=16.0
BUY id=22 date=2025-04-04 qty=140.0 price=16.0
BUY id=23 date=2025-04-04 qty=104.0 price=16.0
BUY id=24 date=2025-04-04 qty=104.0 price=16.0
BUY id=25 date=2025-04-04 qty=104.0 price=16.0
BUY id=26 date=2025-04-04 qty=104.0 price=16.0
BUY id=27 date=2025-04-04 qty=104.0 price=16.0
BUY id=28 date=2025-04-04 qty=139.0 price=16.0
BUY id=29 date=2025-04-04 qty=139.0 price=16.0
BUY id=30 date=2025-04-04 qty=139.0 price=16.0
BUY id=31 date=2025-04-04 qty=139.0 price=16.0
SELL id=11 date=2025-04-04 qty=1060.0 price=15.322
  MATCH sell_id=11 buy_id=10 take=1060.0 buy_price=25.85 sell_price=15.322 realized=-11159.680000000002
SELL id=12 date=2025-04-04 qty=1300.0 price=15.324
  MATCH sell_id=12 buy_id=10 take=230.0 buy_price=25.85 sell_price=15.324 realized=-2420.9800000000005
  MATCH sell_id=12 buy_id=11 take=110.0 buy_price=25.85 sell_price=15.324 realized=-1157.8600000000001
  MATCH sell_id=12 buy_id=12 take=960.0 buy_price=25.845 sell_price=15.324 realized=-10100.16
SELL id=13 date=2025-04-04 qty=140.0 price=15.324
  MATCH sell_id=13 buy_id=12 take=140.0 buy_price=25.845 sell_price=15.324 realized=-1472.9399999999998
--- Matrix (rows=buys, cols=sells) ---
BUY 0 -> 2400,0,0,0,0,0,0,0,0,0,0,0,0,0
BUY 1 -> 800,0,0,0,0,0,0,0,0,0,0,0,0,0
BUY 2 -> 800,0,0,0,0,0,0,0,0,0,0,0,0,0
BUY 3 -> 945,0,0,0,0,0,0,0,0,0,0,0,0,0
BUY 4 -> 862,0,0,0,0,0,0,0,0,0,0,0,0,0
BUY 5 -> 1685,115,200,0,0,0,0,0,0,0,0,0,0,0
BUY 6 -> 0,0,200,0,0,0,0,0,0,0,0,0,0,0
BUY 7 -> 0,0,0,2445,75,75,75,75,550,2500,2105,0,0,0
BUY 8 -> 0,0,0,0,0,0,0,0,0,0,100,0,0,0
BUY 9 -> 0,0,0,0,0,0,0,0,0,0,295,0,0,0
BUY 10 -> 0,0,0,0,0,0,0,0,0,0,0,1060,230,0
BUY 11 -> 0,0,0,0,0,0,0,0,0,0,0,0,110,0
BUY 12 -> 0,0,0,0,0,0,0,0,0,0,0,0,960,140
BUY 13 -> 0,0,0,0,0,0,0,0,0,0,0,0,0,0
BUY 14 -> 0,0,0,0,0,0,0,0,0,0,0,0,0,0
BUY 15 -> 0,0,0,0,0,0,0,0,0,0,0,0,0,0
BUY 16 -> 0,0,0,0,0,0,0,0,0,0,0,0,0,0
BUY 17 -> 0,0,0,0,0,0,0,0,0,0,0,0,0,0
BUY 18 -> 0,0,0,0,0,0,0,0,0,0,0,0,0,0
BUY 19 -> 0,0,0,0,0,0,0,0,0,0,0,0,0,0
BUY 20 -> 0,0,0,0,0,0,0,0,0,0,0,0,0,0
BUY 21 -> 0,0,0,0,0,0,0,0,0,0,0,0,0,0
BUY 22 -> 0,0,0,0,0,0,0,0,0,0,0,0,0,0
BUY 23 -> 0,0,0,0,0,0,0,0,0,0,0,0,0,0
BUY 24 -> 0,0,0,0,0,0,0,0,0,0,0,0,0,0
BUY 25 -> 0,0,0,0,0,0,0,0,0,0,0,0,0,0
BUY 26 -> 0,0,0,0,0,0,0,0,0,0,0,0,0,0
BUY 27 -> 0,0,0,0,0,0,0,0,0,0,0,0,0,0
BUY 28 -> 0,0,0,0,0,0,0,0,0,0,0,0,0,0
BUY 29 -> 0,0,0,0,0,0,0,0,0,0,0,0,0,0
BUY 30 -> 0,0,0,0,0,0,0,0,0,0,0,0,0,0
BUY 31 -> 0,0,0,0,0,0,0,0,0,0,0,0,0,0
--- Sale profits ---
SALE id=0 date=2022-08-16 profit=-12392.641000000003
SALE id=1 date=2022-08-16 profit=-422.74000000000007
SALE id=2 date=2022-08-16 profit=-1006.4000000000002
SALE id=3 date=2025-03-17 profit=58464.84
SALE id=4 date=2025-03-17 profit=1793.3999999999999
SALE id=5 date=2025-03-17 profit=1793.3999999999999
SALE id=6 date=2025-03-17 profit=1793.3999999999999
SALE id=7 date=2025-03-17 profit=1793.3999999999999
SALE id=8 date=2025-03-17 profit=13151.6
SALE id=9 date=2025-04-02 profit=54129.99999999999
SALE id=10 date=2025-04-02 profit=53984.11
SALE id=11 date=2025-04-04 profit=-11159.680000000002
SALE id=12 date=2025-04-04 profit=-13679.0
SALE id=13 date=2025-04-04 profit=-1472.9399999999998

Product: BT GROUP
--- Transactions ---
BUY id=0 date=2022-10-03 qty=9.0 price=126.4
BUY id=1 date=2022-10-13 qty=800.0 price=119.0
BUY id=2 date=2022-11-08 qty=2191.0 price=116.1
BUY id=3 date=2022-12-19 qty=2000.0 price=113.0
BUY id=4 date=2023-08-07 qty=7500.0 price=113.6
--- Matrix (rows=buys, cols=sells) ---
BUY 0 -> 
BUY 1 -> 
BUY 2 -> 
BUY 3 -> 
BUY 4 -> 
--- Sale profits ---

Product: FD TECHNOLOGIES PLC
--- Transactions ---
BUY id=0 date=2020-05-01 qty=13.0 price=2470.0
BUY id=1 date=2020-06-02 qty=1.0 price=2630.0
BUY id=2 date=2020-06-03 qty=186.0 price=2760.0
SELL id=0 date=2022-11-08 qty=200.0 price=1466.0
  MATCH sell_id=0 buy_id=0 take=13.0 buy_price=2470.0 sell_price=1466.0 realized=-13052.0
  MATCH sell_id=0 buy_id=1 take=1.0 buy_price=2630.0 sell_price=1466.0 realized=-1164.0
  MATCH sell_id=0 buy_id=2 take=186.0 buy_price=2760.0 sell_price=1466.0 realized=-240684.0
--- Matrix (rows=buys, cols=sells) ---
BUY 0 -> 13
BUY 1 -> 1
BUY 2 -> 186
--- Sale profits ---
SALE id=0 date=2022-11-08 profit=-254900.0

Product: FLUTTER ENTERTAINMENT PLC
--- Transactions ---
BUY id=0 date=2023-03-20 qty=3.0 price=153.85
BUY id=1 date=2023-03-22 qty=12.0 price=163.5
BUY id=2 date=2023-06-01 qty=27.0 price=184.1
BUY id=3 date=2023-08-09 qty=18.0 price=167.6
BUY id=4 date=2023-08-09 qty=40.0 price=167.6
SELL id=0 date=2023-12-04 qty=20.0 price=143.05
  MATCH sell_id=0 buy_id=0 take=3.0 buy_price=153.85 sell_price=143.05 realized=-32.39999999999995
  MATCH sell_id=0 buy_id=1 take=12.0 buy_price=163.5 sell_price=143.05 realized=-245.39999999999986
  MATCH sell_id=0 buy_id=2 take=5.0 buy_price=184.1 sell_price=143.05 realized=-205.24999999999991
SELL id=1 date=2023-12-04 qty=40.0 price=143.05
  MATCH sell_id=1 buy_id=2 take=22.0 buy_price=184.1 sell_price=143.05 realized=-903.0999999999997
  MATCH sell_id=1 buy_id=3 take=18.0 buy_price=167.6 sell_price=143.05 realized=-441.8999999999997
SELL id=2 date=2023-12-04 qty=40.0 price=143.05
  MATCH sell_id=2 buy_id=4 take=40.0 buy_price=167.6 sell_price=143.05 realized=-981.9999999999993
BUY id=5 date=2023-12-07 qty=68.0 price=150.6
BUY id=6 date=2024-07-15 qty=68.0 price=0.0
SELL id=3 date=2024-07-15 qty=68.0 price=0.0
  MATCH sell_id=3 buy_id=5 take=68.0 buy_price=150.6 sell_price=0.0 realized=-10240.8
--- Matrix (rows=buys, cols=sells) ---
BUY 0 -> 3,0,0,0
BUY 1 -> 12,0,0,0
BUY 2 -> 5,22,0,0
BUY 3 -> 0,18,0,0
BUY 4 -> 0,0,40,0
BUY 5 -> 0,0,0,68
BUY 6 -> 0,0,0,0
--- Sale profits ---
SALE id=0 date=2023-12-04 profit=-483.0499999999997
SALE id=1 date=2023-12-04 profit=-1344.9999999999993
SALE id=2 date=2023-12-04 profit=-981.9999999999993
SALE id=3 date=2024-07-15 profit=-10240.8

Product: GARTNER INC. COMMON S
--- Transactions ---
BUY id=0 date=2020-03-03 qty=1.0 price=129.5
BUY id=1 date=2025-06-06 qty=25.0 price=422.0
BUY id=2 date=2025-06-06 qty=35.0 price=422.0
BUY id=3 date=2025-08-06 qty=60.0 price=247.56
SELL id=0 date=2025-08-06 qty=60.0 price=243.5
  MATCH sell_id=0 buy_id=0 take=1.0 buy_price=129.5 sell_price=243.5 realized=114.0
  MATCH sell_id=0 buy_id=1 take=25.0 buy_price=422.0 sell_price=243.5 realized=-4462.5
  MATCH sell_id=0 buy_id=2 take=34.0 buy_price=422.0 sell_price=243.5 realized=-6069.0
SELL id=1 date=2025-11-25 qty=51.0 price=230.25
  MATCH sell_id=1 buy_id=2 take=1.0 buy_price=422.0 sell_price=230.25 realized=-191.75
  MATCH sell_id=1 buy_id=3 take=50.0 buy_price=247.56 sell_price=230.25 realized=-865.5000000000001
SELL id=2 date=2025-11-25 qty=9.0 price=230.25
  MATCH sell_id=2 buy_id=3 take=9.0 buy_price=247.56 sell_price=230.25 realized=-155.79000000000002
--- Matrix (rows=buys, cols=sells) ---
BUY 0 -> 1,0,0
BUY 1 -> 25,0,0
BUY 2 -> 34,1,0
BUY 3 -> 0,50,9
--- Sale profits ---
SALE id=0 date=2025-08-06 profit=-10417.5
SALE id=1 date=2025-11-25 profit=-1057.25
SALE id=2 date=2025-11-25 profit=-155.79000000000002

Product: HIBERNIA REIT PLC
--- Transactions ---
BUY id=0 date=2020-02-27 qty=500.0 price=1.268
BUY id=1 date=2020-03-11 qty=124.0 price=1.15
BUY id=2 date=2020-03-11 qty=376.0 price=1.15
BUY id=3 date=2020-03-18 qty=299.0 price=0.84
BUY id=4 date=2020-03-18 qty=7357.0 price=0.84
BUY id=5 date=2020-03-18 qty=1865.0 price=0.84
BUY id=6 date=2020-03-18 qty=349.0 price=0.84
BUY id=7 date=2020-03-18 qty=2130.0 price=0.84
BUY id=8 date=2020-03-25 qty=4541.0 price=0.903
BUY id=9 date=2020-03-25 qty=6459.0 price=0.903
BUY id=10 date=2020-03-27 qty=37.0 price=0.932
BUY id=11 date=2020-03-27 qty=1126.0 price=0.931
BUY id=12 date=2020-03-27 qty=700.0 price=0.93
BUY id=13 date=2020-03-27 qty=397.0 price=0.929
BUY id=14 date=2020-03-27 qty=1125.0 price=0.929
BUY id=15 date=2020-03-27 qty=5915.0 price=0.929
BUY id=16 date=2020-03-27 qty=700.0 price=0.929
BUY id=17 date=2020-04-07 qty=185.0 price=1.058
BUY id=18 date=2020-04-07 qty=5600.0 price=1.058
BUY id=19 date=2020-04-07 qty=2515.0 price=1.056
BUY id=20 date=2020-04-07 qty=700.0 price=1.056
SELL id=0 date=2022-06-30 qty=43000.0 price=0.0
  MATCH sell_id=0 buy_id=0 take=500.0 buy_price=1.268 sell_price=0.0 realized=-634.0
  MATCH sell_id=0 buy_id=1 take=124.0 buy_price=1.15 sell_price=0.0 realized=-142.6
  MATCH sell_id=0 buy_id=2 take=376.0 buy_price=1.15 sell_price=0.0 realized=-432.4
  MATCH sell_id=0 buy_id=3 take=299.0 buy_price=0.84 sell_price=0.0 realized=-251.16
  MATCH sell_id=0 buy_id=4 take=7357.0 buy_price=0.84 sell_price=0.0 realized=-6179.88
  MATCH sell_id=0 buy_id=5 take=1865.0 buy_price=0.84 sell_price=0.0 realized=-1566.6
  MATCH sell_id=0 buy_id=6 take=349.0 buy_price=0.84 sell_price=0.0 realized=-293.15999999999997
  MATCH sell_id=0 buy_id=7 take=2130.0 buy_price=0.84 sell_price=0.0 realized=-1789.2
  MATCH sell_id=0 buy_id=8 take=4541.0 buy_price=0.903 sell_price=0.0 realized=-4100.523
  MATCH sell_id=0 buy_id=9 take=6459.0 buy_price=0.903 sell_price=0.0 realized=-5832.477
  MATCH sell_id=0 buy_id=10 take=37.0 buy_price=0.932 sell_price=0.0 realized=-34.484
  MATCH sell_id=0 buy_id=11 take=1126.0 buy_price=0.931 sell_price=0.0 realized=-1048.306
  MATCH sell_id=0 buy_id=12 take=700.0 buy_price=0.93 sell_price=0.0 realized=-651.0
  MATCH sell_id=0 buy_id=13 take=397.0 buy_price=0.929 sell_price=0.0 realized=-368.81300000000005
  MATCH sell_id=0 buy_id=14 take=1125.0 buy_price=0.929 sell_price=0.0 realized=-1045.125
  MATCH sell_id=0 buy_id=15 take=5915.0 buy_price=0.929 sell_price=0.0 realized=-5495.035
  MATCH sell_id=0 buy_id=16 take=700.0 buy_price=0.929 sell_price=0.0 realized=-650.3000000000001
  MATCH sell_id=0 buy_id=17 take=185.0 buy_price=1.058 sell_price=0.0 realized=-195.73000000000002
  MATCH sell_id=0 buy_id=18 take=5600.0 buy_price=1.058 sell_price=0.0 realized=-5924.8
  MATCH sell_id=0 buy_id=19 take=2515.0 buy_price=1.056 sell_price=0.0 realized=-2655.84
  MATCH sell_id=0 buy_id=20 take=700.0 buy_price=1.056 sell_price=0.0 realized=-739.2
--- Matrix (rows=buys, cols=sells) ---
BUY 0 -> 500
BUY 1 -> 124
BUY 2 -> 376
BUY 3 -> 299
BUY 4 -> 7357
BUY 5 -> 1865
BUY 6 -> 349
BUY 7 -> 2130
BUY 8 -> 4541
BUY 9 -> 6459
BUY 10 -> 37
BUY 11 -> 1126
BUY 12 -> 700
BUY 13 -> 397
BUY 14 -> 1125
BUY 15 -> 5915
BUY 16 -> 700
BUY 17 -> 185
BUY 18 -> 5600
BUY 19 -> 2515
BUY 20 -> 700
--- Sale profits ---
SALE id=0 date=2022-06-30 profit=-40030.633

Product: HYZON MOTORS INC
--- Transactions ---
BUY id=0 date=2021-11-05 qty=1000.0 price=5.75
SELL id=0 date=2022-03-02 qty=131.0 price=5.46
  MATCH sell_id=0 buy_id=0 take=131.0 buy_price=5.75 sell_price=5.46 realized=-37.99
SELL id=1 date=2022-11-07 qty=100.0 price=1.73
  MATCH sell_id=1 buy_id=0 take=100.0 buy_price=5.75 sell_price=1.73 realized=-401.99999999999994
SELL id=2 date=2022-11-07 qty=100.0 price=1.73
  MATCH sell_id=2 buy_id=0 take=100.0 buy_price=5.75 sell_price=1.73 realized=-401.99999999999994
SELL id=3 date=2022-11-07 qty=100.0 price=1.73
  MATCH sell_id=3 buy_id=0 take=100.0 buy_price=5.75 sell_price=1.73 realized=-401.99999999999994
SELL id=4 date=2022-11-07 qty=100.0 price=1.73
  MATCH sell_id=4 buy_id=0 take=100.0 buy_price=5.75 sell_price=1.73 realized=-401.99999999999994
SELL id=5 date=2022-11-07 qty=91.0 price=1.73
  MATCH sell_id=5 buy_id=0 take=91.0 buy_price=5.75 sell_price=1.73 realized=-365.81999999999994
SELL id=6 date=2022-11-07 qty=100.0 price=1.73
  MATCH sell_id=6 buy_id=0 take=100.0 buy_price=5.75 sell_price=1.73 realized=-401.99999999999994
SELL id=7 date=2022-11-07 qty=78.0 price=1.73
  MATCH sell_id=7 buy_id=0 take=78.0 buy_price=5.75 sell_price=1.73 realized=-313.55999999999995
SELL id=8 date=2022-11-07 qty=200.0 price=1.73
  MATCH sell_id=8 buy_id=0 take=200.0 buy_price=5.75 sell_price=1.73 realized=-803.9999999999999
--- Matrix (rows=buys, cols=sells) ---
BUY 0 -> 131,100,100,100,100,91,100,78,200
--- Sale profits ---
SALE id=0 date=2022-03-02 profit=-37.99
SALE id=1 date=2022-11-07 profit=-401.99999999999994
SALE id=2 date=2022-11-07 profit=-401.99999999999994
SALE id=3 date=2022-11-07 profit=-401.99999999999994
SALE id=4 date=2022-11-07 profit=-401.99999999999994
SALE id=5 date=2022-11-07 profit=-365.81999999999994
SALE id=6 date=2022-11-07 profit=-401.99999999999994
SALE id=7 date=2022-11-07 profit=-313.55999999999995
SALE id=8 date=2022-11-07 profit=-803.9999999999999

Product: INTEL CORP
--- Transactions ---
BUY id=0 date=2024-09-18 qty=90.0 price=18.9
BUY id=1 date=2024-11-29 qty=90.0 price=22.52
SELL id=0 date=2024-11-29 qty=90.0 price=22.505
  MATCH sell_id=0 buy_id=0 take=90.0 buy_price=18.9 sell_price=22.505 realized=324.45000000000005
BUY id=2 date=2024-12-04 qty=24.0 price=20.935
SELL id=1 date=2025-03-06 qty=114.0 price=19.12
  MATCH sell_id=1 buy_id=1 take=90.0 buy_price=22.52 sell_price=19.12 realized=-305.9999999999999
  MATCH sell_id=1 buy_id=2 take=24.0 buy_price=20.935 sell_price=19.12 realized=-43.559999999999945
--- Matrix (rows=buys, cols=sells) ---
BUY 0 -> 90,0
BUY 1 -> 0,90
BUY 2 -> 0,24
--- Sale profits ---
SALE id=0 date=2024-11-29 profit=324.45000000000005
SALE id=1 date=2025-03-06 profit=-349.55999999999983

Product: NETFLIX INC
--- Transactions ---
BUY id=0 date=2022-05-02 qty=4.0 price=180.5
BUY id=1 date=2022-05-03 qty=7.0 price=190.44
SELL id=0 date=2025-04-02 qty=11.0 price=867.2
  MATCH sell_id=0 buy_id=0 take=4.0 buy_price=180.5 sell_price=867.2 realized=2746.8
  MATCH sell_id=0 buy_id=1 take=7.0 buy_price=190.44 sell_price=867.2 realized=4737.32
--- Matrix (rows=buys, cols=sells) ---
BUY 0 -> 4
BUY 1 -> 7
--- Sale profits ---
SALE id=0 date=2025-04-02 profit=7484.12

Product: NETFLIX INC. - COMMON
--- Transactions ---
BUY id=0 date=2025-12-05 qty=15.0 price=98.75
--- Matrix (rows=buys, cols=sells) ---
BUY 0 -> 
--- Sale profits ---

Product: NOVO NORDISK A/S
--- Transactions ---
BUY id=0 date=2023-08-08 qty=60.0 price=172.9
BUY id=1 date=2023-09-13 qty=120.0 price=92.5
SELL id=0 date=2023-09-13 qty=60.0 price=185.0
  MATCH sell_id=0 buy_id=0 take=60.0 buy_price=172.9 sell_price=185.0 realized=725.9999999999997
BUY id=2 date=2025-04-04 qty=120.0 price=60.25
SELL id=1 date=2025-04-04 qty=120.0 price=60.25
  MATCH sell_id=1 buy_id=1 take=120.0 buy_price=92.5 sell_price=60.25 realized=-3870.0
SELL id=2 date=2025-11-25 qty=120.0 price=38.705
  MATCH sell_id=2 buy_id=2 take=120.0 buy_price=60.25 sell_price=38.705 realized=-2585.4
--- Matrix (rows=buys, cols=sells) ---
BUY 0 -> 60,0,0
BUY 1 -> 0,120,0
BUY 2 -> 0,0,120
--- Sale profits ---
SALE id=0 date=2023-09-13 profit=725.9999999999997
SALE id=1 date=2025-04-04 profit=-3870.0
SALE id=2 date=2025-11-25 profit=-2585.4

Product: PFIZER INC
--- Transactions ---
BUY id=0 date=2023-12-04 qty=150.0 price=27.15
BUY id=1 date=2023-12-05 qty=150.0 price=27.15
BUY id=2 date=2024-11-27 qty=300.0 price=24.53
SELL id=0 date=2024-11-27 qty=300.0 price=24.54
  MATCH sell_id=0 buy_id=0 take=150.0 buy_price=27.15 sell_price=24.54 realized=-391.4999999999999
  MATCH sell_id=0 buy_id=1 take=150.0 buy_price=27.15 sell_price=24.54 realized=-391.4999999999999
SELL id=1 date=2025-11-25 qty=300.0 price=21.9
  MATCH sell_id=1 buy_id=2 take=300.0 buy_price=24.53 sell_price=21.9 realized=-789.0000000000008
BUY id=3 date=2025-11-27 qty=300.0 price=22.135
--- Matrix (rows=buys, cols=sells) ---
BUY 0 -> 150,0
BUY 1 -> 150,0
BUY 2 -> 0,300
BUY 3 -> 0,0
--- Sale profits ---
SALE id=0 date=2024-11-27 profit=-782.9999999999998
SALE id=1 date=2025-11-25 profit=-789.0000000000008

Product: PFIZER INC. COMMON ST
--- Transactions ---
BUY id=0 date=2020-11-09 qty=48.0 price=39.26
BUY id=1 date=2020-11-09 qty=92.0 price=39.255
SELL id=0 date=2023-12-04 qty=140.0 price=29.14
  MATCH sell_id=0 buy_id=0 take=48.0 buy_price=39.26 sell_price=29.14 realized=-485.7599999999999
  MATCH sell_id=0 buy_id=1 take=92.0 buy_price=39.255 sell_price=29.14 realized=-930.5800000000002
--- Matrix (rows=buys, cols=sells) ---
BUY 0 -> 48
BUY 1 -> 92
--- Sale profits ---
SALE id=0 date=2023-12-04 profit=-1416.3400000000001

Product: ROBINHOOD MARKETS INC
--- Transactions ---
BUY id=0 date=2021-08-05 qty=20.0 price=57.96
SELL id=0 date=2022-08-19 qty=16.0 price=9.32
  MATCH sell_id=0 buy_id=0 take=16.0 buy_price=57.96 sell_price=9.32 realized=-778.24
SELL id=1 date=2022-08-19 qty=4.0 price=9.32
  MATCH sell_id=1 buy_id=0 take=4.0 buy_price=57.96 sell_price=9.32 realized=-194.56
--- Matrix (rows=buys, cols=sells) ---
BUY 0 -> 16,4
--- Sale profits ---
SALE id=0 date=2022-08-19 profit=-778.24
SALE id=1 date=2022-08-19 profit=-194.56

Product: RYANAIR HOLDINGS PLC
--- Transactions ---
BUY id=0 date=2024-04-19 qty=97.0 price=20.5
BUY id=1 date=2024-11-27 qty=100.0 price=18.215
SELL id=0 date=2024-11-27 qty=97.0 price=18.215
  MATCH sell_id=0 buy_id=0 take=97.0 buy_price=20.5 sell_price=18.215 realized=-221.645
--- Matrix (rows=buys, cols=sells) ---
BUY 0 -> 97
BUY 1 -> 0
--- Sale profits ---
SALE id=0 date=2024-11-27 profit=-221.645

Product: VIATRIS INC. - COMMON STOCK
--- Transactions ---
BUY id=0 date=2020-11-17 qty=17.0 price=0.0
--- Matrix (rows=buys, cols=sells) ---
BUY 0 -> 
--- Sale profits ---

Product: WISDOMTREE MANAGEMENT LTD.
--- Transactions ---
BUY id=0 date=2025-03-19 qty=550.0 price=26.96
SELL id=0 date=2025-11-27 qty=550.0 price=28.605
  MATCH sell_id=0 buy_id=0 take=550.0 buy_price=26.96 sell_price=28.605 realized=904.7499999999998
--- Matrix (rows=buys, cols=sells) ---
BUY 0 -> 550
--- Sale profits ---
SALE id=0 date=2025-11-27 profit=904.7499999999998

Product: WT ISEQ20 ETF E
--- Transactions ---
BUY id=0 date=2020-02-10 qty=3.0 price=14.55
BUY id=1 date=2020-02-27 qty=17.0 price=13.52
BUY id=2 date=2020-03-04 qty=280.0 price=13.3
BUY id=3 date=2020-03-11 qty=200.0 price=11.78
BUY id=4 date=2020-03-27 qty=60.0 price=10.574
BUY id=5 date=2020-06-05 qty=315.0 price=13.356
SELL id=0 date=2020-09-18 qty=875.0 price=0.0
  MATCH sell_id=0 buy_id=0 take=3.0 buy_price=14.55 sell_price=0.0 realized=-43.650000000000006
  MATCH sell_id=0 buy_id=1 take=17.0 buy_price=13.52 sell_price=0.0 realized=-229.84
  MATCH sell_id=0 buy_id=2 take=280.0 buy_price=13.3 sell_price=0.0 realized=-3724.0
  MATCH sell_id=0 buy_id=3 take=200.0 buy_price=11.78 sell_price=0.0 realized=-2356.0
  MATCH sell_id=0 buy_id=4 take=60.0 buy_price=10.574 sell_price=0.0 realized=-634.4399999999999
  MATCH sell_id=0 buy_id=5 take=315.0 buy_price=13.356 sell_price=0.0 realized=-4207.14
--- Matrix (rows=buys, cols=sells) ---
BUY 0 -> 3
BUY 1 -> 17
BUY 2 -> 280
BUY 3 -> 200
BUY 4 -> 60
BUY 5 -> 315
--- Sale profits ---
SALE id=0 date=2020-09-18 profit=-11195.07

Product: ADR ON ALIBABA GROUP HOLDING
--- Transactions ---
BUY id=0 date=2021-11-22 qty=12.0 price=140.0
SELL id=0 date=2022-11-07 qty=12.0 price=69.08
  MATCH sell_id=0 buy_id=0 take=12.0 buy_price=140.0 sell_price=69.08 realized=-851.04
BUY id=1 date=2024-04-18 qty=10.0 price=64.8
--- Matrix (rows=buys, cols=sells) ---
BUY 0 -> 12
BUY 1 -> 0
--- Sale profits ---
SALE id=0 date=2022-11-07 profit=-851.04

Product: ADVANCED MICRO DEVICES INC
--- Transactions ---
BUY id=0 date=2025-03-06 qty=223.0 price=92.12
BUY id=1 date=2025-03-06 qty=23.0 price=92.61
BUY id=2 date=2025-03-06 qty=4.0 price=91.61
BUY id=3 date=2025-03-07 qty=6.0 price=89.72
BUY id=4 date=2025-04-04 qty=250.0 price=80.5
SELL id=0 date=2025-04-04 qty=256.0 price=80.07
  MATCH sell_id=0 buy_id=0 take=223.0 buy_price=92.12 sell_price=80.07 realized=-2687.1500000000024
  MATCH sell_id=0 buy_id=1 take=23.0 buy_price=92.61 sell_price=80.07 realized=-288.42000000000013
  MATCH sell_id=0 buy_id=2 take=4.0 buy_price=91.61 sell_price=80.07 realized=-46.160000000000025
  MATCH sell_id=0 buy_id=3 take=6.0 buy_price=89.72 sell_price=80.07 realized=-57.900000000000034
BUY id=5 date=2025-11-25 qty=70.0 price=170.6
BUY id=6 date=2025-11-25 qty=20.0 price=174.78
BUY id=7 date=2025-11-25 qty=50.0 price=180.5
--- Matrix (rows=buys, cols=sells) ---
BUY 0 -> 223
BUY 1 -> 23
BUY 2 -> 4
BUY 3 -> 6
BUY 4 -> 0
BUY 5 -> 0
BUY 6 -> 0
BUY 7 -> 0
--- Sale profits ---
SALE id=0 date=2025-04-04 profit=-3079.6300000000024

Product: ALSTRIA OFFICE REIT AG
--- Transactions ---
BUY id=0 date=2020-08-13 qty=75.0 price=12.84
SELL id=0 date=2020-11-16 qty=75.0 price=13.7
  MATCH sell_id=0 buy_id=0 take=75.0 buy_price=12.84 sell_price=13.7 realized=64.49999999999996
--- Matrix (rows=buys, cols=sells) ---
BUY 0 -> 75
--- Sale profits ---
SALE id=0 date=2020-11-16 profit=64.49999999999996

Product: AMAZON.COM INC
--- Transactions ---
BUY id=0 date=2023-01-18 qty=112.0 price=88.75
SELL id=0 date=2023-12-04 qty=112.0 price=133.2
  MATCH sell_id=0 buy_id=0 take=112.0 buy_price=88.75 sell_price=133.2 realized=4978.399999999999
BUY id=1 date=2023-12-05 qty=114.0 price=133.0
SELL id=1 date=2025-03-06 qty=114.0 price=185.06
  MATCH sell_id=1 buy_id=1 take=114.0 buy_price=133.0 sell_price=185.06 realized=5934.84
--- Matrix (rows=buys, cols=sells) ---
BUY 0 -> 112,0
BUY 1 -> 0,114
--- Sale profits ---
SALE id=0 date=2023-12-04 profit=4978.399999999999
SALE id=1 date=2025-03-06 profit=5934.84

Product: BANK OF IRELAND GROUP PLC
--- Transactions ---
BUY id=0 date=2020-02-10 qty=10.0 price=4.05
BUY id=1 date=2020-02-27 qty=37.0 price=3.49
BUY id=2 date=2020-03-03 qty=353.0 price=3.196
BUY id=3 date=2020-03-11 qty=100.0 price=2.832
BUY id=4 date=2020-03-25 qty=200.0 price=1.938
BUY id=5 date=2020-08-13 qty=5.0 price=1.988
BUY id=6 date=2021-03-11 qty=30.0 price=3.836
BUY id=7 date=2021-04-07 qty=765.0 price=4.216
SELL id=0 date=2025-04-02 qty=750.0 price=11.1
  MATCH sell_id=0 buy_id=0 take=10.0 buy_price=4.05 sell_price=11.1 realized=70.5
  MATCH sell_id=0 buy_id=1 take=37.0 buy_price=3.49 sell_price=11.1 realized=281.57
  MATCH sell_id=0 buy_id=2 take=353.0 buy_price=3.196 sell_price=11.1 realized=2790.112
  MATCH sell_id=0 buy_id=3 take=100.0 buy_price=2.832 sell_price=11.1 realized=826.8000000000001
  MATCH sell_id=0 buy_id=4 take=200.0 buy_price=1.938 sell_price=11.1 realized=1832.3999999999999
  MATCH sell_id=0 buy_id=5 take=5.0 buy_price=1.988 sell_price=11.1 realized=45.56
  MATCH sell_id=0 buy_id=6 take=30.0 buy_price=3.836 sell_price=11.1 realized=217.92
  MATCH sell_id=0 buy_id=7 take=15.0 buy_price=4.216 sell_price=11.1 realized=103.25999999999999
SELL id=1 date=2025-04-02 qty=750.0 price=11.1
  MATCH sell_id=1 buy_id=7 take=750.0 buy_price=4.216 sell_price=11.1 realized=5163.0
BUY id=8 date=2025-12-04 qty=500.0 price=15.925
--- Matrix (rows=buys, cols=sells) ---
BUY 0 -> 10,0
BUY 1 -> 37,0
BUY 2 -> 353,0
BUY 3 -> 100,0
BUY 4 -> 200,0
BUY 5 -> 5,0
BUY 6 -> 30,0
BUY 7 -> 15,750
BUY 8 -> 0,0
--- Sale profits ---
SALE id=0 date=2025-04-02 profit=6168.122000000001
SALE id=1 date=2025-04-02 profit=5163.0

Product: BEAZLEY PLC/UK
--- Transactions ---
BUY id=0 date=2020-11-16 qty=270.0 price=378.0
SELL id=0 date=2022-05-03 qty=270.0 price=435.0
  MATCH sell_id=0 buy_id=0 take=270.0 buy_price=378.0 sell_price=435.0 realized=15390.0
--- Matrix (rows=buys, cols=sells) ---
BUY 0 -> 270
--- Sale profits ---
SALE id=0 date=2022-05-03 profit=15390.0

Product: BOOST EURO STOXX BANKS 3X LEVERAGE DAILY
--- Transactions ---
BUY id=0 date=2021-02-09 qty=2400.0 price=3.0175
BUY id=1 date=2021-03-03 qty=800.0 price=4.1295
BUY id=2 date=2021-04-16 qty=800.0 price=4.1745
BUY id=3 date=2021-05-19 qty=945.0 price=5.291
BUY id=4 date=2021-06-15 qty=862.0 price=5.91
BUY id=5 date=2021-11-10 qty=2000.0 price=6.738
BUY id=6 date=2022-02-28 qty=200.0 price=4.418
BUY id=7 date=2022-08-16 qty=7900.0 price=3.088
SELL id=0 date=2022-08-16 qty=7492.0 price=3.062
  MATCH sell_id=0 buy_id=0 take=2400.0 buy_price=3.0175 sell_price=3.062 realized=106.79999999999943
  MATCH sell_id=0 buy_id=1 take=800.0 buy_price=4.1295 sell_price=3.062 realized=-854.0000000000002
  MATCH sell_id=0 buy_id=2 take=800.0 buy_price=4.1745 sell_price=3.062 realized=-890.0000000000002
  MATCH sell_id=0 buy_id=3 take=945.0 buy_price=5.291 sell_price=3.062 realized=-2106.4050000000007
  MATCH sell_id=0 buy_id=4 take=862.0 buy_price=5.91 sell_price=3.062 realized=-2454.976
  MATCH sell_id=0 buy_id=5 take=1685.0 buy_price=6.738 sell_price=3.062 realized=-6194.060000000001
SELL id=1 date=2022-08-16 qty=115.0 price=3.062
  MATCH sell_id=1 buy_id=5 take=115.0 buy_price=6.738 sell_price=3.062 realized=-422.74000000000007
SELL id=2 date=2022-08-16 qty=400.0 price=3.062
  MATCH sell_id=2 buy_id=5 take=200.0 buy_price=6.738 sell_price=3.062 realized=-735.2000000000002
  MATCH sell_id=2 buy_id=6 take=200.0 buy_price=4.418 sell_price=3.062 realized=-271.20000000000005
BUY id=8 date=2022-08-17 qty=100.0 price=3.0425
BUY id=9 date=2022-08-18 qty=295.0 price=2.92
SELL id=3 date=2025-03-17 qty=2445.0 price=27.0
  MATCH sell_id=3 buy_id=7 take=2445.0 buy_price=3.088 sell_price=27.0 realized=58464.84
SELL id=4 date=2025-03-17 qty=75.0 price=27.0
  MATCH sell_id=4 buy_id=7 take=75.0 buy_price=3.088 sell_price=27.0 realized=1793.3999999999999
SELL id=5 date=2025-03-17 qty=75.0 price=27.0
  MATCH sell_id=5 buy_id=7 take=75.0 buy_price=3.088 sell_price=27.0 realized=1793.3999999999999
SELL id=6 date=2025-03-17 qty=75.0 price=27.0
  MATCH sell_id=6 buy_id=7 take=75.0 buy_price=3.088 sell_price=27.0 realized=1793.3999999999999
SELL id=7 date=2025-03-17 qty=75.0 price=27.0
  MATCH sell_id=7 buy_id=7 take=75.0 buy_price=3.088 sell_price=27.0 realized=1793.3999999999999
SELL id=8 date=2025-03-17 qty=550.0 price=27.0
  MATCH sell_id=8 buy_id=7 take=550.0 buy_price=3.088 sell_price=27.0 realized=13151.6
BUY id=10 date=2025-03-28 qty=1290.0 price=25.85
BUY id=11 date=2025-03-28 qty=110.0 price=25.85
BUY id=12 date=2025-03-28 qty=1100.0 price=25.845
SELL id=9 date=2025-04-02 qty=2500.0 price=24.74
  MATCH sell_id=9 buy_id=7 take=2500.0 buy_price=3.088 sell_price=24.74 realized=54129.99999999999
SELL id=10 date=2025-04-02 qty=2500.0 price=24.66
  MATCH sell_id=10 buy_id=7 take=2105.0 buy_price=3.088 sell_price=24.66 realized=45409.06
  MATCH sell_id=10 buy_id=8 take=100.0 buy_price=3.0425 sell_price=24.66 realized=2161.75
  MATCH sell_id=10 buy_id=9 take=295.0 buy_price=2.92 sell_price=24.66 realized=6413.3
BUY id=13 date=2025-04-04 qty=164.0 price=16.0
BUY id=14 date=2025-04-04 qty=140.0 price=16.0
BUY id=15 date=2025-04-04 qty=140.0 price=16.0
BUY id=16 date=2025-04-04 qty=140.0 price=16.0
BUY id=17 date=2025-04-04 qty=140.0 price=16.0
BUY id=18 date=2025-04-04 qty=140.0 price=16.0
BUY id=19 date=2025-04-04 qty=140.0 price=16.0
BUY id=20 date=2025-04-04 qty=140.0 price=16.0
BUY id=21 date=2025-04-04 qty=140.0 price=16.0
BUY id=22 date=2025-04-04 qty=140.0 price=16.0
BUY id=23 date=2025-04-04 qty=104.0 price=16.0
BUY id=24 date=2025-04-04 qty=104.0 price=16.0
BUY id=25 date=2025-04-04 qty=104.0 price=16.0
BUY id=26 date=2025-04-04 qty=104.0 price=16.0
BUY id=27 date=2025-04-04 qty=104.0 price=16.0
BUY id=28 date=2025-04-04 qty=139.0 price=16.0
BUY id=29 date=2025-04-04 qty=139.0 price=16.0
BUY id=30 date=2025-04-04 qty=139.0 price=16.0
BUY id=31 date=2025-04-04 qty=139.0 price=16.0
SELL id=11 date=2025-04-04 qty=1060.0 price=15.322
  MATCH sell_id=11 buy_id=10 take=1060.0 buy_price=25.85 sell_price=15.322 realized=-11159.680000000002
SELL id=12 date=2025-04-04 qty=1300.0 price=15.324
  MATCH sell_id=12 buy_id=10 take=230.0 buy_price=25.85 sell_price=15.324 realized=-2420.9800000000005
  MATCH sell_id=12 buy_id=11 take=110.0 buy_price=25.85 sell_price=15.324 realized=-1157.8600000000001
  MATCH sell_id=12 buy_id=12 take=960.0 buy_price=25.845 sell_price=15.324 realized=-10100.16
SELL id=13 date=2025-04-04 qty=140.0 price=15.324
  MATCH sell_id=13 buy_id=12 take=140.0 buy_price=25.845 sell_price=15.324 realized=-1472.9399999999998
--- Matrix (rows=buys, cols=sells) ---
BUY 0 -> 2400,0,0,0,0,0,0,0,0,0,0,0,0,0
BUY 1 -> 800,0,0,0,0,0,0,0,0,0,0,0,0,0
BUY 2 -> 800,0,0,0,0,0,0,0,0,0,0,0,0,0
BUY 3 -> 945,0,0,0,0,0,0,0,0,0,0,0,0,0
BUY 4 -> 862,0,0,0,0,0,0,0,0,0,0,0,0,0
BUY 5 -> 1685,115,200,0,0,0,0,0,0,0,0,0,0,0
BUY 6 -> 0,0,200,0,0,0,0,0,0,0,0,0,0,0
BUY 7 -> 0,0,0,2445,75,75,75,75,550,2500,2105,0,0,0
BUY 8 -> 0,0,0,0,0,0,0,0,0,0,100,0,0,0
BUY 9 -> 0,0,0,0,0,0,0,0,0,0,295,0,0,0
BUY 10 -> 0,0,0,0,0,0,0,0,0,0,0,1060,230,0
BUY 11 -> 0,0,0,0,0,0,0,0,0,0,0,0,110,0
BUY 12 -> 0,0,0,0,0,0,0,0,0,0,0,0,960,140
BUY 13 -> 0,0,0,0,0,0,0,0,0,0,0,0,0,0
BUY 14 -> 0,0,0,0,0,0,0,0,0,0,0,0,0,0
BUY 15 -> 0,0,0,0,0,0,0,0,0,0,0,0,0,0
BUY 16 -> 0,0,0,0,0,0,0,0,0,0,0,0,0,0
BUY 17 -> 0,0,0,0,0,0,0,0,0,0,0,0,0,0
BUY 18 -> 0,0,0,0,0,0,0,0,0,0,0,0,0,0
BUY 19 -> 0,0,0,0,0,0,0,0,0,0,0,0,0,0
BUY 20 -> 0,0,0,0,0,0,0,0,0,0,0,0,0,0
BUY 21 -> 0,0,0,0,0,0,0,0,0,0,0,0,0,0
BUY 22 -> 0,0,0,0,0,0,0,0,0,0,0,0,0,0
BUY 23 -> 0,0,0,0,0,0,0,0,0,0,0,0,0,0
BUY 24 -> 0,0,0,0,0,0,0,0,0,0,0,0,0,0
BUY 25 -> 0,0,0,0,0,0,0,0,0,0,0,0,0,0
BUY 26 -> 0,0,0,0,0,0,0,0,0,0,0,0,0,0
BUY 27 -> 0,0,0,0,0,0,0,0,0,0,0,0,0,0
BUY 28 -> 0,0,0,0,0,0,0,0,0,0,0,0,0,0
BUY 29 -> 0,0,0,0,0,0,0,0,0,0,0,0,0,0
BUY 30 -> 0,0,0,0,0,0,0,0,0,0,0,0,0,0
BUY 31 -> 0,0,0,0,0,0,0,0,0,0,0,0,0,0
--- Sale profits ---
SALE id=0 date=2022-08-16 profit=-12392.641000000003
SALE id=1 date=2022-08-16 profit=-422.74000000000007
SALE id=2 date=2022-08-16 profit=-1006.4000000000002
SALE id=3 date=2025-03-17 profit=58464.84
SALE id=4 date=2025-03-17 profit=1793.3999999999999
SALE id=5 date=2025-03-17 profit=1793.3999999999999
SALE id=6 date=2025-03-17 profit=1793.3999999999999
SALE id=7 date=2025-03-17 profit=1793.3999999999999
SALE id=8 date=2025-03-17 profit=13151.6
SALE id=9 date=2025-04-02 profit=54129.99999999999
SALE id=10 date=2025-04-02 profit=53984.11
SALE id=11 date=2025-04-04 profit=-11159.680000000002
SALE id=12 date=2025-04-04 profit=-13679.0
SALE id=13 date=2025-04-04 profit=-1472.9399999999998

Product: BT GROUP
--- Transactions ---
BUY id=0 date=2022-10-03 qty=9.0 price=126.4
BUY id=1 date=2022-10-13 qty=800.0 price=119.0
BUY id=2 date=2022-11-08 qty=2191.0 price=116.1
BUY id=3 date=2022-12-19 qty=2000.0 price=113.0
BUY id=4 date=2023-08-07 qty=7500.0 price=113.6
--- Matrix (rows=buys, cols=sells) ---
BUY 0 -> 
BUY 1 -> 
BUY 2 -> 
BUY 3 -> 
BUY 4 -> 
--- Sale profits ---

Product: FD TECHNOLOGIES PLC
--- Transactions ---
BUY id=0 date=2020-05-01 qty=13.0 price=2470.0
BUY id=1 date=2020-06-02 qty=1.0 price=2630.0
BUY id=2 date=2020-06-03 qty=186.0 price=2760.0
SELL id=0 date=2022-11-08 qty=200.0 price=1466.0
  MATCH sell_id=0 buy_id=0 take=13.0 buy_price=2470.0 sell_price=1466.0 realized=-13052.0
  MATCH sell_id=0 buy_id=1 take=1.0 buy_price=2630.0 sell_price=1466.0 realized=-1164.0
  MATCH sell_id=0 buy_id=2 take=186.0 buy_price=2760.0 sell_price=1466.0 realized=-240684.0
--- Matrix (rows=buys, cols=sells) ---
BUY 0 -> 13
BUY 1 -> 1
BUY 2 -> 186
--- Sale profits ---
SALE id=0 date=2022-11-08 profit=-254900.0

Product: FLUTTER ENTERTAINMENT PLC
--- Transactions ---
BUY id=0 date=2023-03-20 qty=3.0 price=153.85
BUY id=1 date=2023-03-22 qty=12.0 price=163.5
BUY id=2 date=2023-06-01 qty=27.0 price=184.1
BUY id=3 date=2023-08-09 qty=18.0 price=167.6
BUY id=4 date=2023-08-09 qty=40.0 price=167.6
SELL id=0 date=2023-12-04 qty=20.0 price=143.05
  MATCH sell_id=0 buy_id=0 take=3.0 buy_price=153.85 sell_price=143.05 realized=-32.39999999999995
  MATCH sell_id=0 buy_id=1 take=12.0 buy_price=163.5 sell_price=143.05 realized=-245.39999999999986
  MATCH sell_id=0 buy_id=2 take=5.0 buy_price=184.1 sell_price=143.05 realized=-205.24999999999991
SELL id=1 date=2023-12-04 qty=40.0 price=143.05
  MATCH sell_id=1 buy_id=2 take=22.0 buy_price=184.1 sell_price=143.05 realized=-903.0999999999997
  MATCH sell_id=1 buy_id=3 take=18.0 buy_price=167.6 sell_price=143.05 realized=-441.8999999999997
SELL id=2 date=2023-12-04 qty=40.0 price=143.05
  MATCH sell_id=2 buy_id=4 take=40.0 buy_price=167.6 sell_price=143.05 realized=-981.9999999999993
BUY id=5 date=2023-12-07 qty=68.0 price=150.6
BUY id=6 date=2024-07-15 qty=68.0 price=0.0
SELL id=3 date=2024-07-15 qty=68.0 price=0.0
  MATCH sell_id=3 buy_id=5 take=68.0 buy_price=150.6 sell_price=0.0 realized=-10240.8
--- Matrix (rows=buys, cols=sells) ---
BUY 0 -> 3,0,0,0
BUY 1 -> 12,0,0,0
BUY 2 -> 5,22,0,0
BUY 3 -> 0,18,0,0
BUY 4 -> 0,0,40,0
BUY 5 -> 0,0,0,68
BUY 6 -> 0,0,0,0
--- Sale profits ---
SALE id=0 date=2023-12-04 profit=-483.0499999999997
SALE id=1 date=2023-12-04 profit=-1344.9999999999993
SALE id=2 date=2023-12-04 profit=-981.9999999999993
SALE id=3 date=2024-07-15 profit=-10240.8

Product: GARTNER INC. COMMON S
--- Transactions ---
BUY id=0 date=2020-03-03 qty=1.0 price=129.5
BUY id=1 date=2025-06-06 qty=25.0 price=422.0
BUY id=2 date=2025-06-06 qty=35.0 price=422.0
BUY id=3 date=2025-08-06 qty=60.0 price=247.56
SELL id=0 date=2025-08-06 qty=60.0 price=243.5
  MATCH sell_id=0 buy_id=0 take=1.0 buy_price=129.5 sell_price=243.5 realized=114.0
  MATCH sell_id=0 buy_id=1 take=25.0 buy_price=422.0 sell_price=243.5 realized=-4462.5
  MATCH sell_id=0 buy_id=2 take=34.0 buy_price=422.0 sell_price=243.5 realized=-6069.0
SELL id=1 date=2025-11-25 qty=51.0 price=230.25
  MATCH sell_id=1 buy_id=2 take=1.0 buy_price=422.0 sell_price=230.25 realized=-191.75
  MATCH sell_id=1 buy_id=3 take=50.0 buy_price=247.56 sell_price=230.25 realized=-865.5000000000001
SELL id=2 date=2025-11-25 qty=9.0 price=230.25
  MATCH sell_id=2 buy_id=3 take=9.0 buy_price=247.56 sell_price=230.25 realized=-155.79000000000002
--- Matrix (rows=buys, cols=sells) ---
BUY 0 -> 1,0,0
BUY 1 -> 25,0,0
BUY 2 -> 34,1,0
BUY 3 -> 0,50,9
--- Sale profits ---
SALE id=0 date=2025-08-06 profit=-10417.5
SALE id=1 date=2025-11-25 profit=-1057.25
SALE id=2 date=2025-11-25 profit=-155.79000000000002

Product: HIBERNIA REIT PLC
--- Transactions ---
BUY id=0 date=2020-02-27 qty=500.0 price=1.268
BUY id=1 date=2020-03-11 qty=124.0 price=1.15
BUY id=2 date=2020-03-11 qty=376.0 price=1.15
BUY id=3 date=2020-03-18 qty=299.0 price=0.84
BUY id=4 date=2020-03-18 qty=7357.0 price=0.84
BUY id=5 date=2020-03-18 qty=1865.0 price=0.84
BUY id=6 date=2020-03-18 qty=349.0 price=0.84
BUY id=7 date=2020-03-18 qty=2130.0 price=0.84
BUY id=8 date=2020-03-25 qty=4541.0 price=0.903
BUY id=9 date=2020-03-25 qty=6459.0 price=0.903
BUY id=10 date=2020-03-27 qty=37.0 price=0.932
BUY id=11 date=2020-03-27 qty=1126.0 price=0.931
BUY id=12 date=2020-03-27 qty=700.0 price=0.93
BUY id=13 date=2020-03-27 qty=397.0 price=0.929
BUY id=14 date=2020-03-27 qty=1125.0 price=0.929
BUY id=15 date=2020-03-27 qty=5915.0 price=0.929
BUY id=16 date=2020-03-27 qty=700.0 price=0.929
BUY id=17 date=2020-04-07 qty=185.0 price=1.058
BUY id=18 date=2020-04-07 qty=5600.0 price=1.058
BUY id=19 date=2020-04-07 qty=2515.0 price=1.056
BUY id=20 date=2020-04-07 qty=700.0 price=1.056
SELL id=0 date=2022-06-30 qty=43000.0 price=0.0
  MATCH sell_id=0 buy_id=0 take=500.0 buy_price=1.268 sell_price=0.0 realized=-634.0
  MATCH sell_id=0 buy_id=1 take=124.0 buy_price=1.15 sell_price=0.0 realized=-142.6
  MATCH sell_id=0 buy_id=2 take=376.0 buy_price=1.15 sell_price=0.0 realized=-432.4
  MATCH sell_id=0 buy_id=3 take=299.0 buy_price=0.84 sell_price=0.0 realized=-251.16
  MATCH sell_id=0 buy_id=4 take=7357.0 buy_price=0.84 sell_price=0.0 realized=-6179.88
  MATCH sell_id=0 buy_id=5 take=1865.0 buy_price=0.84 sell_price=0.0 realized=-1566.6
  MATCH sell_id=0 buy_id=6 take=349.0 buy_price=0.84 sell_price=0.0 realized=-293.15999999999997
  MATCH sell_id=0 buy_id=7 take=2130.0 buy_price=0.84 sell_price=0.0 realized=-1789.2
  MATCH sell_id=0 buy_id=8 take=4541.0 buy_price=0.903 sell_price=0.0 realized=-4100.523
  MATCH sell_id=0 buy_id=9 take=6459.0 buy_price=0.903 sell_price=0.0 realized=-5832.477
  MATCH sell_id=0 buy_id=10 take=37.0 buy_price=0.932 sell_price=0.0 realized=-34.484
  MATCH sell_id=0 buy_id=11 take=1126.0 buy_price=0.931 sell_price=0.0 realized=-1048.306
  MATCH sell_id=0 buy_id=12 take=700.0 buy_price=0.93 sell_price=0.0 realized=-651.0
  MATCH sell_id=0 buy_id=13 take=397.0 buy_price=0.929 sell_price=0.0 realized=-368.81300000000005
  MATCH sell_id=0 buy_id=14 take=1125.0 buy_price=0.929 sell_price=0.0 realized=-1045.125
  MATCH sell_id=0 buy_id=15 take=5915.0 buy_price=0.929 sell_price=0.0 realized=-5495.035
  MATCH sell_id=0 buy_id=16 take=700.0 buy_price=0.929 sell_price=0.0 realized=-650.3000000000001
  MATCH sell_id=0 buy_id=17 take=185.0 buy_price=1.058 sell_price=0.0 realized=-195.73000000000002
  MATCH sell_id=0 buy_id=18 take=5600.0 buy_price=1.058 sell_price=0.0 realized=-5924.8
  MATCH sell_id=0 buy_id=19 take=2515.0 buy_price=1.056 sell_price=0.0 realized=-2655.84
  MATCH sell_id=0 buy_id=20 take=700.0 buy_price=1.056 sell_price=0.0 realized=-739.2
--- Matrix (rows=buys, cols=sells) ---
BUY 0 -> 500
BUY 1 -> 124
BUY 2 -> 376
BUY 3 -> 299
BUY 4 -> 7357
BUY 5 -> 1865
BUY 6 -> 349
BUY 7 -> 2130
BUY 8 -> 4541
BUY 9 -> 6459
BUY 10 -> 37
BUY 11 -> 1126
BUY 12 -> 700
BUY 13 -> 397
BUY 14 -> 1125
BUY 15 -> 5915
BUY 16 -> 700
BUY 17 -> 185
BUY 18 -> 5600
BUY 19 -> 2515
BUY 20 -> 700
--- Sale profits ---
SALE id=0 date=2022-06-30 profit=-40030.633

Product: HYZON MOTORS INC
--- Transactions ---
BUY id=0 date=2021-11-05 qty=1000.0 price=5.75
SELL id=0 date=2022-03-02 qty=131.0 price=5.46
  MATCH sell_id=0 buy_id=0 take=131.0 buy_price=5.75 sell_price=5.46 realized=-37.99
SELL id=1 date=2022-11-07 qty=100.0 price=1.73
  MATCH sell_id=1 buy_id=0 take=100.0 buy_price=5.75 sell_price=1.73 realized=-401.99999999999994
SELL id=2 date=2022-11-07 qty=100.0 price=1.73
  MATCH sell_id=2 buy_id=0 take=100.0 buy_price=5.75 sell_price=1.73 realized=-401.99999999999994
SELL id=3 date=2022-11-07 qty=100.0 price=1.73
  MATCH sell_id=3 buy_id=0 take=100.0 buy_price=5.75 sell_price=1.73 realized=-401.99999999999994
SELL id=4 date=2022-11-07 qty=100.0 price=1.73
  MATCH sell_id=4 buy_id=0 take=100.0 buy_price=5.75 sell_price=1.73 realized=-401.99999999999994
SELL id=5 date=2022-11-07 qty=91.0 price=1.73
  MATCH sell_id=5 buy_id=0 take=91.0 buy_price=5.75 sell_price=1.73 realized=-365.81999999999994
SELL id=6 date=2022-11-07 qty=100.0 price=1.73
  MATCH sell_id=6 buy_id=0 take=100.0 buy_price=5.75 sell_price=1.73 realized=-401.99999999999994
SELL id=7 date=2022-11-07 qty=78.0 price=1.73
  MATCH sell_id=7 buy_id=0 take=78.0 buy_price=5.75 sell_price=1.73 realized=-313.55999999999995
SELL id=8 date=2022-11-07 qty=200.0 price=1.73
  MATCH sell_id=8 buy_id=0 take=200.0 buy_price=5.75 sell_price=1.73 realized=-803.9999999999999
--- Matrix (rows=buys, cols=sells) ---
BUY 0 -> 131,100,100,100,100,91,100,78,200
--- Sale profits ---
SALE id=0 date=2022-03-02 profit=-37.99
SALE id=1 date=2022-11-07 profit=-401.99999999999994
SALE id=2 date=2022-11-07 profit=-401.99999999999994
SALE id=3 date=2022-11-07 profit=-401.99999999999994
SALE id=4 date=2022-11-07 profit=-401.99999999999994
SALE id=5 date=2022-11-07 profit=-365.81999999999994
SALE id=6 date=2022-11-07 profit=-401.99999999999994
SALE id=7 date=2022-11-07 profit=-313.55999999999995
SALE id=8 date=2022-11-07 profit=-803.9999999999999

Product: INTEL CORP
--- Transactions ---
BUY id=0 date=2024-09-18 qty=90.0 price=18.9
BUY id=1 date=2024-11-29 qty=90.0 price=22.52
SELL id=0 date=2024-11-29 qty=90.0 price=22.505
  MATCH sell_id=0 buy_id=0 take=90.0 buy_price=18.9 sell_price=22.505 realized=324.45000000000005
BUY id=2 date=2024-12-04 qty=24.0 price=20.935
SELL id=1 date=2025-03-06 qty=114.0 price=19.12
  MATCH sell_id=1 buy_id=1 take=90.0 buy_price=22.52 sell_price=19.12 realized=-305.9999999999999
  MATCH sell_id=1 buy_id=2 take=24.0 buy_price=20.935 sell_price=19.12 realized=-43.559999999999945
--- Matrix (rows=buys, cols=sells) ---
BUY 0 -> 90,0
BUY 1 -> 0,90
BUY 2 -> 0,24
--- Sale profits ---
SALE id=0 date=2024-11-29 profit=324.45000000000005
SALE id=1 date=2025-03-06 profit=-349.55999999999983

Product: NETFLIX INC
--- Transactions ---
BUY id=0 date=2022-05-02 qty=4.0 price=180.5
BUY id=1 date=2022-05-03 qty=7.0 price=190.44
SELL id=0 date=2025-04-02 qty=11.0 price=867.2
  MATCH sell_id=0 buy_id=0 take=4.0 buy_price=180.5 sell_price=867.2 realized=2746.8
  MATCH sell_id=0 buy_id=1 take=7.0 buy_price=190.44 sell_price=867.2 realized=4737.32
--- Matrix (rows=buys, cols=sells) ---
BUY 0 -> 4
BUY 1 -> 7
--- Sale profits ---
SALE id=0 date=2025-04-02 profit=7484.12

Product: NETFLIX INC. - COMMON
--- Transactions ---
BUY id=0 date=2025-12-05 qty=15.0 price=98.75
--- Matrix (rows=buys, cols=sells) ---
BUY 0 -> 
--- Sale profits ---

Product: NOVO NORDISK A/S
--- Transactions ---
BUY id=0 date=2023-08-08 qty=60.0 price=172.9
BUY id=1 date=2023-09-13 qty=120.0 price=92.5
SELL id=0 date=2023-09-13 qty=60.0 price=185.0
  MATCH sell_id=0 buy_id=0 take=60.0 buy_price=172.9 sell_price=185.0 realized=725.9999999999997
BUY id=2 date=2025-04-04 qty=120.0 price=60.25
SELL id=1 date=2025-04-04 qty=120.0 price=60.25
  MATCH sell_id=1 buy_id=1 take=120.0 buy_price=92.5 sell_price=60.25 realized=-3870.0
SELL id=2 date=2025-11-25 qty=120.0 price=38.705
  MATCH sell_id=2 buy_id=2 take=120.0 buy_price=60.25 sell_price=38.705 realized=-2585.4
--- Matrix (rows=buys, cols=sells) ---
BUY 0 -> 60,0,0
BUY 1 -> 0,120,0
BUY 2 -> 0,0,120
--- Sale profits ---
SALE id=0 date=2023-09-13 profit=725.9999999999997
SALE id=1 date=2025-04-04 profit=-3870.0
SALE id=2 date=2025-11-25 profit=-2585.4

Product: PFIZER INC
--- Transactions ---
BUY id=0 date=2023-12-04 qty=150.0 price=27.15
BUY id=1 date=2023-12-05 qty=150.0 price=27.15
BUY id=2 date=2024-11-27 qty=300.0 price=24.53
SELL id=0 date=2024-11-27 qty=300.0 price=24.54
  MATCH sell_id=0 buy_id=0 take=150.0 buy_price=27.15 sell_price=24.54 realized=-391.4999999999999
  MATCH sell_id=0 buy_id=1 take=150.0 buy_price=27.15 sell_price=24.54 realized=-391.4999999999999
SELL id=1 date=2025-11-25 qty=300.0 price=21.9
  MATCH sell_id=1 buy_id=2 take=300.0 buy_price=24.53 sell_price=21.9 realized=-789.0000000000008
BUY id=3 date=2025-11-27 qty=300.0 price=22.135
--- Matrix (rows=buys, cols=sells) ---
BUY 0 -> 150,0
BUY 1 -> 150,0
BUY 2 -> 0,300
BUY 3 -> 0,0
--- Sale profits ---
SALE id=0 date=2024-11-27 profit=-782.9999999999998
SALE id=1 date=2025-11-25 profit=-789.0000000000008

Product: PFIZER INC. COMMON ST
--- Transactions ---
BUY id=0 date=2020-11-09 qty=48.0 price=39.26
BUY id=1 date=2020-11-09 qty=92.0 price=39.255
SELL id=0 date=2023-12-04 qty=140.0 price=29.14
  MATCH sell_id=0 buy_id=0 take=48.0 buy_price=39.26 sell_price=29.14 realized=-485.7599999999999
  MATCH sell_id=0 buy_id=1 take=92.0 buy_price=39.255 sell_price=29.14 realized=-930.5800000000002
--- Matrix (rows=buys, cols=sells) ---
BUY 0 -> 48
BUY 1 -> 92
--- Sale profits ---
SALE id=0 date=2023-12-04 profit=-1416.3400000000001

Product: ROBINHOOD MARKETS INC
--- Transactions ---
BUY id=0 date=2021-08-05 qty=20.0 price=57.96
SELL id=0 date=2022-08-19 qty=16.0 price=9.32
  MATCH sell_id=0 buy_id=0 take=16.0 buy_price=57.96 sell_price=9.32 realized=-778.24
SELL id=1 date=2022-08-19 qty=4.0 price=9.32
  MATCH sell_id=1 buy_id=0 take=4.0 buy_price=57.96 sell_price=9.32 realized=-194.56
--- Matrix (rows=buys, cols=sells) ---
BUY 0 -> 16,4
--- Sale profits ---
SALE id=0 date=2022-08-19 profit=-778.24
SALE id=1 date=2022-08-19 profit=-194.56

Product: RYANAIR HOLDINGS PLC
--- Transactions ---
BUY id=0 date=2024-04-19 qty=97.0 price=20.5
BUY id=1 date=2024-11-27 qty=100.0 price=18.215
SELL id=0 date=2024-11-27 qty=97.0 price=18.215
  MATCH sell_id=0 buy_id=0 take=97.0 buy_price=20.5 sell_price=18.215 realized=-221.645
--- Matrix (rows=buys, cols=sells) ---
BUY 0 -> 97
BUY 1 -> 0
--- Sale profits ---
SALE id=0 date=2024-11-27 profit=-221.645

Product: VIATRIS INC. - COMMON STOCK
--- Transactions ---
BUY id=0 date=2020-11-17 qty=17.0 price=0.0
--- Matrix (rows=buys, cols=sells) ---
BUY 0 -> 
--- Sale profits ---

Product: WISDOMTREE MANAGEMENT LTD.
--- Transactions ---
BUY id=0 date=2025-03-19 qty=550.0 price=26.96
SELL id=0 date=2025-11-27 qty=550.0 price=28.605
  MATCH sell_id=0 buy_id=0 take=550.0 buy_price=26.96 sell_price=28.605 realized=904.7499999999998
--- Matrix (rows=buys, cols=sells) ---
BUY 0 -> 550
--- Sale profits ---
SALE id=0 date=2025-11-27 profit=904.7499999999998

Product: WT ISEQ20 ETF E
--- Transactions ---
BUY id=0 date=2020-02-10 qty=3.0 price=14.55
BUY id=1 date=2020-02-27 qty=17.0 price=13.52
BUY id=2 date=2020-03-04 qty=280.0 price=13.3
BUY id=3 date=2020-03-11 qty=200.0 price=11.78
BUY id=4 date=2020-03-27 qty=60.0 price=10.574
BUY id=5 date=2020-06-05 qty=315.0 price=13.356
SELL id=0 date=2020-09-18 qty=875.0 price=0.0
  MATCH sell_id=0 buy_id=0 take=3.0 buy_price=14.55 sell_price=0.0 realized=-43.650000000000006
  MATCH sell_id=0 buy_id=1 take=17.0 buy_price=13.52 sell_price=0.0 realized=-229.84
  MATCH sell_id=0 buy_id=2 take=280.0 buy_price=13.3 sell_price=0.0 realized=-3724.0
  MATCH sell_id=0 buy_id=3 take=200.0 buy_price=11.78 sell_price=0.0 realized=-2356.0
  MATCH sell_id=0 buy_id=4 take=60.0 buy_price=10.574 sell_price=0.0 realized=-634.4399999999999
  MATCH sell_id=0 buy_id=5 take=315.0 buy_price=13.356 sell_price=0.0 realized=-4207.14
--- Matrix (rows=buys, cols=sells) ---
BUY 0 -> 3
BUY 1 -> 17
BUY 2 -> 280
BUY 3 -> 200
BUY 4 -> 60
BUY 5 -> 315
--- Sale profits ---
SALE id=0 date=2020-09-18 profit=-11195.07

Product: ADR ON ALIBABA GROUP HOLDING
--- Transactions ---
BUY id=0 date=2021-11-22 qty=12.0 price=140.0
SELL id=0 date=2022-11-07 qty=12.0 price=69.08
  MATCH sell_id=0 buy_id=0 take=12.0 buy_price=140.0 sell_price=69.08 realized=-851.04
BUY id=1 date=2024-04-18 qty=10.0 price=64.8
--- Matrix (rows=buys, cols=sells) ---
BUY 0 -> 12
BUY 1 -> 0
--- Sale profits ---
SALE id=0 date=2022-11-07 profit=-851.04

Product: ADVANCED MICRO DEVICES INC
--- Transactions ---
BUY id=0 date=2025-03-06 qty=223.0 price=92.12
BUY id=1 date=2025-03-06 qty=23.0 price=92.61
BUY id=2 date=2025-03-06 qty=4.0 price=91.61
BUY id=3 date=2025-03-07 qty=6.0 price=89.72
BUY id=4 date=2025-04-04 qty=250.0 price=80.5
SELL id=0 date=2025-04-04 qty=256.0 price=80.07
  MATCH sell_id=0 buy_id=0 take=223.0 buy_price=92.12 sell_price=80.07 realized=-2687.1500000000024
  MATCH sell_id=0 buy_id=1 take=23.0 buy_price=92.61 sell_price=80.07 realized=-288.42000000000013
  MATCH sell_id=0 buy_id=2 take=4.0 buy_price=91.61 sell_price=80.07 realized=-46.160000000000025
  MATCH sell_id=0 buy_id=3 take=6.0 buy_price=89.72 sell_price=80.07 realized=-57.900000000000034
BUY id=5 date=2025-11-25 qty=70.0 price=170.6
BUY id=6 date=2025-11-25 qty=20.0 price=174.78
BUY id=7 date=2025-11-25 qty=50.0 price=180.5
--- Matrix (rows=buys, cols=sells) ---
BUY 0 -> 223
BUY 1 -> 23
BUY 2 -> 4
BUY 3 -> 6
BUY 4 -> 0
BUY 5 -> 0
BUY 6 -> 0
BUY 7 -> 0
--- Sale profits ---
SALE id=0 date=2025-04-04 profit=-3079.6300000000024

Product: ALSTRIA OFFICE REIT AG
--- Transactions ---
BUY id=0 date=2020-08-13 qty=75.0 price=12.84
SELL id=0 date=2020-11-16 qty=75.0 price=13.7
  MATCH sell_id=0 buy_id=0 take=75.0 buy_price=12.84 sell_price=13.7 realized=64.49999999999996
--- Matrix (rows=buys, cols=sells) ---
BUY 0 -> 75
--- Sale profits ---
SALE id=0 date=2020-11-16 profit=64.49999999999996

Product: AMAZON.COM INC
--- Transactions ---
BUY id=0 date=2023-01-18 qty=112.0 price=88.75
SELL id=0 date=2023-12-04 qty=112.0 price=133.2
  MATCH sell_id=0 buy_id=0 take=112.0 buy_price=88.75 sell_price=133.2 realized=4978.399999999999
BUY id=1 date=2023-12-05 qty=114.0 price=133.0
SELL id=1 date=2025-03-06 qty=114.0 price=185.06
  MATCH sell_id=1 buy_id=1 take=114.0 buy_price=133.0 sell_price=185.06 realized=5934.84
--- Matrix (rows=buys, cols=sells) ---
BUY 0 -> 112,0
BUY 1 -> 0,114
--- Sale profits ---
SALE id=0 date=2023-12-04 profit=4978.399999999999
SALE id=1 date=2025-03-06 profit=5934.84

Product: BANK OF IRELAND GROUP PLC
--- Transactions ---
BUY id=0 date=2020-02-10 qty=10.0 price=4.05
BUY id=1 date=2020-02-27 qty=37.0 price=3.49
BUY id=2 date=2020-03-03 qty=353.0 price=3.196
BUY id=3 date=2020-03-11 qty=100.0 price=2.832
BUY id=4 date=2020-03-25 qty=200.0 price=1.938
BUY id=5 date=2020-08-13 qty=5.0 price=1.988
BUY id=6 date=2021-03-11 qty=30.0 price=3.836
BUY id=7 date=2021-04-07 qty=765.0 price=4.216
SELL id=0 date=2025-04-02 qty=750.0 price=11.1
  MATCH sell_id=0 buy_id=0 take=10.0 buy_price=4.05 sell_price=11.1 realized=70.5
  MATCH sell_id=0 buy_id=1 take=37.0 buy_price=3.49 sell_price=11.1 realized=281.57
  MATCH sell_id=0 buy_id=2 take=353.0 buy_price=3.196 sell_price=11.1 realized=2790.112
  MATCH sell_id=0 buy_id=3 take=100.0 buy_price=2.832 sell_price=11.1 realized=826.8000000000001
  MATCH sell_id=0 buy_id=4 take=200.0 buy_price=1.938 sell_price=11.1 realized=1832.3999999999999
  MATCH sell_id=0 buy_id=5 take=5.0 buy_price=1.988 sell_price=11.1 realized=45.56
  MATCH sell_id=0 buy_id=6 take=30.0 buy_price=3.836 sell_price=11.1 realized=217.92
  MATCH sell_id=0 buy_id=7 take=15.0 buy_price=4.216 sell_price=11.1 realized=103.25999999999999
SELL id=1 date=2025-04-02 qty=750.0 price=11.1
  MATCH sell_id=1 buy_id=7 take=750.0 buy_price=4.216 sell_price=11.1 realized=5163.0
BUY id=8 date=2025-12-04 qty=500.0 price=15.925
--- Matrix (rows=buys, cols=sells) ---
BUY 0 -> 10,0
BUY 1 -> 37,0
BUY 2 -> 353,0
BUY 3 -> 100,0
BUY 4 -> 200,0
BUY 5 -> 5,0
BUY 6 -> 30,0
BUY 7 -> 15,750
BUY 8 -> 0,0
--- Sale profits ---
SALE id=0 date=2025-04-02 profit=6168.122000000001
SALE id=1 date=2025-04-02 profit=5163.0

Product: BEAZLEY PLC/UK
--- Transactions ---
BUY id=0 date=2020-11-16 qty=270.0 price=378.0
SELL id=0 date=2022-05-03 qty=270.0 price=435.0
  MATCH sell_id=0 buy_id=0 take=270.0 buy_price=378.0 sell_price=435.0 realized=15390.0
--- Matrix (rows=buys, cols=sells) ---
BUY 0 -> 270
--- Sale profits ---
SALE id=0 date=2022-05-03 profit=15390.0

Product: BOOST EURO STOXX BANKS 3X LEVERAGE DAILY
--- Transactions ---
BUY id=0 date=2021-02-09 qty=2400.0 price=3.0175
BUY id=1 date=2021-03-03 qty=800.0 price=4.1295
BUY id=2 date=2021-04-16 qty=800.0 price=4.1745
BUY id=3 date=2021-05-19 qty=945.0 price=5.291
BUY id=4 date=2021-06-15 qty=862.0 price=5.91
BUY id=5 date=2021-11-10 qty=2000.0 price=6.738
BUY id=6 date=2022-02-28 qty=200.0 price=4.418
BUY id=7 date=2022-08-16 qty=7900.0 price=3.088
SELL id=0 date=2022-08-16 qty=7492.0 price=3.062
  MATCH sell_id=0 buy_id=0 take=2400.0 buy_price=3.0175 sell_price=3.062 realized=106.79999999999943
  MATCH sell_id=0 buy_id=1 take=800.0 buy_price=4.1295 sell_price=3.062 realized=-854.0000000000002
  MATCH sell_id=0 buy_id=2 take=800.0 buy_price=4.1745 sell_price=3.062 realized=-890.0000000000002
  MATCH sell_id=0 buy_id=3 take=945.0 buy_price=5.291 sell_price=3.062 realized=-2106.4050000000007
  MATCH sell_id=0 buy_id=4 take=862.0 buy_price=5.91 sell_price=3.062 realized=-2454.976
  MATCH sell_id=0 buy_id=5 take=1685.0 buy_price=6.738 sell_price=3.062 realized=-6194.060000000001
SELL id=1 date=2022-08-16 qty=115.0 price=3.062
  MATCH sell_id=1 buy_id=5 take=115.0 buy_price=6.738 sell_price=3.062 realized=-422.74000000000007
SELL id=2 date=2022-08-16 qty=400.0 price=3.062
  MATCH sell_id=2 buy_id=5 take=200.0 buy_price=6.738 sell_price=3.062 realized=-735.2000000000002
  MATCH sell_id=2 buy_id=6 take=200.0 buy_price=4.418 sell_price=3.062 realized=-271.20000000000005
BUY id=8 date=2022-08-17 qty=100.0 price=3.0425
BUY id=9 date=2022-08-18 qty=295.0 price=2.92
SELL id=3 date=2025-03-17 qty=2445.0 price=27.0
  MATCH sell_id=3 buy_id=7 take=2445.0 buy_price=3.088 sell_price=27.0 realized=58464.84
SELL id=4 date=2025-03-17 qty=75.0 price=27.0
  MATCH sell_id=4 buy_id=7 take=75.0 buy_price=3.088 sell_price=27.0 realized=1793.3999999999999
SELL id=5 date=2025-03-17 qty=75.0 price=27.0
  MATCH sell_id=5 buy_id=7 take=75.0 buy_price=3.088 sell_price=27.0 realized=1793.3999999999999
SELL id=6 date=2025-03-17 qty=75.0 price=27.0
  MATCH sell_id=6 buy_id=7 take=75.0 buy_price=3.088 sell_price=27.0 realized=1793.3999999999999
SELL id=7 date=2025-03-17 qty=75.0 price=27.0
  MATCH sell_id=7 buy_id=7 take=75.0 buy_price=3.088 sell_price=27.0 realized=1793.3999999999999
SELL id=8 date=2025-03-17 qty=550.0 price=27.0
  MATCH sell_id=8 buy_id=7 take=550.0 buy_price=3.088 sell_price=27.0 realized=13151.6
BUY id=10 date=2025-03-28 qty=1290.0 price=25.85
BUY id=11 date=2025-03-28 qty=110.0 price=25.85
BUY id=12 date=2025-03-28 qty=1100.0 price=25.845
SELL id=9 date=2025-04-02 qty=2500.0 price=24.74
  MATCH sell_id=9 buy_id=7 take=2500.0 buy_price=3.088 sell_price=24.74 realized=54129.99999999999
SELL id=10 date=2025-04-02 qty=2500.0 price=24.66
  MATCH sell_id=10 buy_id=7 take=2105.0 buy_price=3.088 sell_price=24.66 realized=45409.06
  MATCH sell_id=10 buy_id=8 take=100.0 buy_price=3.0425 sell_price=24.66 realized=2161.75
  MATCH sell_id=10 buy_id=9 take=295.0 buy_price=2.92 sell_price=24.66 realized=6413.3
BUY id=13 date=2025-04-04 qty=164.0 price=16.0
BUY id=14 date=2025-04-04 qty=140.0 price=16.0
BUY id=15 date=2025-04-04 qty=140.0 price=16.0
BUY id=16 date=2025-04-04 qty=140.0 price=16.0
BUY id=17 date=2025-04-04 qty=140.0 price=16.0
BUY id=18 date=2025-04-04 qty=140.0 price=16.0
BUY id=19 date=2025-04-04 qty=140.0 price=16.0
BUY id=20 date=2025-04-04 qty=140.0 price=16.0
BUY id=21 date=2025-04-04 qty=140.0 price=16.0
BUY id=22 date=2025-04-04 qty=140.0 price=16.0
BUY id=23 date=2025-04-04 qty=104.0 price=16.0
BUY id=24 date=2025-04-04 qty=104.0 price=16.0
BUY id=25 date=2025-04-04 qty=104.0 price=16.0
BUY id=26 date=2025-04-04 qty=104.0 price=16.0
BUY id=27 date=2025-04-04 qty=104.0 price=16.0
BUY id=28 date=2025-04-04 qty=139.0 price=16.0
BUY id=29 date=2025-04-04 qty=139.0 price=16.0
BUY id=30 date=2025-04-04 qty=139.0 price=16.0
BUY id=31 date=2025-04-04 qty=139.0 price=16.0
SELL id=11 date=2025-04-04 qty=1060.0 price=15.322
  MATCH sell_id=11 buy_id=10 take=1060.0 buy_price=25.85 sell_price=15.322 realized=-11159.680000000002
SELL id=12 date=2025-04-04 qty=1300.0 price=15.324
  MATCH sell_id=12 buy_id=10 take=230.0 buy_price=25.85 sell_price=15.324 realized=-2420.9800000000005
  MATCH sell_id=12 buy_id=11 take=110.0 buy_price=25.85 sell_price=15.324 realized=-1157.8600000000001
  MATCH sell_id=12 buy_id=12 take=960.0 buy_price=25.845 sell_price=15.324 realized=-10100.16
SELL id=13 date=2025-04-04 qty=140.0 price=15.324
  MATCH sell_id=13 buy_id=12 take=140.0 buy_price=25.845 sell_price=15.324 realized=-1472.9399999999998
--- Matrix (rows=buys, cols=sells) ---
BUY 0 -> 2400,0,0,0,0,0,0,0,0,0,0,0,0,0
BUY 1 -> 800,0,0,0,0,0,0,0,0,0,0,0,0,0
BUY 2 -> 800,0,0,0,0,0,0,0,0,0,0,0,0,0
BUY 3 -> 945,0,0,0,0,0,0,0,0,0,0,0,0,0
BUY 4 -> 862,0,0,0,0,0,0,0,0,0,0,0,0,0
BUY 5 -> 1685,115,200,0,0,0,0,0,0,0,0,0,0,0
BUY 6 -> 0,0,200,0,0,0,0,0,0,0,0,0,0,0
BUY 7 -> 0,0,0,2445,75,75,75,75,550,2500,2105,0,0,0
BUY 8 -> 0,0,0,0,0,0,0,0,0,0,100,0,0,0
BUY 9 -> 0,0,0,0,0,0,0,0,0,0,295,0,0,0
BUY 10 -> 0,0,0,0,0,0,0,0,0,0,0,1060,230,0
BUY 11 -> 0,0,0,0,0,0,0,0,0,0,0,0,110,0
BUY 12 -> 0,0,0,0,0,0,0,0,0,0,0,0,960,140
BUY 13 -> 0,0,0,0,0,0,0,0,0,0,0,0,0,0
BUY 14 -> 0,0,0,0,0,0,0,0,0,0,0,0,0,0
BUY 15 -> 0,0,0,0,0,0,0,0,0,0,0,0,0,0
BUY 16 -> 0,0,0,0,0,0,0,0,0,0,0,0,0,0
BUY 17 -> 0,0,0,0,0,0,0,0,0,0,0,0,0,0
BUY 18 -> 0,0,0,0,0,0,0,0,0,0,0,0,0,0
BUY 19 -> 0,0,0,0,0,0,0,0,0,0,0,0,0,0
BUY 20 -> 0,0,0,0,0,0,0,0,0,0,0,0,0,0
BUY 21 -> 0,0,0,0,0,0,0,0,0,0,0,0,0,0
BUY 22 -> 0,0,0,0,0,0,0,0,0,0,0,0,0,0
BUY 23 -> 0,0,0,0,0,0,0,0,0,0,0,0,0,0
BUY 24 -> 0,0,0,0,0,0,0,0,0,0,0,0,0,0
BUY 25 -> 0,0,0,0,0,0,0,0,0,0,0,0,0,0
BUY 26 -> 0,0,0,0,0,0,0,0,0,0,0,0,0,0
BUY 27 -> 0,0,0,0,0,0,0,0,0,0,0,0,0,0
BUY 28 -> 0,0,0,0,0,0,0,0,0,0,0,0,0,0
BUY 29 -> 0,0,0,0,0,0,0,0,0,0,0,0,0,0
BUY 30 -> 0,0,0,0,0,0,0,0,0,0,0,0,0,0
BUY 31 -> 0,0,0,0,0,0,0,0,0,0,0,0,0,0
--- Sale profits ---
SALE id=0 date=2022-08-16 profit=-12392.641000000003
SALE id=1 date=2022-08-16 profit=-422.74000000000007
SALE id=2 date=2022-08-16 profit=-1006.4000000000002
SALE id=3 date=2025-03-17 profit=58464.84
SALE id=4 date=2025-03-17 profit=1793.3999999999999
SALE id=5 date=2025-03-17 profit=1793.3999999999999
SALE id=6 date=2025-03-17 profit=1793.3999999999999
SALE id=7 date=2025-03-17 profit=1793.3999999999999
SALE id=8 date=2025-03-17 profit=13151.6
SALE id=9 date=2025-04-02 profit=54129.99999999999
SALE id=10 date=2025-04-02 profit=53984.11
SALE id=11 date=2025-04-04 profit=-11159.680000000002
SALE id=12 date=2025-04-04 profit=-13679.0
SALE id=13 date=2025-04-04 profit=-1472.9399999999998

Product: BT GROUP
--- Transactions ---
BUY id=0 date=2022-10-03 qty=9.0 price=126.4
BUY id=1 date=2022-10-13 qty=800.0 price=119.0
BUY id=2 date=2022-11-08 qty=2191.0 price=116.1
BUY id=3 date=2022-12-19 qty=2000.0 price=113.0
BUY id=4 date=2023-08-07 qty=7500.0 price=113.6
--- Matrix (rows=buys, cols=sells) ---
BUY 0 -> 
BUY 1 -> 
BUY 2 -> 
BUY 3 -> 
BUY 4 -> 
--- Sale profits ---

Product: FD TECHNOLOGIES PLC
--- Transactions ---
BUY id=0 date=2020-05-01 qty=13.0 price=2470.0
BUY id=1 date=2020-06-02 qty=1.0 price=2630.0
BUY id=2 date=2020-06-03 qty=186.0 price=2760.0
SELL id=0 date=2022-11-08 qty=200.0 price=1466.0
  MATCH sell_id=0 buy_id=0 take=13.0 buy_price=2470.0 sell_price=1466.0 realized=-13052.0
  MATCH sell_id=0 buy_id=1 take=1.0 buy_price=2630.0 sell_price=1466.0 realized=-1164.0
  MATCH sell_id=0 buy_id=2 take=186.0 buy_price=2760.0 sell_price=1466.0 realized=-240684.0
--- Matrix (rows=buys, cols=sells) ---
BUY 0 -> 13
BUY 1 -> 1
BUY 2 -> 186
--- Sale profits ---
SALE id=0 date=2022-11-08 profit=-254900.0

Product: FLUTTER ENTERTAINMENT PLC
--- Transactions ---
BUY id=0 date=2023-03-20 qty=3.0 price=153.85
BUY id=1 date=2023-03-22 qty=12.0 price=163.5
BUY id=2 date=2023-06-01 qty=27.0 price=184.1
BUY id=3 date=2023-08-09 qty=18.0 price=167.6
BUY id=4 date=2023-08-09 qty=40.0 price=167.6
SELL id=0 date=2023-12-04 qty=20.0 price=143.05
  MATCH sell_id=0 buy_id=0 take=3.0 buy_price=153.85 sell_price=143.05 realized=-32.39999999999995
  MATCH sell_id=0 buy_id=1 take=12.0 buy_price=163.5 sell_price=143.05 realized=-245.39999999999986
  MATCH sell_id=0 buy_id=2 take=5.0 buy_price=184.1 sell_price=143.05 realized=-205.24999999999991
SELL id=1 date=2023-12-04 qty=40.0 price=143.05
  MATCH sell_id=1 buy_id=2 take=22.0 buy_price=184.1 sell_price=143.05 realized=-903.0999999999997
  MATCH sell_id=1 buy_id=3 take=18.0 buy_price=167.6 sell_price=143.05 realized=-441.8999999999997
SELL id=2 date=2023-12-04 qty=40.0 price=143.05
  MATCH sell_id=2 buy_id=4 take=40.0 buy_price=167.6 sell_price=143.05 realized=-981.9999999999993
BUY id=5 date=2023-12-07 qty=68.0 price=150.6
BUY id=6 date=2024-07-15 qty=68.0 price=0.0
SELL id=3 date=2024-07-15 qty=68.0 price=0.0
  MATCH sell_id=3 buy_id=5 take=68.0 buy_price=150.6 sell_price=0.0 realized=-10240.8
--- Matrix (rows=buys, cols=sells) ---
BUY 0 -> 3,0,0,0
BUY 1 -> 12,0,0,0
BUY 2 -> 5,22,0,0
BUY 3 -> 0,18,0,0
BUY 4 -> 0,0,40,0
BUY 5 -> 0,0,0,68
BUY 6 -> 0,0,0,0
--- Sale profits ---
SALE id=0 date=2023-12-04 profit=-483.0499999999997
SALE id=1 date=2023-12-04 profit=-1344.9999999999993
SALE id=2 date=2023-12-04 profit=-981.9999999999993
SALE id=3 date=2024-07-15 profit=-10240.8

Product: GARTNER INC. COMMON S
--- Transactions ---
BUY id=0 date=2020-03-03 qty=1.0 price=129.5
BUY id=1 date=2025-06-06 qty=25.0 price=422.0
BUY id=2 date=2025-06-06 qty=35.0 price=422.0
BUY id=3 date=2025-08-06 qty=60.0 price=247.56
SELL id=0 date=2025-08-06 qty=60.0 price=243.5
  MATCH sell_id=0 buy_id=0 take=1.0 buy_price=129.5 sell_price=243.5 realized=114.0
  MATCH sell_id=0 buy_id=1 take=25.0 buy_price=422.0 sell_price=243.5 realized=-4462.5
  MATCH sell_id=0 buy_id=2 take=34.0 buy_price=422.0 sell_price=243.5 realized=-6069.0
SELL id=1 date=2025-11-25 qty=51.0 price=230.25
  MATCH sell_id=1 buy_id=2 take=1.0 buy_price=422.0 sell_price=230.25 realized=-191.75
  MATCH sell_id=1 buy_id=3 take=50.0 buy_price=247.56 sell_price=230.25 realized=-865.5000000000001
SELL id=2 date=2025-11-25 qty=9.0 price=230.25
  MATCH sell_id=2 buy_id=3 take=9.0 buy_price=247.56 sell_price=230.25 realized=-155.79000000000002
--- Matrix (rows=buys, cols=sells) ---
BUY 0 -> 1,0,0
BUY 1 -> 25,0,0
BUY 2 -> 34,1,0
BUY 3 -> 0,50,9
--- Sale profits ---
SALE id=0 date=2025-08-06 profit=-10417.5
SALE id=1 date=2025-11-25 profit=-1057.25
SALE id=2 date=2025-11-25 profit=-155.79000000000002

Product: HIBERNIA REIT PLC
--- Transactions ---
BUY id=0 date=2020-02-27 qty=500.0 price=1.268
BUY id=1 date=2020-03-11 qty=124.0 price=1.15
BUY id=2 date=2020-03-11 qty=376.0 price=1.15
BUY id=3 date=2020-03-18 qty=299.0 price=0.84
BUY id=4 date=2020-03-18 qty=7357.0 price=0.84
BUY id=5 date=2020-03-18 qty=1865.0 price=0.84
BUY id=6 date=2020-03-18 qty=349.0 price=0.84
BUY id=7 date=2020-03-18 qty=2130.0 price=0.84
BUY id=8 date=2020-03-25 qty=4541.0 price=0.903
BUY id=9 date=2020-03-25 qty=6459.0 price=0.903
BUY id=10 date=2020-03-27 qty=37.0 price=0.932
BUY id=11 date=2020-03-27 qty=1126.0 price=0.931
BUY id=12 date=2020-03-27 qty=700.0 price=0.93
BUY id=13 date=2020-03-27 qty=397.0 price=0.929
BUY id=14 date=2020-03-27 qty=1125.0 price=0.929
BUY id=15 date=2020-03-27 qty=5915.0 price=0.929
BUY id=16 date=2020-03-27 qty=700.0 price=0.929
BUY id=17 date=2020-04-07 qty=185.0 price=1.058
BUY id=18 date=2020-04-07 qty=5600.0 price=1.058
BUY id=19 date=2020-04-07 qty=2515.0 price=1.056
BUY id=20 date=2020-04-07 qty=700.0 price=1.056
SELL id=0 date=2022-06-30 qty=43000.0 price=0.0
  MATCH sell_id=0 buy_id=0 take=500.0 buy_price=1.268 sell_price=0.0 realized=-634.0
  MATCH sell_id=0 buy_id=1 take=124.0 buy_price=1.15 sell_price=0.0 realized=-142.6
  MATCH sell_id=0 buy_id=2 take=376.0 buy_price=1.15 sell_price=0.0 realized=-432.4
  MATCH sell_id=0 buy_id=3 take=299.0 buy_price=0.84 sell_price=0.0 realized=-251.16
  MATCH sell_id=0 buy_id=4 take=7357.0 buy_price=0.84 sell_price=0.0 realized=-6179.88
  MATCH sell_id=0 buy_id=5 take=1865.0 buy_price=0.84 sell_price=0.0 realized=-1566.6
  MATCH sell_id=0 buy_id=6 take=349.0 buy_price=0.84 sell_price=0.0 realized=-293.15999999999997
  MATCH sell_id=0 buy_id=7 take=2130.0 buy_price=0.84 sell_price=0.0 realized=-1789.2
  MATCH sell_id=0 buy_id=8 take=4541.0 buy_price=0.903 sell_price=0.0 realized=-4100.523
  MATCH sell_id=0 buy_id=9 take=6459.0 buy_price=0.903 sell_price=0.0 realized=-5832.477
  MATCH sell_id=0 buy_id=10 take=37.0 buy_price=0.932 sell_price=0.0 realized=-34.484
  MATCH sell_id=0 buy_id=11 take=1126.0 buy_price=0.931 sell_price=0.0 realized=-1048.306
  MATCH sell_id=0 buy_id=12 take=700.0 buy_price=0.93 sell_price=0.0 realized=-651.0
  MATCH sell_id=0 buy_id=13 take=397.0 buy_price=0.929 sell_price=0.0 realized=-368.81300000000005
  MATCH sell_id=0 buy_id=14 take=1125.0 buy_price=0.929 sell_price=0.0 realized=-1045.125
  MATCH sell_id=0 buy_id=15 take=5915.0 buy_price=0.929 sell_price=0.0 realized=-5495.035
  MATCH sell_id=0 buy_id=16 take=700.0 buy_price=0.929 sell_price=0.0 realized=-650.3000000000001
  MATCH sell_id=0 buy_id=17 take=185.0 buy_price=1.058 sell_price=0.0 realized=-195.73000000000002
  MATCH sell_id=0 buy_id=18 take=5600.0 buy_price=1.058 sell_price=0.0 realized=-5924.8
  MATCH sell_id=0 buy_id=19 take=2515.0 buy_price=1.056 sell_price=0.0 realized=-2655.84
  MATCH sell_id=0 buy_id=20 take=700.0 buy_price=1.056 sell_price=0.0 realized=-739.2
--- Matrix (rows=buys, cols=sells) ---
BUY 0 -> 500
BUY 1 -> 124
BUY 2 -> 376
BUY 3 -> 299
BUY 4 -> 7357
BUY 5 -> 1865
BUY 6 -> 349
BUY 7 -> 2130
BUY 8 -> 4541
BUY 9 -> 6459
BUY 10 -> 37
BUY 11 -> 1126
BUY 12 -> 700
BUY 13 -> 397
BUY 14 -> 1125
BUY 15 -> 5915
BUY 16 -> 700
BUY 17 -> 185
BUY 18 -> 5600
BUY 19 -> 2515
BUY 20 -> 700
--- Sale profits ---
SALE id=0 date=2022-06-30 profit=-40030.633

Product: HYZON MOTORS INC
--- Transactions ---
BUY id=0 date=2021-11-05 qty=1000.0 price=5.75
SELL id=0 date=2022-03-02 qty=131.0 price=5.46
  MATCH sell_id=0 buy_id=0 take=131.0 buy_price=5.75 sell_price=5.46 realized=-37.99
SELL id=1 date=2022-11-07 qty=100.0 price=1.73
  MATCH sell_id=1 buy_id=0 take=100.0 buy_price=5.75 sell_price=1.73 realized=-401.99999999999994
SELL id=2 date=2022-11-07 qty=100.0 price=1.73
  MATCH sell_id=2 buy_id=0 take=100.0 buy_price=5.75 sell_price=1.73 realized=-401.99999999999994
SELL id=3 date=2022-11-07 qty=100.0 price=1.73
  MATCH sell_id=3 buy_id=0 take=100.0 buy_price=5.75 sell_price=1.73 realized=-401.99999999999994
SELL id=4 date=2022-11-07 qty=100.0 price=1.73
  MATCH sell_id=4 buy_id=0 take=100.0 buy_price=5.75 sell_price=1.73 realized=-401.99999999999994
SELL id=5 date=2022-11-07 qty=91.0 price=1.73
  MATCH sell_id=5 buy_id=0 take=91.0 buy_price=5.75 sell_price=1.73 realized=-365.81999999999994
SELL id=6 date=2022-11-07 qty=100.0 price=1.73
  MATCH sell_id=6 buy_id=0 take=100.0 buy_price=5.75 sell_price=1.73 realized=-401.99999999999994
SELL id=7 date=2022-11-07 qty=78.0 price=1.73
  MATCH sell_id=7 buy_id=0 take=78.0 buy_price=5.75 sell_price=1.73 realized=-313.55999999999995
SELL id=8 date=2022-11-07 qty=200.0 price=1.73
  MATCH sell_id=8 buy_id=0 take=200.0 buy_price=5.75 sell_price=1.73 realized=-803.9999999999999
--- Matrix (rows=buys, cols=sells) ---
BUY 0 -> 131,100,100,100,100,91,100,78,200
--- Sale profits ---
SALE id=0 date=2022-03-02 profit=-37.99
SALE id=1 date=2022-11-07 profit=-401.99999999999994
SALE id=2 date=2022-11-07 profit=-401.99999999999994
SALE id=3 date=2022-11-07 profit=-401.99999999999994
SALE id=4 date=2022-11-07 profit=-401.99999999999994
SALE id=5 date=2022-11-07 profit=-365.81999999999994
SALE id=6 date=2022-11-07 profit=-401.99999999999994
SALE id=7 date=2022-11-07 profit=-313.55999999999995
SALE id=8 date=2022-11-07 profit=-803.9999999999999

Product: INTEL CORP
--- Transactions ---
BUY id=0 date=2024-09-18 qty=90.0 price=18.9
BUY id=1 date=2024-11-29 qty=90.0 price=22.52
SELL id=0 date=2024-11-29 qty=90.0 price=22.505
  MATCH sell_id=0 buy_id=0 take=90.0 buy_price=18.9 sell_price=22.505 realized=324.45000000000005
BUY id=2 date=2024-12-04 qty=24.0 price=20.935
SELL id=1 date=2025-03-06 qty=114.0 price=19.12
  MATCH sell_id=1 buy_id=1 take=90.0 buy_price=22.52 sell_price=19.12 realized=-305.9999999999999
  MATCH sell_id=1 buy_id=2 take=24.0 buy_price=20.935 sell_price=19.12 realized=-43.559999999999945
--- Matrix (rows=buys, cols=sells) ---
BUY 0 -> 90,0
BUY 1 -> 0,90
BUY 2 -> 0,24
--- Sale profits ---
SALE id=0 date=2024-11-29 profit=324.45000000000005
SALE id=1 date=2025-03-06 profit=-349.55999999999983

Product: NETFLIX INC
--- Transactions ---
BUY id=0 date=2022-05-02 qty=4.0 price=180.5
BUY id=1 date=2022-05-03 qty=7.0 price=190.44
SELL id=0 date=2025-04-02 qty=11.0 price=867.2
  MATCH sell_id=0 buy_id=0 take=4.0 buy_price=180.5 sell_price=867.2 realized=2746.8
  MATCH sell_id=0 buy_id=1 take=7.0 buy_price=190.44 sell_price=867.2 realized=4737.32
--- Matrix (rows=buys, cols=sells) ---
BUY 0 -> 4
BUY 1 -> 7
--- Sale profits ---
SALE id=0 date=2025-04-02 profit=7484.12

Product: NETFLIX INC. - COMMON
--- Transactions ---
BUY id=0 date=2025-12-05 qty=15.0 price=98.75
--- Matrix (rows=buys, cols=sells) ---
BUY 0 -> 
--- Sale profits ---

Product: NOVO NORDISK A/S
--- Transactions ---
BUY id=0 date=2023-08-08 qty=60.0 price=172.9
BUY id=1 date=2023-09-13 qty=120.0 price=92.5
SELL id=0 date=2023-09-13 qty=60.0 price=185.0
  MATCH sell_id=0 buy_id=0 take=60.0 buy_price=172.9 sell_price=185.0 realized=725.9999999999997
BUY id=2 date=2025-04-04 qty=120.0 price=60.25
SELL id=1 date=2025-04-04 qty=120.0 price=60.25
  MATCH sell_id=1 buy_id=1 take=120.0 buy_price=92.5 sell_price=60.25 realized=-3870.0
SELL id=2 date=2025-11-25 qty=120.0 price=38.705
  MATCH sell_id=2 buy_id=2 take=120.0 buy_price=60.25 sell_price=38.705 realized=-2585.4
--- Matrix (rows=buys, cols=sells) ---
BUY 0 -> 60,0,0
BUY 1 -> 0,120,0
BUY 2 -> 0,0,120
--- Sale profits ---
SALE id=0 date=2023-09-13 profit=725.9999999999997
SALE id=1 date=2025-04-04 profit=-3870.0
SALE id=2 date=2025-11-25 profit=-2585.4

Product: PFIZER INC
--- Transactions ---
BUY id=0 date=2023-12-04 qty=150.0 price=27.15
BUY id=1 date=2023-12-05 qty=150.0 price=27.15
BUY id=2 date=2024-11-27 qty=300.0 price=24.53
SELL id=0 date=2024-11-27 qty=300.0 price=24.54
  MATCH sell_id=0 buy_id=0 take=150.0 buy_price=27.15 sell_price=24.54 realized=-391.4999999999999
  MATCH sell_id=0 buy_id=1 take=150.0 buy_price=27.15 sell_price=24.54 realized=-391.4999999999999
SELL id=1 date=2025-11-25 qty=300.0 price=21.9
  MATCH sell_id=1 buy_id=2 take=300.0 buy_price=24.53 sell_price=21.9 realized=-789.0000000000008
BUY id=3 date=2025-11-27 qty=300.0 price=22.135
--- Matrix (rows=buys, cols=sells) ---
BUY 0 -> 150,0
BUY 1 -> 150,0
BUY 2 -> 0,300
BUY 3 -> 0,0
--- Sale profits ---
SALE id=0 date=2024-11-27 profit=-782.9999999999998
SALE id=1 date=2025-11-25 profit=-789.0000000000008

Product: PFIZER INC. COMMON ST
--- Transactions ---
BUY id=0 date=2020-11-09 qty=48.0 price=39.26
BUY id=1 date=2020-11-09 qty=92.0 price=39.255
SELL id=0 date=2023-12-04 qty=140.0 price=29.14
  MATCH sell_id=0 buy_id=0 take=48.0 buy_price=39.26 sell_price=29.14 realized=-485.7599999999999
  MATCH sell_id=0 buy_id=1 take=92.0 buy_price=39.255 sell_price=29.14 realized=-930.5800000000002
--- Matrix (rows=buys, cols=sells) ---
BUY 0 -> 48
BUY 1 -> 92
--- Sale profits ---
SALE id=0 date=2023-12-04 profit=-1416.3400000000001

Product: ROBINHOOD MARKETS INC
--- Transactions ---
BUY id=0 date=2021-08-05 qty=20.0 price=57.96
SELL id=0 date=2022-08-19 qty=16.0 price=9.32
  MATCH sell_id=0 buy_id=0 take=16.0 buy_price=57.96 sell_price=9.32 realized=-778.24
SELL id=1 date=2022-08-19 qty=4.0 price=9.32
  MATCH sell_id=1 buy_id=0 take=4.0 buy_price=57.96 sell_price=9.32 realized=-194.56
--- Matrix (rows=buys, cols=sells) ---
BUY 0 -> 16,4
--- Sale profits ---
SALE id=0 date=2022-08-19 profit=-778.24
SALE id=1 date=2022-08-19 profit=-194.56

Product: RYANAIR HOLDINGS PLC
--- Transactions ---
BUY id=0 date=2024-04-19 qty=97.0 price=20.5
BUY id=1 date=2024-11-27 qty=100.0 price=18.215
SELL id=0 date=2024-11-27 qty=97.0 price=18.215
  MATCH sell_id=0 buy_id=0 take=97.0 buy_price=20.5 sell_price=18.215 realized=-221.645
--- Matrix (rows=buys, cols=sells) ---
BUY 0 -> 97
BUY 1 -> 0
--- Sale profits ---
SALE id=0 date=2024-11-27 profit=-221.645

Product: VIATRIS INC. - COMMON STOCK
--- Transactions ---
BUY id=0 date=2020-11-17 qty=17.0 price=0.0
--- Matrix (rows=buys, cols=sells) ---
BUY 0 -> 
--- Sale profits ---

Product: WISDOMTREE MANAGEMENT LTD.
--- Transactions ---
BUY id=0 date=2025-03-19 qty=550.0 price=26.96
SELL id=0 date=2025-11-27 qty=550.0 price=28.605
  MATCH sell_id=0 buy_id=0 take=550.0 buy_price=26.96 sell_price=28.605 realized=904.7499999999998
--- Matrix (rows=buys, cols=sells) ---
BUY 0 -> 550
--- Sale profits ---
SALE id=0 date=2025-11-27 profit=904.7499999999998

Product: WT ISEQ20 ETF E
--- Transactions ---
BUY id=0 date=2020-02-10 qty=3.0 price=14.55
BUY id=1 date=2020-02-27 qty=17.0 price=13.52
BUY id=2 date=2020-03-04 qty=280.0 price=13.3
BUY id=3 date=2020-03-11 qty=200.0 price=11.78
BUY id=4 date=2020-03-27 qty=60.0 price=10.574
BUY id=5 date=2020-06-05 qty=315.0 price=13.356
SELL id=0 date=2020-09-18 qty=875.0 price=0.0
  MATCH sell_id=0 buy_id=0 take=3.0 buy_price=14.55 sell_price=0.0 realized=-43.650000000000006
  MATCH sell_id=0 buy_id=1 take=17.0 buy_price=13.52 sell_price=0.0 realized=-229.84
  MATCH sell_id=0 buy_id=2 take=280.0 buy_price=13.3 sell_price=0.0 realized=-3724.0
  MATCH sell_id=0 buy_id=3 take=200.0 buy_price=11.78 sell_price=0.0 realized=-2356.0
  MATCH sell_id=0 buy_id=4 take=60.0 buy_price=10.574 sell_price=0.0 realized=-634.4399999999999
  MATCH sell_id=0 buy_id=5 take=315.0 buy_price=13.356 sell_price=0.0 realized=-4207.14
--- Matrix (rows=buys, cols=sells) ---
BUY 0 -> 3
BUY 1 -> 17
BUY 2 -> 280
BUY 3 -> 200
BUY 4 -> 60
BUY 5 -> 315
--- Sale profits ---
SALE id=0 date=2020-09-18 profit=-11195.07

