Product: ADR ON ALIBABA GROUP HOLDING
--- Transactions ---
BUY id=0 date=2022-09-16T08:00:00 qty=2.0 price=91.0
BUY id=1 date=2022-09-16T08:01:00 qty=100.0 price=89.039
BUY id=2 date=2022-09-16T08:01:00 qty=1.0 price=92.9
BUY id=3 date=2023-12-01T15:30:00 qty=160.0 price=67.02437499999999
BUY id=4 date=2024-03-18T21:25:00 qty=12.0 price=68.02499999999999
BUY id=5 date=2024-04-11T15:52:00 qty=285.0 price=70.01368421052632
SELL id=0 date=2025-03-24T14:33:00 qty=50.0 price=124.72200000000001
  MATCH sell_id=0 buy_id=0 take=2.0 buy_price=91.0 sell_price=124.72200000000001 realized=67.44400000000002
  MATCH sell_id=0 buy_id=1 take=48.0 buy_price=89.039 sell_price=124.72200000000001 realized=1712.7840000000003
SELL id=1 date=2025-03-31T09:04:00 qty=100.0 price=121.361
  MATCH sell_id=1 buy_id=1 take=52.0 buy_price=89.039 sell_price=121.361 realized=1680.7440000000001
  MATCH sell_id=1 buy_id=2 take=1.0 buy_price=92.9 sell_price=121.361 realized=28.461
  MATCH sell_id=1 buy_id=3 take=47.0 buy_price=67.02437499999999 sell_price=121.361 realized=2553.8213750000004
SELL id=2 date=2025-03-31T09:10:00 qty=100.0 price=121.361
  MATCH sell_id=2 buy_id=3 take=100.0 buy_price=67.02437499999999 sell_price=121.361 realized=5433.662500000001
BUY id=6 date=2025-04-10T17:46:00 qty=50.0 price=93.77799999999999
BUY id=7 date=2025-04-11T09:12:00 qty=50.0 price=95.178
BUY id=8 date=2025-06-12T14:37:00 qty=100.0 price=101.039
BUY id=9 date=2025-07-04T07:30:00 qty=50.0 price=92.07799999999999
BUY id=10 date=2025-07-04T09:54:00 qty=50.0 price=91.27799999999999
BUY id=11 date=2025-07-10T10:26:00 qty=50.0 price=89.77799999999999
--- Matrix (rows=buys, cols=sells) ---
BUY 0 -> 2,0,0
BUY 1 -> 48,52,0
BUY 2 -> 0,1,0
BUY 3 -> 0,47,100
BUY 4 -> 0,0,0
BUY 5 -> 0,0,0
BUY 6 -> 0,0,0
BUY 7 -> 0,0,0
BUY 8 -> 0,0,0
BUY 9 -> 0,0,0
BUY 10 -> 0,0,0
BUY 11 -> 0,0,0
--- Sale profits ---
SALE id=0 date=2025-03-24T14:33:00 profit=1780.2280000000003
SALE id=1 date=2025-03-31T09:04:00 profit=4263.026375
SALE id=2 date=2025-03-31T09:10:00 profit=5433.662500000001

Product: ADVANCED MICRO DEVICES
--- Transactions ---
BUY id=0 date=2025-03-05T15:30:00 qty=1.0 price=95.34
BUY id=1 date=2025-03-07T15:30:00 qty=90.0 price=90.977
BUY id=2 date=2025-04-09T21:58:00 qty=100.0 price=88.3925
BUY id=3 date=2025-04-10T16:28:00 qty=100.0 price=81.1626
BUY id=4 date=2025-04-10T17:06:00 qty=50.0 price=80.1684
BUY id=5 date=2025-04-10T18:27:00 qty=50.0 price=76.1726
BUY id=6 date=2025-04-23T17:15:00 qty=50.0 price=81.1116
--- Matrix (rows=buys, cols=sells) ---
BUY 0 -> 
BUY 1 -> 
BUY 2 -> 
BUY 3 -> 
BUY 4 -> 
BUY 5 -> 
BUY 6 -> 
--- Sale profits ---

Product: AIB GROUP PLC
--- Transactions ---
BUY id=0 date=2022-09-13T13:43:00 qty=2000.0 price=2.5999499999999998
BUY id=1 date=2022-09-13T13:44:00 qty=1000.0 price=2.598
SELL id=0 date=2023-12-01T12:06:00 qty=1300.0 price=4.199
  MATCH sell_id=0 buy_id=0 take=1300.0 buy_price=2.5999499999999998 sell_price=4.199 realized=2078.7650000000003
SELL id=1 date=2023-12-01T12:07:00 qty=1700.0 price=4.202
  MATCH sell_id=1 buy_id=0 take=700.0 buy_price=2.5999499999999998 sell_price=4.202 realized=1121.4350000000002
  MATCH sell_id=1 buy_id=1 take=1000.0 buy_price=2.598 sell_price=4.202 realized=1604.0
--- Matrix (rows=buys, cols=sells) ---
BUY 0 -> 1300,700
BUY 1 -> 0,1000
--- Sale profits ---
SALE id=0 date=2023-12-01T12:06:00 profit=2078.7650000000003
SALE id=1 date=2023-12-01T12:07:00 profit=2725.4350000000004

Product: AMAZON.COM INC
--- Transactions ---
BUY id=0 date=2022-08-24T11:38:00 qty=80.0 price=134.02875
BUY id=1 date=2022-11-07T11:44:00 qty=100.0 price=92.149
SELL id=0 date=2022-11-07T20:18:00 qty=80.0 price=89.95125
  MATCH sell_id=0 buy_id=0 take=80.0 buy_price=134.02875 sell_price=89.95125 realized=-3526.2
BUY id=2 date=2022-11-08T11:20:00 qty=80.0 price=90.99875
BUY id=3 date=2022-11-10T10:48:00 qty=100.0 price=86.969
BUY id=4 date=2022-12-16T11:56:00 qty=100.0 price=82.399
BUY id=5 date=2022-12-22T11:05:00 qty=85.0 price=81.64588235294117
SELL id=1 date=2025-03-06T21:58:00 qty=50.0 price=185.922
  MATCH sell_id=1 buy_id=1 take=50.0 buy_price=92.149 sell_price=185.922 realized=4688.65
SELL id=2 date=2025-03-31T08:39:00 qty=100.0 price=175.081
  MATCH sell_id=2 buy_id=1 take=50.0 buy_price=92.149 sell_price=175.081 realized=4146.599999999999
  MATCH sell_id=2 buy_id=2 take=50.0 buy_price=90.99875 sell_price=175.081 realized=4204.112499999999
SELL id=3 date=2025-03-31T09:11:00 qty=100.0 price=174.421
  MATCH sell_id=3 buy_id=2 take=30.0 buy_price=90.99875 sell_price=174.421 realized=2502.6674999999996
  MATCH sell_id=3 buy_id=3 take=70.0 buy_price=86.969 sell_price=174.421 realized=6121.639999999999
BUY id=6 date=2025-04-10T09:18:00 qty=100.0 price=173.639
BUY id=7 date=2025-04-10T09:32:00 qty=100.0 price=171.979
--- Matrix (rows=buys, cols=sells) ---
BUY 0 -> 80,0,0,0
BUY 1 -> 0,50,50,0
BUY 2 -> 0,0,50,30
BUY 3 -> 0,0,0,70
BUY 4 -> 0,0,0,0
BUY 5 -> 0,0,0,0
BUY 6 -> 0,0,0,0
BUY 7 -> 0,0,0,0
--- Sale profits ---
SALE id=0 date=2022-11-07T20:18:00 profit=-3526.2
SALE id=1 date=2025-03-06T21:58:00 profit=4688.65
SALE id=2 date=2025-03-31T08:39:00 profit=8350.712499999998
SALE id=3 date=2025-03-31T09:11:00 profit=8624.307499999999

Product: AMRYT PHARMA PLC - AMERICAN DEPOSITARY
--- Transactions ---
BUY id=0 date=2023-04-12T00:00:00 qty=1000.0 price=0.0
--- Matrix (rows=buys, cols=sells) ---
BUY 0 -> 
--- Sale profits ---

Product: AMRYT PHARMA PLC - AMERICAN DEPOSITARY SHARES
--- Transactions ---
BUY id=0 date=2022-01-05T15:30:00 qty=200.0 price=9.42385
SELL id=0 date=2023-04-12T10:49:00 qty=200.0 price=0.0
  MATCH sell_id=0 buy_id=0 take=200.0 buy_price=9.42385 sell_price=0.0 realized=-1884.77
--- Matrix (rows=buys, cols=sells) ---
BUY 0 -> 200
--- Sale profits ---
SALE id=0 date=2023-04-12T10:49:00 profit=-1884.77

Product: AMRYT PHARMA PLC - AMERICAN DEPOSITARY SHARES - NON TRADEABLE
--- Transactions ---
BUY id=0 date=2023-04-12T00:00:00 qty=1000.0 price=0.0
SELL id=0 date=2024-02-27T12:39:00 qty=1000.0 price=0.0
  MATCH sell_id=0 buy_id=0 take=1000.0 buy_price=0.0 sell_price=0.0 realized=0.0
SELL id=1 date=2024-02-27T13:28:00 qty=1000.0 price=0.0
  UNMATCHED sell_id=1 qty=1000.0
--- Matrix (rows=buys, cols=sells) ---
BUY 0 -> 1000,0
--- Sale profits ---
SALE id=0 date=2024-02-27T12:39:00 profit=0.0
SALE id=1 date=2024-02-27T13:28:00 profit=0.0

Product: AMUNDI ETF EURO STOXX 50 UCITS ETF DR - EUR (C)
--- Transactions ---
BUY id=0 date=2017-11-08T15:00:00 qty=128.0 price=76.245859375
BUY id=1 date=2017-12-20T12:33:00 qty=133.0 price=74.51992481203007
BUY id=2 date=2018-01-05T15:24:00 qty=131.0 price=75.33030534351145
SELL id=0 date=2018-02-14T00:00:00 qty=392.0 price=70.00999999999999
  MATCH sell_id=0 buy_id=0 take=128.0 buy_price=76.245859375 sell_price=70.00999999999999 realized=-798.1900000000005
  MATCH sell_id=0 buy_id=1 take=133.0 buy_price=74.51992481203007 sell_price=70.00999999999999 realized=-599.8200000000004
  MATCH sell_id=0 buy_id=2 take=131.0 buy_price=75.33030534351145 sell_price=70.00999999999999 realized=-696.9600000000017
--- Matrix (rows=buys, cols=sells) ---
BUY 0 -> 128
BUY 1 -> 133
BUY 2 -> 131
--- Sale profits ---
SALE id=0 date=2018-02-14T00:00:00 profit=-2094.9700000000025

Product: AMUNDI EURO STOXX 50 UCITS ETF DR - EUR (C)
--- Transactions ---
BUY id=0 date=2018-02-14T00:00:00 qty=392.0 price=70.00999999999999
SELL id=0 date=2019-08-20T15:13:00 qty=392.0 price=74.31663265306122
  MATCH sell_id=0 buy_id=0 take=392.0 buy_price=70.00999999999999 sell_price=74.31663265306122 realized=1688.2000000000016
--- Matrix (rows=buys, cols=sells) ---
BUY 0 -> 392
--- Sale profits ---
SALE id=0 date=2019-08-20T15:13:00 profit=1688.2000000000016

Product: BANK OF IRELAND
--- Transactions ---
BUY id=0 date=2017-04-21T09:10:00 qty=30000.0 price=0.24716533333333335
SELL id=0 date=2017-07-10T00:00:00 qty=30000.0 price=0.246
  MATCH sell_id=0 buy_id=0 take=30000.0 buy_price=0.24716533333333335 sell_price=0.246 realized=-34.96000000000055
--- Matrix (rows=buys, cols=sells) ---
BUY 0 -> 30000
--- Sale profits ---
SALE id=0 date=2017-07-10T00:00:00 profit=-34.96000000000055

Product: BANK OF IRELAND GROUP PLC
--- Transactions ---
BUY id=0 date=2017-07-10T00:00:00 qty=1000.0 price=7.38
BUY id=1 date=2018-12-12T09:00:00 qty=765.0 price=5.105568627450981
BUY id=2 date=2019-07-10T14:36:00 qty=2110.0 price=4.689881516587677
BUY id=3 date=2019-08-21T12:25:00 qty=5000.0 price=3.2952559999999997
BUY id=4 date=2020-03-02T09:23:00 qty=940.0 price=3.38381914893617
BUY id=5 date=2020-04-01T12:18:00 qty=5900.0 price=1.6868322033898304
BUY id=6 date=2020-04-16T12:42:00 qty=3650.0 price=1.3568602739726028
BUY id=7 date=2021-06-21T09:00:00 qty=3000.0 price=4.542936666666667
SELL id=0 date=2022-09-08T10:55:00 qty=12000.0 price=6.350766666666666
  MATCH sell_id=0 buy_id=0 take=1000.0 buy_price=7.38 sell_price=6.350766666666666 realized=-1029.2333333333338
  MATCH sell_id=0 buy_id=1 take=765.0 buy_price=5.105568627450981 sell_price=6.350766666666666 realized=952.5764999999991
  MATCH sell_id=0 buy_id=2 take=2110.0 buy_price=4.689881516587677 sell_price=6.350766666666666 realized=3504.4676666666664
  MATCH sell_id=0 buy_id=3 take=5000.0 buy_price=3.2952559999999997 sell_price=6.350766666666666 realized=15277.553333333331
  MATCH sell_id=0 buy_id=4 take=940.0 buy_price=3.38381914893617 sell_price=6.350766666666666 realized=2788.930666666666
  MATCH sell_id=0 buy_id=5 take=2185.0 buy_price=1.6868322033898304 sell_price=6.350766666666666 realized=10190.696802259887
SELL id=1 date=2024-12-05T09:00:00 qty=151.0 price=8.41814569536424
  MATCH sell_id=1 buy_id=5 take=151.0 buy_price=1.6868322033898304 sell_price=8.41814569536424 realized=1016.4283372881358
SELL id=2 date=2025-03-21T13:00:00 qty=3000.0 price=11.534
  MATCH sell_id=2 buy_id=5 take=3000.0 buy_price=1.6868322033898304 sell_price=11.534 realized=29541.503389830512
SELL id=3 date=2025-03-24T09:26:00 qty=4000.0 price=11.65425
  MATCH sell_id=3 buy_id=5 take=564.0 buy_price=1.6868322033898304 sell_price=11.65425 realized=5621.623637288136
  MATCH sell_id=3 buy_id=6 take=3436.0 buy_price=1.3568602739726028 sell_price=11.65425 realized=35381.83109863014
SELL id=4 date=2025-03-31T09:03:00 qty=2000.0 price=10.7285
  MATCH sell_id=4 buy_id=6 take=214.0 buy_price=1.3568602739726028 sell_price=10.7285 realized=2005.5309013698632
  MATCH sell_id=4 buy_id=7 take=1786.0 buy_price=4.542936666666667 sell_price=10.7285 realized=11047.416113333335
SELL id=5 date=2025-03-31T16:37:00 qty=800.0 price=10.75625
  MATCH sell_id=5 buy_id=7 take=800.0 buy_price=4.542936666666667 sell_price=10.75625 realized=4970.650666666666
SELL id=6 date=2025-04-07T09:13:00 qty=414.0 price=9.192753623188405
  MATCH sell_id=6 buy_id=7 take=414.0 buy_price=4.542936666666667 sell_price=9.192753623188405 realized=1925.0242199999998
--- Matrix (rows=buys, cols=sells) ---
BUY 0 -> 1000,0,0,0,0,0,0
BUY 1 -> 765,0,0,0,0,0,0
BUY 2 -> 2110,0,0,0,0,0,0
BUY 3 -> 5000,0,0,0,0,0,0
BUY 4 -> 940,0,0,0,0,0,0
BUY 5 -> 2185,151,3000,564,0,0,0
BUY 6 -> 0,0,0,3436,214,0,0
BUY 7 -> 0,0,0,0,1786,800,414
--- Sale profits ---
SALE id=0 date=2022-09-08T10:55:00 profit=31684.991635593215
SALE id=1 date=2024-12-05T09:00:00 profit=1016.4283372881358
SALE id=2 date=2025-03-21T13:00:00 profit=29541.503389830512
SALE id=3 date=2025-03-24T09:26:00 profit=41003.454735918276
SALE id=4 date=2025-03-31T09:03:00 profit=13052.947014703197
SALE id=5 date=2025-03-31T16:37:00 profit=4970.650666666666
SALE id=6 date=2025-04-07T09:13:00 profit=1925.0242199999998

Product: BENSON HILL INC. COMMON STOCK
--- Transactions ---
BUY id=0 date=2023-05-08T15:30:00 qty=3000.0 price=1.0874933333333334
SELL id=0 date=2023-12-19T20:50:00 qty=3000.0 price=0.13155666666666668
  MATCH sell_id=0 buy_id=0 take=3000.0 buy_price=1.0874933333333334 sell_price=0.13155666666666668 realized=-2867.8100000000004
--- Matrix (rows=buys, cols=sells) ---
BUY 0 -> 3000
--- Sale profits ---
SALE id=0 date=2023-12-19T20:50:00 profit=-2867.8100000000004

Product: BOEING CO
--- Transactions ---
BUY id=0 date=2024-01-31T17:06:00 qty=2.0 price=196.01
BUY id=1 date=2024-06-27T08:00:00 qty=30.0 price=167.11
BUY id=2 date=2025-04-10T09:24:00 qty=50.0 price=144.078
BUY id=3 date=2025-04-24T21:39:00 qty=50.0 price=155.53799999999998
BUY id=4 date=2025-05-12T09:50:00 qty=20.0 price=180.755
--- Matrix (rows=buys, cols=sells) ---
BUY 0 -> 
BUY 1 -> 
BUY 2 -> 
BUY 3 -> 
BUY 4 -> 
--- Sale profits ---

Product: BOOST EURO STOXX BANKS 3X LEVERAGE DAILY
--- Transactions ---
BUY id=0 date=2022-08-16T09:04:00 qty=1.0 price=5.53
BUY id=1 date=2022-08-30T10:34:00 qty=150.0 price=2.4781333333333335
BUY id=2 date=2022-09-14T11:58:00 qty=1000.0 price=3.16
BUY id=3 date=2023-03-20T17:18:00 qty=1200.0 price=4.152
SELL id=0 date=2025-03-21T13:02:00 qty=1000.0 price=26.527
  MATCH sell_id=0 buy_id=0 take=1.0 buy_price=5.53 sell_price=26.527 realized=20.997
  MATCH sell_id=0 buy_id=1 take=150.0 buy_price=2.4781333333333335 sell_price=26.527 realized=3607.3300000000004
  MATCH sell_id=0 buy_id=2 take=849.0 buy_price=3.16 sell_price=26.527 realized=19838.583000000002
SELL id=1 date=2025-03-24T09:24:00 qty=1000.0 price=27.922
  MATCH sell_id=1 buy_id=2 take=151.0 buy_price=3.16 sell_price=27.922 realized=3739.062
  MATCH sell_id=1 buy_id=3 take=849.0 buy_price=4.152 sell_price=27.922 realized=20180.73
SELL id=2 date=2025-03-31T12:54:00 qty=50.0 price=23.4088
  MATCH sell_id=2 buy_id=3 take=50.0 buy_price=4.152 sell_price=23.4088 realized=962.8399999999999
SELL id=3 date=2025-03-31T12:58:00 qty=300.0 price=23.43
  MATCH sell_id=3 buy_id=3 take=300.0 buy_price=4.152 sell_price=23.43 realized=5783.4
--- Matrix (rows=buys, cols=sells) ---
BUY 0 -> 1,0,0,0
BUY 1 -> 150,0,0,0
BUY 2 -> 849,151,0,0
BUY 3 -> 0,849,50,300
--- Sale profits ---
SALE id=0 date=2025-03-21T13:02:00 profit=23466.910000000003
SALE id=1 date=2025-03-24T09:24:00 profit=23919.792
SALE id=2 date=2025-03-31T12:54:00 profit=962.8399999999999
SALE id=3 date=2025-03-31T12:58:00 profit=5783.4

Product: CAIRN ENERGY
--- Transactions ---
BUY id=0 date=2017-04-24T15:53:00 qty=500.0 price=2.32152
SELL id=0 date=2021-01-11T00:00:00 qty=500.0 price=2.2982199999999997
  MATCH sell_id=0 buy_id=0 take=500.0 buy_price=2.32152 sell_price=2.2982199999999997 realized=-11.65000000000016
--- Matrix (rows=buys, cols=sells) ---
BUY 0 -> 500
--- Sale profits ---
SALE id=0 date=2021-01-11T00:00:00 profit=-11.65000000000016

Product: CAPRICORN ENERG
--- Transactions ---
BUY id=0 date=2023-05-16T00:00:00 qty=199.0 price=5.2631155778894465
BUY id=1 date=2023-10-06T00:00:00 qty=132.0 price=3.1108333333333333
SELL id=0 date=2023-10-06T00:00:00 qty=199.0 price=2.073869346733668
  MATCH sell_id=0 buy_id=0 take=199.0 buy_price=5.2631155778894465 sell_price=2.073869346733668 realized=-634.6599999999999
SELL id=1 date=2024-05-24T00:00:00 qty=132.0 price=2.2937878787878785
  MATCH sell_id=1 buy_id=1 take=132.0 buy_price=3.1108333333333333 sell_price=2.2937878787878785 realized=-107.85000000000004
--- Matrix (rows=buys, cols=sells) ---
BUY 0 -> 199,0
BUY 1 -> 0,132
--- Sale profits ---
SALE id=0 date=2023-10-06T00:00:00 profit=-634.6599999999999
SALE id=1 date=2024-05-24T00:00:00 profit=-107.85000000000004

Product: CAPRICORN ENERGY PLC
--- Transactions ---
BUY id=0 date=2021-01-11T00:00:00 qty=423.0 price=2.7160756501182037
SELL id=0 date=2023-05-16T00:00:00 qty=423.0 price=2.4811820330969265
  MATCH sell_id=0 buy_id=0 take=423.0 buy_price=2.7160756501182037 sell_price=2.4811820330969265 realized=-99.36000000000026
BUY id=1 date=2024-05-24T00:00:00 qty=103.0 price=2.922718446601942
SELL id=1 date=2025-10-27T11:11:00 qty=103.0 price=2.2571844660194174
  MATCH sell_id=1 buy_id=1 take=103.0 buy_price=2.922718446601942 sell_price=2.2571844660194174 realized=-68.55000000000001
--- Matrix (rows=buys, cols=sells) ---
BUY 0 -> 423,0
BUY 1 -> 0,103
--- Sale profits ---
SALE id=0 date=2023-05-16T00:00:00 profit=-99.36000000000026
SALE id=1 date=2025-10-27T11:11:00 profit=-68.55000000000001

Product: CLEAN ENERGY FUELS COR
--- Transactions ---
BUY id=0 date=2021-08-10T15:30:00 qty=500.0 price=6.6967
BUY id=1 date=2023-04-11T20:27:00 qty=1000.0 price=4.13443
SELL id=0 date=2023-12-19T20:51:00 qty=1500.0 price=3.4066133333333335
  MATCH sell_id=0 buy_id=0 take=500.0 buy_price=6.6967 sell_price=3.4066133333333335 realized=-1645.0433333333333
  MATCH sell_id=0 buy_id=1 take=1000.0 buy_price=4.13443 sell_price=3.4066133333333335 realized=-727.8166666666666
--- Matrix (rows=buys, cols=sells) ---
BUY 0 -> 500
BUY 1 -> 1000
--- Sale profits ---
SALE id=0 date=2023-12-19T20:51:00 profit=-2372.8599999999997

Product: CRH
--- Transactions ---
BUY id=0 date=2023-09-18T00:00:00 qty=473.0 price=0.0
SELL id=0 date=2025-03-31T09:05:00 qty=200.0 price=80.29145
  MATCH sell_id=0 buy_id=0 take=200.0 buy_price=0.0 sell_price=80.29145 realized=16058.289999999999
--- Matrix (rows=buys, cols=sells) ---
BUY 0 -> 200
--- Sale profits ---
SALE id=0 date=2025-03-31T09:05:00 profit=16058.289999999999

Product: CRH PLC ORD
--- Transactions ---
BUY id=0 date=2022-06-15T13:21:00 qty=1.0 price=37.16
SELL id=0 date=2022-06-15T13:23:00 qty=1.0 price=32.2
  MATCH sell_id=0 buy_id=0 take=1.0 buy_price=37.16 sell_price=32.2 realized=-4.959999999999994
BUY id=1 date=2022-06-15T13:25:00 qty=48.0 price=34.772083333333335
BUY id=2 date=2022-06-22T10:33:00 qty=25.0 price=32.1648
BUY id=3 date=2022-07-01T13:36:00 qty=200.0 price=32.7825
BUY id=4 date=2022-07-01T13:38:00 qty=200.0 price=32.7975
SELL id=1 date=2023-09-18T00:00:00 qty=473.0 price=0.0
  MATCH sell_id=1 buy_id=1 take=48.0 buy_price=34.772083333333335 sell_price=0.0 realized=-1669.06
  MATCH sell_id=1 buy_id=2 take=25.0 buy_price=32.1648 sell_price=0.0 realized=-804.12
  MATCH sell_id=1 buy_id=3 take=200.0 buy_price=32.7825 sell_price=0.0 realized=-6556.5
  MATCH sell_id=1 buy_id=4 take=200.0 buy_price=32.7975 sell_price=0.0 realized=-6559.5
--- Matrix (rows=buys, cols=sells) ---
BUY 0 -> 1,0
BUY 1 -> 0,48
BUY 2 -> 0,25
BUY 3 -> 0,200
BUY 4 -> 0,200
--- Sale profits ---
SALE id=0 date=2022-06-15T13:23:00 profit=-4.959999999999994
SALE id=1 date=2023-09-18T00:00:00 profit=-15589.18

Product: ELI LILLY AND COMPANY
--- Transactions ---
BUY id=0 date=2023-12-04T15:30:00 qty=3.0 price=538.4333333333333
BUY id=1 date=2023-12-19T21:01:00 qty=10.0 price=527.317
BUY id=2 date=2024-01-23T15:30:00 qty=1.0 price=579.33
BUY id=3 date=2024-01-30T15:32:00 qty=6.0 price=594.6433333333333
BUY id=4 date=2024-01-30T20:57:00 qty=2.0 price=595.73
--- Matrix (rows=buys, cols=sells) ---
BUY 0 -> 
BUY 1 -> 
BUY 2 -> 
BUY 3 -> 
BUY 4 -> 
--- Sale profits ---

Product: ESTEE LAUDER COMPANIES
--- Transactions ---
BUY id=0 date=2025-05-16T19:27:00 qty=30.0 price=58.78966666666667
--- Matrix (rows=buys, cols=sells) ---
BUY 0 -> 
--- Sale profits ---

Product: ETFLAB EURO STOXX 50
--- Transactions ---
BUY id=0 date=2018-02-16T13:25:00 qty=800.0 price=34.555
BUY id=1 date=2018-02-23T09:04:00 qty=375.0 price=34.69498666666667
SELL id=0 date=2019-07-25T09:04:00 qty=1175.0 price=35.98
  MATCH sell_id=0 buy_id=0 take=800.0 buy_price=34.555 sell_price=35.98 realized=1139.9999999999977
  MATCH sell_id=0 buy_id=1 take=375.0 buy_price=34.69498666666667 sell_price=35.98 realized=481.87999999999676
--- Matrix (rows=buys, cols=sells) ---
BUY 0 -> 800
BUY 1 -> 375
--- Sale profits ---
SALE id=0 date=2019-07-25T09:04:00 profit=1621.8799999999944

Product: FLUTTER ENTERTAINMENT PLC
--- Transactions ---
BUY id=0 date=2023-05-29T09:56:00 qty=8.0 price=184.5875
BUY id=1 date=2024-07-15T15:21:00 qty=8.0 price=0.0
SELL id=0 date=2024-07-15T15:21:00 qty=8.0 price=0.0
  MATCH sell_id=0 buy_id=0 take=8.0 buy_price=184.5875 sell_price=0.0 realized=-1476.7
BUY id=2 date=2025-05-02T15:44:00 qty=20.0 price=217.573
BUY id=3 date=2025-05-14T15:30:00 qty=30.0 price=215.71599999999998
BUY id=4 date=2025-05-14T15:30:00 qty=20.0 price=215.74899999999997
BUY id=5 date=2025-06-05T15:30:00 qty=20.0 price=212.5645
--- Matrix (rows=buys, cols=sells) ---
BUY 0 -> 8
BUY 1 -> 0
BUY 2 -> 0
BUY 3 -> 0
BUY 4 -> 0
BUY 5 -> 0
--- Sale profits ---
SALE id=0 date=2024-07-15T15:21:00 profit=-1476.7

Product: HANETF ICLIMA GLOBAL DECARBONISATION ENABLERS UCITS ETF
--- Transactions ---
BUY id=0 date=2024-02-27T00:00:00 qty=412.0 price=5.610995145631068
--- Matrix (rows=buys, cols=sells) ---
BUY 0 -> 
--- Sale profits ---

Product: HANETF S&P GLOBAL CLEAN ENERGY SELECT HANZEROÂ„¢ UCITS ETF ACC
--- Transactions ---
BUY id=0 date=2022-05-19T09:04:00 qty=600.0 price=5.0841666666666665
SELL id=0 date=2024-02-27T00:00:00 qty=600.0 price=3.8575
  MATCH sell_id=0 buy_id=0 take=600.0 buy_price=5.0841666666666665 sell_price=3.8575 realized=-736.0
--- Matrix (rows=buys, cols=sells) ---
BUY 0 -> 600
--- Sale profits ---
SALE id=0 date=2024-02-27T00:00:00 profit=-736.0

Product: HIBERNIA REIT PLC
--- Transactions ---
BUY id=0 date=2018-01-17T09:40:00 qty=2666.0 price=1.4773405851462866
BUY id=1 date=2020-03-18T15:18:00 qty=12700.0 price=0.7674637795275592
BUY id=2 date=2021-04-12T09:03:00 qty=10000.0 price=1.16078
SELL id=0 date=2022-06-30T09:21:00 qty=25366.0 price=0.0
  MATCH sell_id=0 buy_id=0 take=2666.0 buy_price=1.4773405851462866 sell_price=0.0 realized=-3938.59
  MATCH sell_id=0 buy_id=1 take=12700.0 buy_price=0.7674637795275592 sell_price=0.0 realized=-9746.79
  MATCH sell_id=0 buy_id=2 take=10000.0 buy_price=1.16078 sell_price=0.0 realized=-11607.8
--- Matrix (rows=buys, cols=sells) ---
BUY 0 -> 2666
BUY 1 -> 12700
BUY 2 -> 10000
--- Sale profits ---
SALE id=0 date=2022-06-30T09:21:00 profit=-25293.18

Product: INTEL CORP
--- Transactions ---
BUY id=0 date=2024-09-30T14:23:00 qty=1.0 price=24.88
BUY id=1 date=2024-11-13T10:35:00 qty=150.0 price=22.596
BUY id=2 date=2024-12-05T16:44:00 qty=70.0 price=19.991714285714288
BUY id=3 date=2024-12-09T13:25:00 qty=165.0 price=19.803636363636365
BUY id=4 date=2024-12-10T08:00:00 qty=175.0 price=19.672285714285714
BUY id=5 date=2025-04-25T07:30:00 qty=500.0 price=17.9458
BUY id=6 date=2025-08-15T13:52:00 qty=300.0 price=20.872999999999998
--- Matrix (rows=buys, cols=sells) ---
BUY 0 -> 
BUY 1 -> 
BUY 2 -> 
BUY 3 -> 
BUY 4 -> 
BUY 5 -> 
BUY 6 -> 
--- Sale profits ---

Product: INVESCO JPX-NIKKEI 400 UCITS ETF
--- Transactions ---
BUY id=0 date=2023-06-15T16:11:00 qty=75.0 price=23.24
SELL id=0 date=2024-01-30T09:42:00 qty=75.0 price=26.06
  MATCH sell_id=0 buy_id=0 take=75.0 buy_price=23.24 sell_price=26.06 realized=211.50000000000003
--- Matrix (rows=buys, cols=sells) ---
BUY 0 -> 75
--- Sale profits ---
SALE id=0 date=2024-01-30T09:42:00 profit=211.50000000000003

Product: ISHARES CORE DAX UCITS ETF (DE)
--- Transactions ---
BUY id=0 date=2017-12-13T11:02:00 qty=86.0 price=114.41
BUY id=1 date=2017-12-19T10:57:00 qty=86.0 price=115.81
BUY id=2 date=2017-12-28T12:43:00 qty=87.0 price=113.49
SELL id=0 date=2022-08-24T09:04:00 qty=100.0 price=111.035
  MATCH sell_id=0 buy_id=0 take=86.0 buy_price=114.41 sell_price=111.035 realized=-290.25
  MATCH sell_id=0 buy_id=1 take=14.0 buy_price=115.81 sell_price=111.035 realized=-66.85000000000008
SELL id=1 date=2023-09-19T09:46:00 qty=80.0 price=131.5025
  MATCH sell_id=1 buy_id=1 take=72.0 buy_price=115.81 sell_price=131.5025 realized=1129.8599999999997
  MATCH sell_id=1 buy_id=2 take=8.0 buy_price=113.49 sell_price=131.5025 realized=144.10000000000002
SELL id=2 date=2025-04-07T15:09:00 qty=60.0 price=164.95
  MATCH sell_id=2 buy_id=2 take=60.0 buy_price=113.49 sell_price=164.95 realized=3087.5999999999995
--- Matrix (rows=buys, cols=sells) ---
BUY 0 -> 86,0,0
BUY 1 -> 14,72,0
BUY 2 -> 0,8,60
--- Sale profits ---
SALE id=0 date=2022-08-24T09:04:00 profit=-357.1000000000001
SALE id=1 date=2023-09-19T09:46:00 profit=1273.9599999999996
SALE id=2 date=2025-04-07T15:09:00 profit=3087.5999999999995

Product: JUPITER FND
--- Transactions ---
BUY id=0 date=2022-07-04T09:00:00 qty=20.0 price=1.847
BUY id=1 date=2022-07-04T10:29:00 qty=2000.0 price=1.6284100000000001
SELL id=0 date=2024-12-09T13:18:00 qty=2020.0 price=1.052559405940594
  MATCH sell_id=0 buy_id=0 take=20.0 buy_price=1.847 sell_price=1.052559405940594 realized=-15.888811881188118
  MATCH sell_id=0 buy_id=1 take=2000.0 buy_price=1.6284100000000001 sell_price=1.052559405940594 realized=-1151.701188118812
--- Matrix (rows=buys, cols=sells) ---
BUY 0 -> 20
BUY 1 -> 2000
--- Sale profits ---
SALE id=0 date=2024-12-09T13:18:00 profit=-1167.5900000000001

Product: KENMARE RES.
--- Transactions ---
BUY id=0 date=2017-04-21T10:30:00 qty=300.0 price=3.597366666666667
SELL id=0 date=2024-01-30T09:42:00 qty=300.0 price=3.5592666666666664
  MATCH sell_id=0 buy_id=0 take=300.0 buy_price=3.597366666666667 sell_price=3.5592666666666664 realized=-11.43000000000014
--- Matrix (rows=buys, cols=sells) ---
BUY 0 -> 300
--- Sale profits ---
SALE id=0 date=2024-01-30T09:42:00 profit=-11.43000000000014

Product: KINGSPAN GRP PLC
--- Transactions ---
BUY id=0 date=2022-07-06T09:10:00 qty=200.0 price=55.0125
BUY id=1 date=2022-09-05T13:18:00 qty=125.0 price=57.044
BUY id=2 date=2022-09-08T10:59:00 qty=300.0 price=57.59
SELL id=0 date=2022-11-08T11:09:00 qty=625.0 price=53.3952
  MATCH sell_id=0 buy_id=0 take=200.0 buy_price=55.0125 sell_price=53.3952 realized=-323.46000000000004
  MATCH sell_id=0 buy_id=1 take=125.0 buy_price=57.044 sell_price=53.3952 realized=-456.0999999999993
  MATCH sell_id=0 buy_id=2 take=300.0 buy_price=57.59 sell_price=53.3952 realized=-1258.4400000000003
BUY id=3 date=2022-11-08T11:22:00 qty=625.0 price=53.2648
SELL id=1 date=2024-10-01T14:20:00 qty=1.0 price=82.0
  MATCH sell_id=1 buy_id=3 take=1.0 buy_price=53.2648 sell_price=82.0 realized=28.7352
SELL id=2 date=2024-11-14T09:00:00 qty=1.0 price=71.75
  MATCH sell_id=2 buy_id=3 take=1.0 buy_price=53.2648 sell_price=71.75 realized=18.4852
SELL id=3 date=2025-04-08T09:00:00 qty=1.0 price=65.5
  MATCH sell_id=3 buy_id=3 take=1.0 buy_price=53.2648 sell_price=65.5 realized=12.235199999999999
--- Matrix (rows=buys, cols=sells) ---
BUY 0 -> 200,0,0,0
BUY 1 -> 125,0,0,0
BUY 2 -> 300,0,0,0
BUY 3 -> 0,1,1,1
--- Sale profits ---
SALE id=0 date=2022-11-08T11:09:00 profit=-2037.9999999999995
SALE id=1 date=2024-10-01T14:20:00 profit=28.7352
SALE id=2 date=2024-11-14T09:00:00 profit=18.4852
SALE id=3 date=2025-04-08T09:00:00 profit=12.235199999999999

Product: MANCHESTER UNITED PLC
--- Transactions ---
BUY id=0 date=2023-11-29T21:19:00 qty=5.0 price=18.54
--- Matrix (rows=buys, cols=sells) ---
BUY 0 -> 
--- Sale profits ---

Product: MARKS & SP.
--- Transactions ---
BUY id=0 date=2018-01-11T17:22:00 qty=883.0 price=3.411687429218573
SELL id=0 date=2018-11-15T09:59:00 qty=883.0 price=3.353035107587769
  MATCH sell_id=0 buy_id=0 take=883.0 buy_price=3.411687429218573 sell_price=3.353035107587769 realized=-51.789999999999665
--- Matrix (rows=buys, cols=sells) ---
BUY 0 -> 883
--- Sale profits ---
SALE id=0 date=2018-11-15T09:59:00 profit=-51.789999999999665

Product: META PLATFORMS INC
--- Transactions ---
BUY id=0 date=2018-04-09T17:29:00 qty=30.0 price=129.25966666666667
SELL id=0 date=2018-12-11T17:45:00 qty=30.0 price=126.01833333333335
  MATCH sell_id=0 buy_id=0 take=30.0 buy_price=129.25966666666667 sell_price=126.01833333333335 realized=-97.2399999999999
BUY id=1 date=2022-11-03T14:30:00 qty=30.0 price=92.37466666666666
SELL id=1 date=2025-03-24T14:32:00 qty=10.0 price=567.0609999999999
  MATCH sell_id=1 buy_id=1 take=10.0 buy_price=92.37466666666666 sell_price=567.0609999999999 realized=4746.863333333333
--- Matrix (rows=buys, cols=sells) ---
BUY 0 -> 30,0
BUY 1 -> 0,10
--- Sale profits ---
SALE id=0 date=2018-12-11T17:45:00 profit=-97.2399999999999
SALE id=1 date=2025-03-24T14:32:00 profit=4746.863333333333

Product: NETFLIX INC
--- Transactions ---
BUY id=0 date=2022-04-29T08:00:00 qty=20.0 price=188.675
--- Matrix (rows=buys, cols=sells) ---
BUY 0 -> 
--- Sale profits ---

Product: NOVO NORDISK A/S
--- Transactions ---
BUY id=0 date=2023-08-14T17:46:00 qty=30.0 price=167.29
BUY id=1 date=2023-08-15T08:00:00 qty=30.0 price=164.65
BUY id=2 date=2023-09-13T00:00:00 qty=120.0 price=92.5
SELL id=0 date=2023-09-13T00:00:00 qty=60.0 price=185.0
  MATCH sell_id=0 buy_id=0 take=30.0 buy_price=167.29 sell_price=185.0 realized=531.3000000000002
  MATCH sell_id=0 buy_id=1 take=30.0 buy_price=164.65 sell_price=185.0 realized=610.4999999999998
BUY id=3 date=2023-09-28T11:29:00 qty=19.0 price=87.30526315789473
BUY id=4 date=2023-10-20T17:23:00 qty=3.0 price=92.00999999999999
BUY id=5 date=2023-11-06T08:23:00 qty=1.0 price=95.9
BUY id=6 date=2025-04-29T07:54:00 qty=100.0 price=55.199
BUY id=7 date=2025-05-02T11:01:00 qty=100.0 price=60.528999999999996
BUY id=8 date=2025-05-02T15:19:00 qty=100.0 price=61.50899999999999
SELL id=1 date=2025-10-27T11:12:00 qty=443.0 price=45.22119638826185
  MATCH sell_id=1 buy_id=2 take=120.0 buy_price=92.5 sell_price=45.22119638826185 realized=-5673.456433408578
  MATCH sell_id=1 buy_id=3 take=19.0 buy_price=87.30526315789473 sell_price=45.22119638826185 realized=-799.5972686230247
  MATCH sell_id=1 buy_id=4 take=3.0 buy_price=92.00999999999999 sell_price=45.22119638826185 realized=-140.36641083521442
  MATCH sell_id=1 buy_id=5 take=1.0 buy_price=95.9 sell_price=45.22119638826185 realized=-50.678803611738154
  MATCH sell_id=1 buy_id=6 take=100.0 buy_price=55.199 sell_price=45.22119638826185 realized=-997.7803611738146
  MATCH sell_id=1 buy_id=7 take=100.0 buy_price=60.528999999999996 sell_price=45.22119638826185 realized=-1530.7803611738145
  MATCH sell_id=1 buy_id=8 take=100.0 buy_price=61.50899999999999 sell_price=45.22119638826185 realized=-1628.780361173814
--- Matrix (rows=buys, cols=sells) ---
BUY 0 -> 30,0
BUY 1 -> 30,0
BUY 2 -> 0,120
BUY 3 -> 0,19
BUY 4 -> 0,3
BUY 5 -> 0,1
BUY 6 -> 0,100
BUY 7 -> 0,100
BUY 8 -> 0,100
--- Sale profits ---
SALE id=0 date=2023-09-13T00:00:00 profit=1141.8
SALE id=1 date=2025-10-27T11:12:00 profit=-10821.439999999997

Product: PFIZER INC. COMMON ST
--- Transactions ---
BUY id=0 date=2020-11-11T15:30:00 qty=10.0 price=33.239
SELL id=0 date=2024-01-30T15:30:00 qty=10.0 price=25.593
  MATCH sell_id=0 buy_id=0 take=10.0 buy_price=33.239 sell_price=25.593 realized=-76.45999999999998
--- Matrix (rows=buys, cols=sells) ---
BUY 0 -> 10
--- Sale profits ---
SALE id=0 date=2024-01-30T15:30:00 profit=-76.45999999999998

Product: ROBINHOOD MARKETS INC
--- Transactions ---
BUY id=0 date=2021-08-05T20:06:00 qty=200.0 price=50.05
BUY id=1 date=2021-11-12T15:30:00 qty=50.0 price=30.386599999999998
SELL id=0 date=2022-09-27T19:44:00 qty=249.0 price=9.862409638554215
  MATCH sell_id=0 buy_id=0 take=200.0 buy_price=50.05 sell_price=9.862409638554215 realized=-8037.518072289157
  MATCH sell_id=0 buy_id=1 take=49.0 buy_price=30.386599999999998 sell_price=9.862409638554215 realized=-1005.6853277108434
SELL id=1 date=2023-12-19T21:41:00 qty=1.0 price=9.92
  MATCH sell_id=1 buy_id=1 take=1.0 buy_price=30.386599999999998 sell_price=9.92 realized=-20.4666
--- Matrix (rows=buys, cols=sells) ---
BUY 0 -> 200,0
BUY 1 -> 49,1
--- Sale profits ---
SALE id=0 date=2022-09-27T19:44:00 profit=-9043.2034
SALE id=1 date=2023-12-19T21:41:00 profit=-20.4666

Product: RYANAIR HOLDINGS PLC
--- Transactions ---
BUY id=0 date=2017-12-19T10:59:00 qty=300.0 price=15.262766666666666
BUY id=1 date=2018-11-16T09:00:00 qty=300.0 price=12.013633333333333
BUY id=2 date=2022-07-05T09:00:00 qty=500.0 price=11.47
BUY id=3 date=2022-07-05T10:32:00 qty=300.0 price=11.363333333333333
BUY id=4 date=2024-07-24T10:31:00 qty=80.0 price=13.9875
SELL id=0 date=2025-03-31T09:07:00 qty=1000.0 price=19.397
  MATCH sell_id=0 buy_id=0 take=300.0 buy_price=15.262766666666666 sell_price=19.397 realized=1240.2699999999998
  MATCH sell_id=0 buy_id=1 take=300.0 buy_price=12.013633333333333 sell_price=19.397 realized=2215.0099999999998
  MATCH sell_id=0 buy_id=2 take=400.0 buy_price=11.47 sell_price=19.397 realized=3170.7999999999993
SELL id=1 date=2025-04-08T15:47:00 qty=250.0 price=18.398
  MATCH sell_id=1 buy_id=2 take=100.0 buy_price=11.47 sell_price=18.398 realized=692.8
  MATCH sell_id=1 buy_id=3 take=150.0 buy_price=11.363333333333333 sell_price=18.398 realized=1055.2
--- Matrix (rows=buys, cols=sells) ---
BUY 0 -> 300,0
BUY 1 -> 300,0
BUY 2 -> 400,100
BUY 3 -> 0,150
BUY 4 -> 0,0
--- Sale profits ---
SALE id=0 date=2025-03-31T09:07:00 profit=6626.079999999999
SALE id=1 date=2025-04-08T15:47:00 profit=1748.0

Product: SALESFORCE.COM INC COM
--- Transactions ---
BUY id=0 date=2022-03-02T15:30:00 qty=10.0 price=194.663
BUY id=1 date=2022-07-05T15:30:00 qty=7.0 price=161.9157142857143
BUY id=2 date=2022-11-28T15:30:00 qty=50.0 price=145.64260000000002
SELL id=0 date=2024-12-09T15:30:00 qty=10.0 price=341.706
  MATCH sell_id=0 buy_id=0 take=10.0 buy_price=194.663 sell_price=341.706 realized=1470.43
--- Matrix (rows=buys, cols=sells) ---
BUY 0 -> 10
BUY 1 -> 0
BUY 2 -> 0
--- Sale profits ---
SALE id=0 date=2024-12-09T15:30:00 profit=1470.43

Product: SHARES - NON TRADEABLE
--- Transactions ---
SELL id=0 date=NaT qty=nan price=0.0
--- Matrix (rows=buys, cols=sells) ---
--- Sale profits ---
SALE id=0 date=NaT profit=0.0

Product: SMITH(DS)
--- Transactions ---
BUY id=0 date=2019-06-14T15:54:00 qty=440.0 price=3.959295454545454
SELL id=0 date=2024-01-30T09:00:00 qty=440.0 price=3.4079545454545452
  MATCH sell_id=0 buy_id=0 take=440.0 buy_price=3.959295454545454 sell_price=3.4079545454545452 realized=-242.58999999999992
--- Matrix (rows=buys, cols=sells) ---
BUY 0 -> 440
--- Sale profits ---
SALE id=0 date=2024-01-30T09:00:00 profit=-242.58999999999992

Product: SYNCONA LIMITED
--- Transactions ---
BUY id=0 date=2022-02-24T17:35:00 qty=1000.0 price=2.0919899999999996
SELL id=0 date=2024-12-09T13:16:00 qty=1000.0 price=1.23227
  MATCH sell_id=0 buy_id=0 take=1000.0 buy_price=2.0919899999999996 sell_price=1.23227 realized=-859.7199999999996
--- Matrix (rows=buys, cols=sells) ---
BUY 0 -> 1000
--- Sale profits ---
SALE id=0 date=2024-12-09T13:16:00 profit=-859.7199999999996

Product: TWITTER INC
--- Transactions ---
BUY id=0 date=2022-02-07T08:00:00 qty=200.0 price=32.744499999999995
SELL id=0 date=2022-09-05T11:43:00 qty=160.0 price=38.695625
  MATCH sell_id=0 buy_id=0 take=160.0 buy_price=32.744499999999995 sell_price=38.695625 realized=952.1800000000007
SELL id=1 date=2022-11-02T07:01:00 qty=40.0 price=0.0
  MATCH sell_id=1 buy_id=0 take=40.0 buy_price=32.744499999999995 sell_price=0.0 realized=-1309.7799999999997
--- Matrix (rows=buys, cols=sells) ---
BUY 0 -> 160,40
--- Sale profits ---
SALE id=0 date=2022-09-05T11:43:00 profit=952.1800000000007
SALE id=1 date=2022-11-02T07:01:00 profit=-1309.7799999999997

Product: VIATRIS INC. - COMMON STOCK
--- Transactions ---
BUY id=0 date=2020-11-17T00:00:00 qty=1.0 price=0.0
--- Matrix (rows=buys, cols=sells) ---
BUY 0 -> 
--- Sale profits ---

Product: WISDOMTREE ETHEREUM
--- Transactions ---
BUY id=0 date=2022-07-04T09:04:00 qty=100.0 price=9.9575
BUY id=1 date=2022-07-05T10:34:00 qty=100.0 price=10.950999999999999
BUY id=2 date=2022-07-08T15:28:00 qty=44.0 price=11.802727272727275
--- Matrix (rows=buys, cols=sells) ---
BUY 0 -> 
BUY 1 -> 
BUY 2 -> 
--- Sale profits ---

Product: WT ISEQ20 ETF E
--- Transactions ---
BUY id=0 date=2017-12-21T13:10:00 qty=689.0 price=14.165732946298984
BUY id=1 date=2018-01-02T11:25:00 qty=665.0 price=14.255864661654135
BUY id=2 date=2018-01-02T11:29:00 qty=666.0 price=14.265855855855856
BUY id=3 date=2018-02-20T09:29:00 qty=710.0 price=13.671549295774646
BUY id=4 date=2018-04-03T09:00:00 qty=714.0 price=13.327464985994396
BUY id=5 date=2018-11-06T09:49:00 qty=600.0 price=12.592116666666668
BUY id=6 date=2020-06-05T11:41:00 qty=1.0 price=15.37
SELL id=0 date=2020-09-18T08:22:00 qty=4045.0 price=0.0
  MATCH sell_id=0 buy_id=0 take=689.0 buy_price=14.165732946298984 sell_price=0.0 realized=-9760.19
  MATCH sell_id=0 buy_id=1 take=665.0 buy_price=14.255864661654135 sell_price=0.0 realized=-9480.15
  MATCH sell_id=0 buy_id=2 take=666.0 buy_price=14.265855855855856 sell_price=0.0 realized=-9501.06
  MATCH sell_id=0 buy_id=3 take=710.0 buy_price=13.671549295774646 sell_price=0.0 realized=-9706.8
  MATCH sell_id=0 buy_id=4 take=714.0 buy_price=13.327464985994396 sell_price=0.0 realized=-9515.81
  MATCH sell_id=0 buy_id=5 take=600.0 buy_price=12.592116666666668 sell_price=0.0 realized=-7555.27
  MATCH sell_id=0 buy_id=6 take=1.0 buy_price=15.37 sell_price=0.0 realized=-15.37
--- Matrix (rows=buys, cols=sells) ---
BUY 0 -> 689
BUY 1 -> 665
BUY 2 -> 666
BUY 3 -> 710
BUY 4 -> 714
BUY 5 -> 600
BUY 6 -> 1
--- Sale profits ---
SALE id=0 date=2020-09-18T08:22:00 profit=-55534.65

