Product: ADR ON ALIBABA GROUP HOLDING
--- Transactions ---
BUY id=0 date=2021-11-22 qty=12.0 price=124.53333333333335
SELL id=0 date=2022-11-07 qty=12.0 price=68.88666666666667
  MATCH sell_id=0 buy_id=0 take=12.0 buy_price=124.53333333333335 sell_price=68.88666666666667 realized=-667.7600000000001
BUY id=1 date=2024-04-18 qty=10.0 price=65.19
--- Matrix (rows=buys, cols=sells) ---
BUY 0 -> 12
BUY 1 -> 0
--- Sale profits ---
SALE id=0 date=2022-11-07 profit=-667.7600000000001

Product: ADVANCED MICRO DEVICES INC
--- Transactions ---
BUY id=0 date=2025-03-06 qty=223.0 price=92.13748878923766
BUY id=1 date=2025-03-06 qty=23.0 price=92.7795652173913
BUY id=2 date=2025-03-06 qty=4.0 price=92.585
BUY id=3 date=2025-03-07 qty=6.0 price=90.37
BUY id=4 date=2025-04-04 qty=250.0 price=80.5156
SELL id=0 date=2025-04-04 qty=256.0 price=80.054765625
  MATCH sell_id=0 buy_id=0 take=223.0 buy_price=92.13748878923766 sell_price=80.054765625 realized=-2694.447265624999
  MATCH sell_id=0 buy_id=1 take=23.0 buy_price=92.7795652173913 sell_price=80.054765625 realized=-292.67039062499975
  MATCH sell_id=0 buy_id=2 take=4.0 buy_price=92.585 sell_price=80.054765625 realized=-50.12093749999997
  MATCH sell_id=0 buy_id=3 take=6.0 buy_price=90.37 sell_price=80.054765625 realized=-61.89140625000002
BUY id=5 date=2025-11-25 qty=70.0 price=170.65571428571428
BUY id=6 date=2025-11-25 qty=20.0 price=174.975
BUY id=7 date=2025-11-25 qty=50.0 price=180.578
--- Matrix (rows=buys, cols=sells) ---
BUY 0 -> 223
BUY 1 -> 23
BUY 2 -> 4
BUY 3 -> 6
BUY 4 -> 0
BUY 5 -> 0
BUY 6 -> 0
BUY 7 -> 0
--- Sale profits ---
SALE id=0 date=2025-04-04 profit=-3099.1299999999983

Product: ALSTRIA OFFICE REIT AG
--- Transactions ---
BUY id=0 date=2020-08-13 qty=75.0 price=12.899733333333334
SELL id=0 date=2020-11-16 qty=75.0 price=13.639866666666666
  MATCH sell_id=0 buy_id=0 take=75.0 buy_price=12.899733333333334 sell_price=13.639866666666666 realized=55.50999999999995
--- Matrix (rows=buys, cols=sells) ---
BUY 0 -> 75
--- Sale profits ---
SALE id=0 date=2020-11-16 profit=55.50999999999995

Product: AMAZON.COM INC
--- Transactions ---
BUY id=0 date=2023-01-18 qty=112.0 price=88.78482142857142
SELL id=0 date=2023-12-04 qty=112.0 price=133.16517857142858
  MATCH sell_id=0 buy_id=0 take=112.0 buy_price=88.78482142857142 sell_price=133.16517857142858 realized=4970.600000000002
BUY id=1 date=2023-12-05 qty=114.0 price=133.03421052631577
SELL id=1 date=2025-03-06 qty=114.0 price=185.0257894736842
  MATCH sell_id=1 buy_id=1 take=114.0 buy_price=133.03421052631577 sell_price=185.0257894736842 realized=5927.04
--- Matrix (rows=buys, cols=sells) ---
BUY 0 -> 112,0
BUY 1 -> 0,114
--- Sale profits ---
SALE id=0 date=2023-12-04 profit=4970.600000000002
SALE id=1 date=2025-03-06 profit=5927.04

Product: BANK OF IRELAND GROUP PLC
--- Transactions ---
BUY id=0 date=2020-02-10 qty=10.0 price=4.252000000000001
BUY id=1 date=2020-02-27 qty=37.0 price=3.5456756756756755
BUY id=2 date=2020-03-03 qty=353.0 price=3.203257790368272
BUY id=3 date=2020-03-11 qty=100.0 price=2.8533999999999997
BUY id=4 date=2020-03-25 qty=200.0 price=1.9489500000000002
BUY id=5 date=2020-08-13 qty=5.0 price=2.388
BUY id=6 date=2021-03-11 qty=30.0 price=3.9046666666666665
BUY id=7 date=2021-04-07 qty=765.0 price=4.220718954248366
SELL id=0 date=2025-04-02 qty=750.0 price=11.1
  MATCH sell_id=0 buy_id=0 take=10.0 buy_price=4.252000000000001 sell_price=11.1 realized=68.47999999999999
  MATCH sell_id=0 buy_id=1 take=37.0 buy_price=3.5456756756756755 sell_price=11.1 realized=279.51
  MATCH sell_id=0 buy_id=2 take=353.0 buy_price=3.203257790368272 sell_price=11.1 realized=2787.5499999999997
  MATCH sell_id=0 buy_id=3 take=100.0 buy_price=2.8533999999999997 sell_price=11.1 realized=824.6600000000001
  MATCH sell_id=0 buy_id=4 take=200.0 buy_price=1.9489500000000002 sell_price=11.1 realized=1830.21
  MATCH sell_id=0 buy_id=5 take=5.0 buy_price=2.388 sell_price=11.1 realized=43.56
  MATCH sell_id=0 buy_id=6 take=30.0 buy_price=3.9046666666666665 sell_price=11.1 realized=215.85999999999999
  MATCH sell_id=0 buy_id=7 take=15.0 buy_price=4.220718954248366 sell_price=11.1 realized=103.1892156862745
SELL id=1 date=2025-04-02 qty=750.0 price=11.096
  MATCH sell_id=1 buy_id=7 take=750.0 buy_price=4.220718954248366 sell_price=11.096 realized=5156.4607843137255
BUY id=8 date=2025-12-04 qty=500.0 price=15.931
--- Matrix (rows=buys, cols=sells) ---
BUY 0 -> 10,0
BUY 1 -> 37,0
BUY 2 -> 353,0
BUY 3 -> 100,0
BUY 4 -> 200,0
BUY 5 -> 5,0
BUY 6 -> 30,0
BUY 7 -> 15,750
BUY 8 -> 0,0
--- Sale profits ---
SALE id=0 date=2025-04-02 profit=6153.019215686274
SALE id=1 date=2025-04-02 profit=5156.4607843137255

Product: BEAZLEY PLC/UK
--- Transactions ---
BUY id=0 date=2020-11-16 qty=270.0 price=4.224407407407407
SELL id=0 date=2022-05-03 qty=270.0 price=5.165370370370371
  MATCH sell_id=0 buy_id=0 take=270.0 buy_price=4.224407407407407 sell_price=5.165370370370371 realized=254.06000000000037
--- Matrix (rows=buys, cols=sells) ---
BUY 0 -> 270
--- Sale profits ---
SALE id=0 date=2022-05-03 profit=254.06000000000037

Product: BOOST EURO STOXX BANKS 3X LEVERAGE DAILY
--- Transactions ---
BUY id=0 date=2021-02-09 qty=2400.0 price=3.0192375
BUY id=1 date=2021-03-03 qty=800.0 price=4.1332375
BUY id=2 date=2021-04-16 qty=800.0 price=4.17825
BUY id=3 date=2021-05-19 qty=945.0 price=5.294708994708995
BUY id=4 date=2021-06-15 qty=862.0 price=5.914095127610208
BUY id=5 date=2021-11-10 qty=2000.0 price=6.741020000000001
BUY id=6 date=2022-02-28 qty=200.0 price=4.4305
BUY id=7 date=2022-08-16 qty=7900.0 price=3.088316455696203
SELL id=0 date=2022-08-16 qty=7492.0 price=3.0619994660971703
  MATCH sell_id=0 buy_id=0 take=2400.0 buy_price=3.0192375 sell_price=3.0619994660971703 realized=102.62871863320875
  MATCH sell_id=0 buy_id=1 take=800.0 buy_price=4.1332375 sell_price=3.0619994660971703 realized=-856.9904271222637
  MATCH sell_id=0 buy_id=2 take=800.0 buy_price=4.17825 sell_price=3.0619994660971703 realized=-893.0004271222639
  MATCH sell_id=0 buy_id=3 take=945.0 buy_price=5.294708994708995 sell_price=3.0619994660971703 realized=-2109.9105045381743
  MATCH sell_id=0 buy_id=4 take=862.0 buy_price=5.914095127610208 sell_price=3.0619994660971703 realized=-2458.5064602242387
  MATCH sell_id=0 buy_id=5 take=1685.0 buy_price=6.741020000000001 sell_price=3.0619994660971703 realized=-6199.149599626269
SELL id=1 date=2022-08-16 qty=115.0 price=3.062
  MATCH sell_id=1 buy_id=5 take=115.0 buy_price=6.741020000000001 sell_price=3.062 realized=-423.0873000000001
SELL id=2 date=2022-08-16 qty=400.0 price=3.0557499999999997
  MATCH sell_id=2 buy_id=5 take=200.0 buy_price=6.741020000000001 sell_price=3.0557499999999997 realized=-737.0540000000002
  MATCH sell_id=2 buy_id=6 take=200.0 buy_price=4.4305 sell_price=3.0557499999999997 realized=-274.9500000000001
BUY id=8 date=2022-08-17 qty=100.0 price=3.0675
BUY id=9 date=2022-08-18 qty=295.0 price=2.9284745762711863
SELL id=3 date=2025-03-17 qty=2445.0 price=27.0
  MATCH sell_id=3 buy_id=7 take=2445.0 buy_price=3.088316455696203 sell_price=27.0 realized=58464.06626582279
SELL id=4 date=2025-03-17 qty=75.0 price=27.0
  MATCH sell_id=4 buy_id=7 take=75.0 buy_price=3.088316455696203 sell_price=27.0 realized=1793.376265822785
SELL id=5 date=2025-03-17 qty=75.0 price=27.0
  MATCH sell_id=5 buy_id=7 take=75.0 buy_price=3.088316455696203 sell_price=27.0 realized=1793.376265822785
SELL id=6 date=2025-03-17 qty=75.0 price=27.0
  MATCH sell_id=6 buy_id=7 take=75.0 buy_price=3.088316455696203 sell_price=27.0 realized=1793.376265822785
SELL id=7 date=2025-03-17 qty=75.0 price=27.0
  MATCH sell_id=7 buy_id=7 take=75.0 buy_price=3.088316455696203 sell_price=27.0 realized=1793.376265822785
SELL id=8 date=2025-03-17 qty=550.0 price=26.994545454545456
  MATCH sell_id=8 buy_id=7 take=550.0 buy_price=3.088316455696203 sell_price=26.994545454545456 realized=13148.42594936709
BUY id=10 date=2025-03-28 qty=1290.0 price=25.85
BUY id=11 date=2025-03-28 qty=110.0 price=25.85
BUY id=12 date=2025-03-28 qty=1100.0 price=25.847727272727273
SELL id=9 date=2025-04-02 qty=2500.0 price=24.7388
  MATCH sell_id=9 buy_id=7 take=2500.0 buy_price=3.088316455696203 sell_price=24.7388 realized=54126.2088607595
SELL id=10 date=2025-04-02 qty=2500.0 price=24.6588
  MATCH sell_id=10 buy_id=7 take=2105.0 buy_price=3.088316455696203 sell_price=24.6588 realized=45405.86786075949
  MATCH sell_id=10 buy_id=8 take=100.0 buy_price=3.0675 sell_price=24.6588 realized=2159.13
  MATCH sell_id=10 buy_id=9 take=295.0 buy_price=2.9284745762711863 sell_price=24.6588 realized=6410.446
BUY id=13 date=2025-04-04 qty=164.0 price=16.0
BUY id=14 date=2025-04-04 qty=140.0 price=16.0
BUY id=15 date=2025-04-04 qty=140.0 price=16.0
BUY id=16 date=2025-04-04 qty=140.0 price=16.0
BUY id=17 date=2025-04-04 qty=140.0 price=16.0
BUY id=18 date=2025-04-04 qty=140.0 price=16.0
BUY id=19 date=2025-04-04 qty=140.0 price=16.0
BUY id=20 date=2025-04-04 qty=140.0 price=16.0
BUY id=21 date=2025-04-04 qty=140.0 price=16.0
BUY id=22 date=2025-04-04 qty=140.0 price=16.0
BUY id=23 date=2025-04-04 qty=104.0 price=16.0
BUY id=24 date=2025-04-04 qty=104.0 price=16.0
BUY id=25 date=2025-04-04 qty=104.0 price=16.0
BUY id=26 date=2025-04-04 qty=104.0 price=16.0
BUY id=27 date=2025-04-04 qty=104.0 price=16.0
BUY id=28 date=2025-04-04 qty=139.0 price=16.0
BUY id=29 date=2025-04-04 qty=139.0 price=16.0
BUY id=30 date=2025-04-04 qty=139.0 price=16.0
BUY id=31 date=2025-04-04 qty=139.0 price=16.02158273381295
SELL id=11 date=2025-04-04 qty=1060.0 price=15.322
  MATCH sell_id=11 buy_id=10 take=1060.0 buy_price=25.85 sell_price=15.322 realized=-11159.680000000002
SELL id=12 date=2025-04-04 qty=1300.0 price=15.324
  MATCH sell_id=12 buy_id=10 take=230.0 buy_price=25.85 sell_price=15.324 realized=-2420.9800000000005
  MATCH sell_id=12 buy_id=11 take=110.0 buy_price=25.85 sell_price=15.324 realized=-1157.8600000000001
  MATCH sell_id=12 buy_id=12 take=960.0 buy_price=25.847727272727273 sell_price=15.324 realized=-10102.778181818181
SELL id=13 date=2025-04-04 qty=140.0 price=15.30257142857143
  MATCH sell_id=13 buy_id=12 take=140.0 buy_price=25.847727272727273 sell_price=15.30257142857143 realized=-1476.3218181818181
--- Matrix (rows=buys, cols=sells) ---
BUY 0 -> 2400,0,0,0,0,0,0,0,0,0,0,0,0,0
BUY 1 -> 800,0,0,0,0,0,0,0,0,0,0,0,0,0
BUY 2 -> 800,0,0,0,0,0,0,0,0,0,0,0,0,0
BUY 3 -> 945,0,0,0,0,0,0,0,0,0,0,0,0,0
BUY 4 -> 862,0,0,0,0,0,0,0,0,0,0,0,0,0
BUY 5 -> 1685,115,200,0,0,0,0,0,0,0,0,0,0,0
BUY 6 -> 0,0,200,0,0,0,0,0,0,0,0,0,0,0
BUY 7 -> 0,0,0,2445,75,75,75,75,550,2500,2105,0,0,0
BUY 8 -> 0,0,0,0,0,0,0,0,0,0,100,0,0,0
BUY 9 -> 0,0,0,0,0,0,0,0,0,0,295,0,0,0
BUY 10 -> 0,0,0,0,0,0,0,0,0,0,0,1060,230,0
BUY 11 -> 0,0,0,0,0,0,0,0,0,0,0,0,110,0
BUY 12 -> 0,0,0,0,0,0,0,0,0,0,0,0,960,140
BUY 13 -> 0,0,0,0,0,0,0,0,0,0,0,0,0,0
BUY 14 -> 0,0,0,0,0,0,0,0,0,0,0,0,0,0
BUY 15 -> 0,0,0,0,0,0,0,0,0,0,0,0,0,0
BUY 16 -> 0,0,0,0,0,0,0,0,0,0,0,0,0,0
BUY 17 -> 0,0,0,0,0,0,0,0,0,0,0,0,0,0
BUY 18 -> 0,0,0,0,0,0,0,0,0,0,0,0,0,0
BUY 19 -> 0,0,0,0,0,0,0,0,0,0,0,0,0,0
BUY 20 -> 0,0,0,0,0,0,0,0,0,0,0,0,0,0
BUY 21 -> 0,0,0,0,0,0,0,0,0,0,0,0,0,0
BUY 22 -> 0,0,0,0,0,0,0,0,0,0,0,0,0,0
BUY 23 -> 0,0,0,0,0,0,0,0,0,0,0,0,0,0
BUY 24 -> 0,0,0,0,0,0,0,0,0,0,0,0,0,0
BUY 25 -> 0,0,0,0,0,0,0,0,0,0,0,0,0,0
BUY 26 -> 0,0,0,0,0,0,0,0,0,0,0,0,0,0
BUY 27 -> 0,0,0,0,0,0,0,0,0,0,0,0,0,0
BUY 28 -> 0,0,0,0,0,0,0,0,0,0,0,0,0,0
BUY 29 -> 0,0,0,0,0,0,0,0,0,0,0,0,0,0
BUY 30 -> 0,0,0,0,0,0,0,0,0,0,0,0,0,0
BUY 31 -> 0,0,0,0,0,0,0,0,0,0,0,0,0,0
--- Sale profits ---
SALE id=0 date=2022-08-16 profit=-12414.9287
SALE id=1 date=2022-08-16 profit=-423.0873000000001
SALE id=2 date=2022-08-16 profit=-1012.0040000000004
SALE id=3 date=2025-03-17 profit=58464.06626582279
SALE id=4 date=2025-03-17 profit=1793.376265822785
SALE id=5 date=2025-03-17 profit=1793.376265822785
SALE id=6 date=2025-03-17 profit=1793.376265822785
SALE id=7 date=2025-03-17 profit=1793.376265822785
SALE id=8 date=2025-03-17 profit=13148.42594936709
SALE id=9 date=2025-04-02 profit=54126.2088607595
SALE id=10 date=2025-04-02 profit=53975.44386075949
SALE id=11 date=2025-04-04 profit=-11159.680000000002
SALE id=12 date=2025-04-04 profit=-13681.618181818181
SALE id=13 date=2025-04-04 profit=-1476.3218181818181

Product: BT GROUP
--- Transactions ---
BUY id=0 date=2022-10-03 qty=9.0 price=1.9977777777777779
BUY id=1 date=2022-10-13 qty=800.0 price=1.3642750000000001
BUY id=2 date=2022-11-08 qty=2191.0 price=1.3356458238247375
BUY id=3 date=2022-12-19 qty=2000.0 price=1.29892
BUY id=4 date=2023-08-07 qty=7500.0 price=1.3171413333333333
--- Matrix (rows=buys, cols=sells) ---
BUY 0 -> 
BUY 1 -> 
BUY 2 -> 
BUY 3 -> 
BUY 4 -> 
--- Sale profits ---

Product: FD TECHNOLOGIES PLC
--- Transactions ---
BUY id=0 date=2020-05-01 qty=13.0 price=28.485384615384614
BUY id=1 date=2020-06-02 qty=1.0 price=33.65
BUY id=2 date=2020-06-03 qty=186.0 price=31.051720430107526
SELL id=0 date=2022-11-08 qty=200.0 price=16.7952
  MATCH sell_id=0 buy_id=0 take=13.0 buy_price=28.485384615384614 sell_price=16.7952 realized=-151.97239999999996
  MATCH sell_id=0 buy_id=1 take=1.0 buy_price=33.65 sell_price=16.7952 realized=-16.854799999999997
  MATCH sell_id=0 buy_id=2 take=186.0 buy_price=31.051720430107526 sell_price=16.7952 realized=-2651.7128
--- Matrix (rows=buys, cols=sells) ---
BUY 0 -> 13
BUY 1 -> 1
BUY 2 -> 186
--- Sale profits ---
SALE id=0 date=2022-11-08 profit=-2820.54

Product: FLUTTER ENTERTAINMENT PLC
--- Transactions ---
BUY id=0 date=2023-03-20 qty=3.0 price=155.15
BUY id=1 date=2023-03-22 qty=12.0 price=163.82500000000002
BUY id=2 date=2023-06-01 qty=27.0 price=184.24444444444447
BUY id=3 date=2023-08-09 qty=18.0 price=167.60000000000002
BUY id=4 date=2023-08-09 qty=40.0 price=167.6975
SELL id=0 date=2023-12-04 qty=20.0 price=143.05
  MATCH sell_id=0 buy_id=0 take=3.0 buy_price=155.15 sell_price=143.05 realized=-36.29999999999998
  MATCH sell_id=0 buy_id=1 take=12.0 buy_price=163.82500000000002 sell_price=143.05 realized=-249.30000000000007
  MATCH sell_id=0 buy_id=2 take=5.0 buy_price=184.24444444444447 sell_price=143.05 realized=-205.97222222222229
SELL id=1 date=2023-12-04 qty=40.0 price=143.05
  MATCH sell_id=1 buy_id=2 take=22.0 buy_price=184.24444444444447 sell_price=143.05 realized=-906.277777777778
  MATCH sell_id=1 buy_id=3 take=18.0 buy_price=167.60000000000002 sell_price=143.05 realized=-441.9000000000002
SELL id=2 date=2023-12-04 qty=40.0 price=142.95250000000001
  MATCH sell_id=2 buy_id=4 take=40.0 buy_price=167.6975 sell_price=142.95250000000001 realized=-989.799999999999
BUY id=5 date=2023-12-07 qty=68.0 price=150.65735294117647
BUY id=6 date=2024-07-15 qty=68.0 price=0.0
SELL id=3 date=2024-07-15 qty=68.0 price=0.0
  MATCH sell_id=3 buy_id=5 take=68.0 buy_price=150.65735294117647 sell_price=0.0 realized=-10244.7
--- Matrix (rows=buys, cols=sells) ---
BUY 0 -> 3,0,0,0
BUY 1 -> 12,0,0,0
BUY 2 -> 5,22,0,0
BUY 3 -> 0,18,0,0
BUY 4 -> 0,0,40,0
BUY 5 -> 0,0,0,68
BUY 6 -> 0,0,0,0
--- Sale profits ---
SALE id=0 date=2023-12-04 profit=-491.5722222222223
SALE id=1 date=2023-12-04 profit=-1348.1777777777784
SALE id=2 date=2023-12-04 profit=-989.799999999999
SALE id=3 date=2024-07-15 profit=-10244.7

Product: GARTNER INC. COMMON S
--- Transactions ---
BUY id=0 date=2020-03-03 qty=1.0 price=116.96
BUY id=1 date=2025-06-06 qty=25.0 price=370.6328
BUY id=2 date=2025-06-06 qty=35.0 price=370.69
BUY id=3 date=2025-08-06 qty=60.0 price=212.98950000000002
SELL id=0 date=2025-08-06 qty=60.0 price=209.43033333333332
  MATCH sell_id=0 buy_id=0 take=1.0 buy_price=116.96 sell_price=209.43033333333332 realized=92.47033333333333
  MATCH sell_id=0 buy_id=1 take=25.0 buy_price=370.6328 sell_price=209.43033333333332 realized=-4030.0616666666665
  MATCH sell_id=0 buy_id=2 take=34.0 buy_price=370.69 sell_price=209.43033333333332 realized=-5482.828666666667
SELL id=1 date=2025-11-25 qty=51.0 price=199.2656862745098
  MATCH sell_id=1 buy_id=2 take=1.0 buy_price=370.69 sell_price=199.2656862745098 realized=-171.4243137254902
  MATCH sell_id=1 buy_id=3 take=50.0 buy_price=212.98950000000002 sell_price=199.2656862745098 realized=-686.1906862745116
SELL id=2 date=2025-11-25 qty=9.0 price=199.04333333333335
  MATCH sell_id=2 buy_id=3 take=9.0 buy_price=212.98950000000002 sell_price=199.04333333333335 realized=-125.51550000000003
--- Matrix (rows=buys, cols=sells) ---
BUY 0 -> 1,0,0
BUY 1 -> 25,0,0
BUY 2 -> 34,1,0
BUY 3 -> 0,50,9
--- Sale profits ---
SALE id=0 date=2025-08-06 profit=-9420.42
SALE id=1 date=2025-11-25 profit=-857.6150000000018
SALE id=2 date=2025-11-25 profit=-125.51550000000003

Product: HIBERNIA REIT PLC
--- Transactions ---
BUY id=0 date=2020-02-27 qty=500.0 price=1.27264
BUY id=1 date=2020-03-11 qty=124.0 price=1.150564516129032
BUY id=2 date=2020-03-11 qty=376.0 price=1.155904255319149
BUY id=3 date=2020-03-18 qty=299.0 price=0.8404347826086956
BUY id=4 date=2020-03-18 qty=7357.0 price=0.8404200081554982
BUY id=5 date=2020-03-18 qty=1865.0 price=0.8404182305630027
BUY id=6 date=2020-03-18 qty=349.0 price=0.8404297994269341
BUY id=7 date=2020-03-18 qty=2130.0 price=0.841356807511737
BUY id=8 date=2020-03-25 qty=4541.0 price=0.9034507817661307
BUY id=9 date=2020-03-25 qty=6459.0 price=0.9037621922898281
BUY id=10 date=2020-03-27 qty=37.0 price=0.9324324324324325
BUY id=11 date=2020-03-27 qty=1126.0 price=0.9314653641207815
BUY id=12 date=2020-03-27 qty=700.0 price=0.9304714285714286
BUY id=13 date=2020-03-27 qty=397.0 price=0.9294458438287154
BUY id=14 date=2020-03-27 qty=1125.0 price=0.9294666666666668
BUY id=15 date=2020-03-27 qty=5915.0 price=0.9294657650042265
BUY id=16 date=2020-03-27 qty=700.0 price=0.9323285714285714
BUY id=17 date=2020-04-07 qty=185.0 price=1.0585405405405406
BUY id=18 date=2020-04-07 qty=5600.0 price=1.0585285714285715
BUY id=19 date=2020-04-07 qty=2515.0 price=1.0565288270377733
BUY id=20 date=2020-04-07 qty=700.0 price=1.0593857142857144
SELL id=0 date=2022-06-30 qty=43000.0 price=0.0
  MATCH sell_id=0 buy_id=0 take=500.0 buy_price=1.27264 sell_price=0.0 realized=-636.32
  MATCH sell_id=0 buy_id=1 take=124.0 buy_price=1.150564516129032 sell_price=0.0 realized=-142.67
  MATCH sell_id=0 buy_id=2 take=376.0 buy_price=1.155904255319149 sell_price=0.0 realized=-434.62
  MATCH sell_id=0 buy_id=3 take=299.0 buy_price=0.8404347826086956 sell_price=0.0 realized=-251.29
  MATCH sell_id=0 buy_id=4 take=7357.0 buy_price=0.8404200081554982 sell_price=0.0 realized=-6182.97
  MATCH sell_id=0 buy_id=5 take=1865.0 buy_price=0.8404182305630027 sell_price=0.0 realized=-1567.38
  MATCH sell_id=0 buy_id=6 take=349.0 buy_price=0.8404297994269341 sell_price=0.0 realized=-293.31
  MATCH sell_id=0 buy_id=7 take=2130.0 buy_price=0.841356807511737 sell_price=0.0 realized=-1792.09
  MATCH sell_id=0 buy_id=8 take=4541.0 buy_price=0.9034507817661307 sell_price=0.0 realized=-4102.57
  MATCH sell_id=0 buy_id=9 take=6459.0 buy_price=0.9037621922898281 sell_price=0.0 realized=-5837.4
  MATCH sell_id=0 buy_id=10 take=37.0 buy_price=0.9324324324324325 sell_price=0.0 realized=-34.5
  MATCH sell_id=0 buy_id=11 take=1126.0 buy_price=0.9314653641207815 sell_price=0.0 realized=-1048.83
  MATCH sell_id=0 buy_id=12 take=700.0 buy_price=0.9304714285714286 sell_price=0.0 realized=-651.33
  MATCH sell_id=0 buy_id=13 take=397.0 buy_price=0.9294458438287154 sell_price=0.0 realized=-368.99
  MATCH sell_id=0 buy_id=14 take=1125.0 buy_price=0.9294666666666668 sell_price=0.0 realized=-1045.65
  MATCH sell_id=0 buy_id=15 take=5915.0 buy_price=0.9294657650042265 sell_price=0.0 realized=-5497.79
  MATCH sell_id=0 buy_id=16 take=700.0 buy_price=0.9323285714285714 sell_price=0.0 realized=-652.63
  MATCH sell_id=0 buy_id=17 take=185.0 buy_price=1.0585405405405406 sell_price=0.0 realized=-195.83
  MATCH sell_id=0 buy_id=18 take=5600.0 buy_price=1.0585285714285715 sell_price=0.0 realized=-5927.76
  MATCH sell_id=0 buy_id=19 take=2515.0 buy_price=1.0565288270377733 sell_price=0.0 realized=-2657.1699999999996
  MATCH sell_id=0 buy_id=20 take=700.0 buy_price=1.0593857142857144 sell_price=0.0 realized=-741.57
--- Matrix (rows=buys, cols=sells) ---
BUY 0 -> 500
BUY 1 -> 124
BUY 2 -> 376
BUY 3 -> 299
BUY 4 -> 7357
BUY 5 -> 1865
BUY 6 -> 349
BUY 7 -> 2130
BUY 8 -> 4541
BUY 9 -> 6459
BUY 10 -> 37
BUY 11 -> 1126
BUY 12 -> 700
BUY 13 -> 397
BUY 14 -> 1125
BUY 15 -> 5915
BUY 16 -> 700
BUY 17 -> 185
BUY 18 -> 5600
BUY 19 -> 2515
BUY 20 -> 700
--- Sale profits ---
SALE id=0 date=2022-06-30 profit=-40062.670000000006

Product: HYZON MOTORS INC
--- Transactions ---
BUY id=0 date=2021-11-05 qty=1000.0 price=4.97629
SELL id=0 date=2022-03-02 qty=131.0 price=4.919160305343511
  MATCH sell_id=0 buy_id=0 take=131.0 buy_price=4.97629 sell_price=4.919160305343511 realized=-7.483989999999999
SELL id=1 date=2022-11-07 qty=100.0 price=1.73
  MATCH sell_id=1 buy_id=0 take=100.0 buy_price=4.97629 sell_price=1.73 realized=-324.62899999999996
SELL id=2 date=2022-11-07 qty=100.0 price=1.73
  MATCH sell_id=2 buy_id=0 take=100.0 buy_price=4.97629 sell_price=1.73 realized=-324.62899999999996
SELL id=3 date=2022-11-07 qty=100.0 price=1.73
  MATCH sell_id=3 buy_id=0 take=100.0 buy_price=4.97629 sell_price=1.73 realized=-324.62899999999996
SELL id=4 date=2022-11-07 qty=100.0 price=1.73
  MATCH sell_id=4 buy_id=0 take=100.0 buy_price=4.97629 sell_price=1.73 realized=-324.62899999999996
SELL id=5 date=2022-11-07 qty=91.0 price=1.73
  MATCH sell_id=5 buy_id=0 take=91.0 buy_price=4.97629 sell_price=1.73 realized=-295.41238999999996
SELL id=6 date=2022-11-07 qty=100.0 price=1.73
  MATCH sell_id=6 buy_id=0 take=100.0 buy_price=4.97629 sell_price=1.73 realized=-324.62899999999996
SELL id=7 date=2022-11-07 qty=78.0 price=1.73
  MATCH sell_id=7 buy_id=0 take=78.0 buy_price=4.97629 sell_price=1.73 realized=-253.21061999999998
SELL id=8 date=2022-11-07 qty=200.0 price=1.725
  MATCH sell_id=8 buy_id=0 take=200.0 buy_price=4.97629 sell_price=1.725 realized=-650.2579999999999
--- Matrix (rows=buys, cols=sells) ---
BUY 0 -> 131,100,100,100,100,91,100,78,200
--- Sale profits ---
SALE id=0 date=2022-03-02 profit=-7.483989999999999
SALE id=1 date=2022-11-07 profit=-324.62899999999996
SALE id=2 date=2022-11-07 profit=-324.62899999999996
SALE id=3 date=2022-11-07 profit=-324.62899999999996
SALE id=4 date=2022-11-07 profit=-324.62899999999996
SALE id=5 date=2022-11-07 profit=-295.41238999999996
SALE id=6 date=2022-11-07 profit=-324.62899999999996
SALE id=7 date=2022-11-07 profit=-253.21061999999998
SALE id=8 date=2022-11-07 profit=-650.2579999999999

Product: INTEL CORP
--- Transactions ---
BUY id=0 date=2024-09-18 qty=90.0 price=18.943333333333335
BUY id=1 date=2024-11-29 qty=90.0 price=22.563333333333333
SELL id=0 date=2024-11-29 qty=90.0 price=22.461666666666666
  MATCH sell_id=0 buy_id=0 take=90.0 buy_price=18.943333333333335 sell_price=22.461666666666666 realized=316.64999999999975
BUY id=2 date=2024-12-04 qty=24.0 price=21.0975
SELL id=1 date=2025-03-06 qty=114.0 price=19.085789473684212
  MATCH sell_id=1 buy_id=1 take=90.0 buy_price=22.563333333333333 sell_price=19.085789473684212 realized=-312.97894736842085
  MATCH sell_id=1 buy_id=2 take=24.0 buy_price=21.0975 sell_price=19.085789473684212 realized=-48.281052631578916
--- Matrix (rows=buys, cols=sells) ---
BUY 0 -> 90,0
BUY 1 -> 0,90
BUY 2 -> 0,24
--- Sale profits ---
SALE id=0 date=2024-11-29 profit=316.64999999999975
SALE id=1 date=2025-03-06 profit=-361.25999999999976

Product: NETFLIX INC
--- Transactions ---
BUY id=0 date=2022-05-02 qty=4.0 price=181.475
BUY id=1 date=2022-05-03 qty=7.0 price=190.99714285714285
SELL id=0 date=2025-04-02 qty=11.0 price=866.8454545454545
  MATCH sell_id=0 buy_id=0 take=4.0 buy_price=181.475 sell_price=866.8454545454545 realized=2741.4818181818177
  MATCH sell_id=0 buy_id=1 take=7.0 buy_price=190.99714285714285 sell_price=866.8454545454545 realized=4730.938181818181
--- Matrix (rows=buys, cols=sells) ---
BUY 0 -> 4
BUY 1 -> 7
--- Sale profits ---
SALE id=0 date=2025-04-02 profit=7472.419999999998

Product: NETFLIX INC. - COMMON
--- Transactions ---
BUY id=0 date=2025-12-05 qty=15.0 price=84.88333333333334
--- Matrix (rows=buys, cols=sells) ---
BUY 0 -> 
--- Sale profits ---

Product: NOVO NORDISK A/S
--- Transactions ---
BUY id=0 date=2023-08-08 qty=60.0 price=172.965
BUY id=1 date=2023-09-13 qty=120.0 price=92.5
SELL id=0 date=2023-09-13 qty=60.0 price=185.0
  MATCH sell_id=0 buy_id=0 take=60.0 buy_price=172.965 sell_price=185.0 realized=722.0999999999998
BUY id=2 date=2025-04-04 qty=120.0 price=60.2825
SELL id=1 date=2025-04-04 qty=120.0 price=60.2175
  MATCH sell_id=1 buy_id=1 take=120.0 buy_price=92.5 sell_price=60.2175 realized=-3873.8999999999996
SELL id=2 date=2025-11-25 qty=120.0 price=38.6725
  MATCH sell_id=2 buy_id=2 take=120.0 buy_price=60.2825 sell_price=38.6725 realized=-2593.2
--- Matrix (rows=buys, cols=sells) ---
BUY 0 -> 60,0,0
BUY 1 -> 0,120,0
BUY 2 -> 0,0,120
--- Sale profits ---
SALE id=0 date=2023-09-13 profit=722.0999999999998
SALE id=1 date=2025-04-04 profit=-3873.8999999999996
SALE id=2 date=2025-11-25 profit=-2593.2

Product: PFIZER INC
--- Transactions ---
BUY id=0 date=2023-12-04 qty=150.0 price=27.176000000000002
BUY id=1 date=2023-12-05 qty=150.0 price=27.176000000000002
BUY id=2 date=2024-11-27 qty=300.0 price=24.543
SELL id=0 date=2024-11-27 qty=300.0 price=24.527
  MATCH sell_id=0 buy_id=0 take=150.0 buy_price=27.176000000000002 sell_price=24.527 realized=-397.35000000000014
  MATCH sell_id=0 buy_id=1 take=150.0 buy_price=27.176000000000002 sell_price=24.527 realized=-397.35000000000014
SELL id=1 date=2025-11-25 qty=300.0 price=21.887
  MATCH sell_id=1 buy_id=2 take=300.0 buy_price=24.543 sell_price=21.887 realized=-796.7999999999996
BUY id=3 date=2025-11-27 qty=300.0 price=22.148
--- Matrix (rows=buys, cols=sells) ---
BUY 0 -> 150,0
BUY 1 -> 150,0
BUY 2 -> 0,300
BUY 3 -> 0,0
--- Sale profits ---
SALE id=0 date=2024-11-27 profit=-794.7000000000003
SALE id=1 date=2025-11-25 profit=-796.7999999999996

Product: PFIZER INC. COMMON ST
--- Transactions ---
BUY id=0 date=2020-11-09 qty=48.0 price=33.22958333333333
BUY id=1 date=2020-11-09 qty=92.0 price=33.230760869565216
SELL id=0 date=2023-12-04 qty=140.0 price=26.91
  MATCH sell_id=0 buy_id=0 take=48.0 buy_price=33.22958333333333 sell_price=26.91 realized=-303.33999999999986
  MATCH sell_id=0 buy_id=1 take=92.0 buy_price=33.230760869565216 sell_price=26.91 realized=-581.5099999999999
--- Matrix (rows=buys, cols=sells) ---
BUY 0 -> 48
BUY 1 -> 92
--- Sale profits ---
SALE id=0 date=2023-12-04 profit=-884.8499999999997

Product: ROBINHOOD MARKETS INC
--- Transactions ---
BUY id=0 date=2021-08-05 qty=20.0 price=48.9935
SELL id=0 date=2022-08-19 qty=16.0 price=9.2775
  MATCH sell_id=0 buy_id=0 take=16.0 buy_price=48.9935 sell_price=9.2775 realized=-635.4559999999999
SELL id=1 date=2022-08-19 qty=4.0 price=9.1525
  MATCH sell_id=1 buy_id=0 take=4.0 buy_price=48.9935 sell_price=9.1525 realized=-159.36399999999998
--- Matrix (rows=buys, cols=sells) ---
BUY 0 -> 16,4
--- Sale profits ---
SALE id=0 date=2022-08-19 profit=-635.4559999999999
SALE id=1 date=2022-08-19 profit=-159.36399999999998

Product: RYANAIR HOLDINGS PLC
--- Transactions ---
BUY id=0 date=2024-04-19 qty=97.0 price=20.540206185567012
BUY id=1 date=2024-11-27 qty=100.0 price=18.254
SELL id=0 date=2024-11-27 qty=97.0 price=18.174845360824744
  MATCH sell_id=0 buy_id=0 take=97.0 buy_price=20.540206185567012 sell_price=18.174845360824744 realized=-229.44
--- Matrix (rows=buys, cols=sells) ---
BUY 0 -> 97
BUY 1 -> 0
--- Sale profits ---
SALE id=0 date=2024-11-27 profit=-229.44

Product: VIATRIS INC. - COMMON STOCK
--- Transactions ---
BUY id=0 date=2020-11-17 qty=17.0 price=0.0
--- Matrix (rows=buys, cols=sells) ---
BUY 0 -> 
--- Sale profits ---

Product: WISDOMTREE MANAGEMENT LTD.
--- Transactions ---
BUY id=0 date=2025-03-19 qty=550.0 price=26.965454545454545
SELL id=0 date=2025-11-27 qty=550.0 price=28.599545454545453
  MATCH sell_id=0 buy_id=0 take=550.0 buy_price=26.965454545454545 sell_price=28.599545454545453 realized=898.7499999999993
--- Matrix (rows=buys, cols=sells) ---
BUY 0 -> 550
--- Sale profits ---
SALE id=0 date=2025-11-27 profit=898.7499999999993

Product: WT ISEQ20 ETF E
--- Transactions ---
BUY id=0 date=2020-02-10 qty=3.0 price=15.219999999999999
BUY id=1 date=2020-02-27 qty=17.0 price=13.641764705882352
BUY id=2 date=2020-03-04 qty=280.0 price=13.311142857142856
BUY id=3 date=2020-03-11 qty=200.0 price=11.79355
BUY id=4 date=2020-03-27 qty=60.0 price=10.6105
BUY id=5 date=2020-06-05 qty=315.0 price=13.366349206349206
SELL id=0 date=2020-09-18 qty=875.0 price=0.0
  MATCH sell_id=0 buy_id=0 take=3.0 buy_price=15.219999999999999 sell_price=0.0 realized=-45.66
  MATCH sell_id=0 buy_id=1 take=17.0 buy_price=13.641764705882352 sell_price=0.0 realized=-231.90999999999997
  MATCH sell_id=0 buy_id=2 take=280.0 buy_price=13.311142857142856 sell_price=0.0 realized=-3727.12
  MATCH sell_id=0 buy_id=3 take=200.0 buy_price=11.79355 sell_price=0.0 realized=-2358.71
  MATCH sell_id=0 buy_id=4 take=60.0 buy_price=10.6105 sell_price=0.0 realized=-636.63
  MATCH sell_id=0 buy_id=5 take=315.0 buy_price=13.366349206349206 sell_price=0.0 realized=-4210.4
--- Matrix (rows=buys, cols=sells) ---
BUY 0 -> 3
BUY 1 -> 17
BUY 2 -> 280
BUY 3 -> 200
BUY 4 -> 60
BUY 5 -> 315
--- Sale profits ---
SALE id=0 date=2020-09-18 profit=-11210.43

